Component: ARM Compiler 5.05 update 1 (build 106) Tool: armlink [4d0efa]

==============================================================================

Section Cross References

    startup_stm32f407xx.o(RESET) refers to startup_stm32f407xx.o(STACK) for __initial_sp
    startup_stm32f407xx.o(RESET) refers to startup_stm32f407xx.o(.text) for Reset_Handler
    startup_stm32f407xx.o(RESET) refers to stm32f4xx_it.o(i.NMI_Handler) for NMI_Handler
    startup_stm32f407xx.o(RESET) refers to stm32f4xx_it.o(i.HardFault_Handler) for HardFault_Handler
    startup_stm32f407xx.o(RESET) refers to stm32f4xx_it.o(i.MemManage_Handler) for MemManage_Handler
    startup_stm32f407xx.o(RESET) refers to stm32f4xx_it.o(i.BusFault_Handler) for BusFault_Handler
    startup_stm32f407xx.o(RESET) refers to stm32f4xx_it.o(i.UsageFault_Handler) for UsageFault_Handler
    startup_stm32f407xx.o(RESET) refers to port.o(.emb_text) for SVC_Handler
    startup_stm32f407xx.o(RESET) refers to stm32f4xx_it.o(i.DebugMon_Handler) for DebugMon_Handler
    startup_stm32f407xx.o(RESET) refers to port.o(i.SysTick_Handler) for SysTick_Handler
    startup_stm32f407xx.o(RESET) refers to stm32f4xx_it.o(i.EXTI3_IRQHandler) for EXTI3_IRQHandler
    startup_stm32f407xx.o(RESET) refers to stm32f4xx_it.o(i.EXTI9_5_IRQHandler) for EXTI9_5_IRQHandler
    startup_stm32f407xx.o(RESET) refers to stm32f4xx_it.o(i.TIM4_IRQHandler) for TIM4_IRQHandler
    startup_stm32f407xx.o(RESET) refers to stm32f4xx_it.o(i.USART1_IRQHandler) for USART1_IRQHandler
    startup_stm32f407xx.o(RESET) refers to stm32f4xx_it.o(i.USART2_IRQHandler) for USART2_IRQHandler
    startup_stm32f407xx.o(RESET) refers to stm32f4xx_it.o(i.EXTI15_10_IRQHandler) for EXTI15_10_IRQHandler
    startup_stm32f407xx.o(.text) refers to system_stm32f4xx.o(i.SystemInit) for SystemInit
    startup_stm32f407xx.o(.text) refers to entry.o(.ARM.Collect$$$$00000000) for __main
    bsp_steper.o(i.steperCoordinateMajor) refers to f2d.o(.text) for __aeabi_f2d
    bsp_steper.o(i.steperCoordinateMajor) refers to dadd.o(.text) for __aeabi_dsub
    bsp_steper.o(i.steperCoordinateMajor) refers to cdcmple.o(.text) for __aeabi_cdcmple
    bsp_steper.o(i.steperCoordinateMajor) refers to cdrcmple.o(.text) for __aeabi_cdrcmple
    bsp_steper.o(i.steperCoordinateMajor) refers to d2f.o(.text) for __aeabi_d2f
    bsp_steper.o(i.steperCoordinateMajor) refers to bsp_steper.o(i.steperMove) for steperMove
    bsp_steper.o(i.steperCoordinateMajor) refers to bsp_steper.o(.data) for .data
    bsp_steper.o(i.steperCoordinateMajorX) refers to f2d.o(.text) for __aeabi_f2d
    bsp_steper.o(i.steperCoordinateMajorX) refers to dadd.o(.text) for __aeabi_dsub
    bsp_steper.o(i.steperCoordinateMajorX) refers to cdrcmple.o(.text) for __aeabi_cdrcmple
    bsp_steper.o(i.steperCoordinateMajorX) refers to d2f.o(.text) for __aeabi_d2f
    bsp_steper.o(i.steperCoordinateMajorX) refers to bsp_steper.o(i.steperMove) for steperMove
    bsp_steper.o(i.steperCoordinateMajorX) refers to bsp_steper.o(.data) for .data
    bsp_steper.o(i.steperCoordinateMajorY) refers to f2d.o(.text) for __aeabi_f2d
    bsp_steper.o(i.steperCoordinateMajorY) refers to dadd.o(.text) for __aeabi_dsub
    bsp_steper.o(i.steperCoordinateMajorY) refers to cdrcmple.o(.text) for __aeabi_cdrcmple
    bsp_steper.o(i.steperCoordinateMajorY) refers to d2f.o(.text) for __aeabi_d2f
    bsp_steper.o(i.steperCoordinateMajorY) refers to bsp_steper.o(i.steperMove) for steperMove
    bsp_steper.o(i.steperCoordinateMajorY) refers to bsp_steper.o(.data) for .data
    bsp_steper.o(i.steperCoordinateSecond) refers to f2d.o(.text) for __aeabi_f2d
    bsp_steper.o(i.steperCoordinateSecond) refers to dadd.o(.text) for __aeabi_drsub
    bsp_steper.o(i.steperCoordinateSecond) refers to cdcmple.o(.text) for __aeabi_cdcmple
    bsp_steper.o(i.steperCoordinateSecond) refers to cdrcmple.o(.text) for __aeabi_cdrcmple
    bsp_steper.o(i.steperCoordinateSecond) refers to d2f.o(.text) for __aeabi_d2f
    bsp_steper.o(i.steperCoordinateSecond) refers to bsp_steper.o(i.steperMove) for steperMove
    bsp_steper.o(i.steperCoordinateSecond) refers to bsp_steper.o(.data) for .data
    bsp_steper.o(i.steperMove) refers to dfltui.o(.text) for __aeabi_ui2d
    bsp_steper.o(i.steperMove) refers to ddiv.o(.text) for __aeabi_ddiv
    bsp_steper.o(i.steperMove) refers to dfixi.o(.text) for __aeabi_d2iz
    bsp_steper.o(i.steperMove) refers to bsp_steper.o(i.steperMove045mm) for steperMove045mm
    bsp_steper.o(i.steperMove) refers to dadd.o(.text) for __aeabi_drsub
    bsp_steper.o(i.steperMove) refers to bsp_steper.o(.data) for .data
    bsp_steper.o(i.steperMove045mm) refers to stm32f4xx_hal_gpio.o(i.HAL_GPIO_WritePin) for HAL_GPIO_WritePin
    bsp_steper.o(i.steperMove045mm) refers to delay.o(i.delay_us) for delay_us
    bsp_steper.o(i.steperMove045mm) refers to bsp_steper.o(.data) for .data
    bsp_steper.o(i.steperMovePul) refers to bsp_steper.o(i.steperMove045mm) for steperMove045mm
[...]
    ../Src/stm32f4xx_hal_timebase_tim.c      0x00000000   Number         0  stm32f4xx_hal_timebase_tim.o ABSOLUTE
    ../Src/stm32f4xx_it.c                    0x00000000   Number         0  stm32f4xx_it.o ABSOLUTE
    ../Src/system_stm32f4xx.c                0x00000000   Number         0  system_stm32f4xx.o ABSOLUTE
    ../clib/microlib/division.c              0x00000000   Number         0  uidiv.o ABSOLUTE
    ../clib/microlib/division.c              0x00000000   Number         0  uldiv.o ABSOLUTE
    ../clib/microlib/init/entry.s            0x00000000   Number         0  entry11b.o ABSOLUTE
    ../clib/microlib/init/entry.s            0x00000000   Number         0  entry11a.o ABSOLUTE
    ../clib/microlib/init/entry.s            0x00000000   Number         0  entry10b.o ABSOLUTE
    ../clib/microlib/init/entry.s            0x00000000   Number         0  entry10a.o ABSOLUTE
    ../clib/microlib/init/entry.s            0x00000000   Number         0  entry9a.o ABSOLUTE
    ../clib/microlib/init/entry.s            0x00000000   Number         0  entry8b.o ABSOLUTE
    ../clib/microlib/init/entry.s            0x00000000   Number         0  entry8a.o ABSOLUTE
    ../clib/microlib/init/entry.s            0x00000000   Number         0  entry7b.o ABSOLUTE
    ../clib/microlib/init/entry.s            0x00000000   Number         0  entry7a.o ABSOLUTE
    ../clib/microlib/init/entry.s            0x00000000   Number         0  entry5.o ABSOLUTE
    ../clib/microlib/init/entry.s            0x00000000   Number         0  entry9b.o ABSOLUTE
    ../clib/microlib/init/entry.s            0x00000000   Number         0  entry2.o ABSOLUTE
    ../clib/microlib/init/entry.s            0x00000000   Number         0  entry.o ABSOLUTE
    ../clib/microlib/longlong.c              0x00000000   Number         0  llsshr.o ABSOLUTE
    ../clib/microlib/longlong.c              0x00000000   Number         0  llushr.o ABSOLUTE
    ../clib/microlib/longlong.c              0x00000000   Number         0  llshl.o ABSOLUTE
    ../clib/microlib/printf/printf.c         0x00000000   Number         0  printf4.o ABSOLUTE
    ../clib/microlib/printf/printf.c         0x00000000   Number         0  printf3.o ABSOLUTE
    ../clib/microlib/printf/printf.c         0x00000000   Number         0  printf1.o ABSOLUTE
    ../clib/microlib/printf/printf.c         0x00000000   Number         0  printf0.o ABSOLUTE
    ../clib/microlib/printf/printf.c         0x00000000   Number         0  printf6.o ABSOLUTE
    ../clib/microlib/printf/printf.c         0x00000000   Number         0  printfb.o ABSOLUTE
    ../clib/microlib/printf/printf.c         0x00000000   Number         0  printf2.o ABSOLUTE
    ../clib/microlib/printf/printf.c         0x00000000   Number         0  printf7.o ABSOLUTE
    ../clib/microlib/printf/printf.c         0x00000000   Number         0  printf8.o ABSOLUTE
    ../clib/microlib/printf/printf.c         0x00000000   Number         0  printfa.o ABSOLUTE
    ../clib/microlib/printf/printf.c         0x00000000   Number         0  printf5.o ABSOLUTE
    ../clib/microlib/printf/stubs.s          0x00000000   Number         0  stubs.o ABSOLUTE
    ../clib/microlib/stdio/fputc.c           0x00000000   Number         0  fputc.o ABSOLUTE
    ../clib/microlib/stdio/semi.s            0x00000000   Number         0  semi.o ABSOLUTE
    ../clib/microlib/stdio/streams.c         0x00000000   Number         0  stdout.o ABSOLUTE
    ../clib/microlib/string/memcpy.c         0x00000000   Number         0  memcpyb.o ABSOLUTE
    ../clib/microlib/string/memcpy.c         0x00000000   Number         0  memcpya.o ABSOLUTE
    ../clib/microlib/string/memset.c         0x00000000   Number         0  memseta.o ABSOLUTE
    ../clib/microlib/string/memset.c         0x00000000   Number         0  memset.o ABSOLUTE
    ../clib/microlib/stubs.s                 0x00000000   Number         0  iusesemip.o ABSOLUTE
    ../clib/microlib/stubs.s                 0x00000000   Number         0  iusefp.o ABSOLUTE
    ../fplib/microlib/d2f.c                  0x00000000   Number         0  d2f.o ABSOLUTE
    ../fplib/microlib/f2d.c                  0x00000000   Number         0  f2d.o ABSOLUTE
    ../fplib/microlib/fpadd.c                0x00000000   Number         0  dadd.o ABSOLUTE
    ../fplib/microlib/fpdiv.c                0x00000000   Number         0  ddiv.o ABSOLUTE
    ../fplib/microlib/fpepilogue.c           0x00000000   Number         0  depilogue.o ABSOLUTE
    ../fplib/microlib/fpepilogue.c           0x00000000   Number         0  fepilogue.o ABSOLUTE
    ../fplib/microlib/fpfix.c                0x00000000   Number         0  dfixul.o ABSOLUTE
    ../fplib/microlib/fpfix.c                0x00000000   Number         0  dfixi.o ABSOLUTE
    ../fplib/microlib/fpflt.c                0x00000000   Number         0  dfltui.o ABSOLUTE
    ../fplib/microlib/fpmul.c                0x00000000   Number         0  dmul.o ABSOLUTE
    ../fplib/microlib/fpneg.c                0x00000000   Number         0  dneg.o ABSOLUTE
    ..\Drivers\Bsp\bsp_steper.c              0x00000000   Number         0  bsp_steper.o ABSOLUTE
    ..\Drivers\STM32F4xx_HAL_Driver\Src\stm32f4xx_hal.c 0x00000000   Number         0  stm32f4xx_hal.o ABSOLUTE
    ..\Drivers\STM32F4xx_HAL_Driver\Src\stm32f4xx_hal_cortex.c 0x00000000   Number         0  stm32f4xx_hal_cortex.o ABSOLUTE
    ..\Drivers\STM32F4xx_HAL_Driver\Src\stm32f4xx_hal_dma.c 0x00000000   Number         0  stm32f4xx_hal_dma.o ABSOLUTE
    ..\Drivers\STM32F4xx_HAL_Driver\Src\stm32f4xx_hal_dma_ex.c 0x00000000   Number         0  stm32f4xx_hal_dma_ex.o ABSOLUTE
    ..\Drivers\STM32F4xx_HAL_Driver\Src\stm32f4xx_hal_exti.c 0x00000000   Number         0  stm32f4xx_hal_exti.o ABSOLUTE
    ..\Drivers\STM32F4xx_HAL_Driver\Src\stm32f4xx_hal_flash.c 0x00000000   Number         0  stm32f4xx_hal_flash.o ABSOLUTE
    ..\Drivers\STM32F4xx_HAL_Driver\Src\stm32f4xx_hal_flash_ex.c 0x00000000   Number         0  stm32f4xx_hal_flash_ex.o ABSOLUTE
    ..\Drivers\STM32F4xx_HAL_Driver\Src\stm32f4xx_hal_flash_ramfunc.c 0x00000000   Number         0  stm32f4xx_hal_flash_ramfunc.o ABSOLUTE
    ..\Drivers\STM32F4xx_HAL_Driver\Src\stm32f4xx_hal_gpio.c 0x00000000   Number         0  stm32f4xx_hal_gpio.o ABSOLUTE
    ..\Drivers\STM32F4xx_HAL_Driver\Src\stm32f4xx_hal_pwr.c 0x00000000   Number         0  stm32f4xx_hal_pwr.o ABSOLUTE
    ..\Drivers\STM32F4xx_HAL_Driver\Src\stm32f4xx_hal_pwr_ex.c 0x00000000   Number         0  stm32f4xx_hal_pwr_ex.o ABSOLUTE
    ..\Drivers\STM32F4xx_HAL_Driver\Src\stm32f4xx_hal_rcc.c 0x00000000   Number         0  stm32f4xx_hal_rcc.o ABSOLUTE
    ..\Drivers\STM32F4xx_HAL_Driver\Src\stm32f4xx_hal_rcc_ex.c 0x00000000   Number         0  stm32f4xx_hal_rcc_ex.o ABSOLUTE
    ..\Drivers\STM32F4xx_HAL_Driver\Src\stm32f4xx_hal_tim.c 0x00000000   Number         0  stm32f4xx_hal_tim.o ABSOLUTE
    ..\Drivers\STM32F4xx_HAL_Driver\Src\stm32f4xx_hal_tim_ex.c 0x00000000   Number         0  stm32f4xx_hal_tim_ex.o ABSOLUTE
    ..\Drivers\STM32F4xx_HAL_Driver\Src\stm32f4xx_hal_uart.c 0x00000000   Number         0  stm32f4xx_hal_uart.o ABSOLUTE
    ..\Middlewares\Third_Party\FreeRTOS\Source\CMSIS_RTOS\cmsis_os.c 0x00000000   Number         0  cmsis_os.o ABSOLUTE
    ..\Middlewares\Third_Party\FreeRTOS\Source\portable\RVDS\ARM_CM4F\port.c 0x00000000   Number         0  port.o ABSOLUTE
    ..\SYSTEM\delay\delay.c                  0x00000000   Number         0  delay.o ABSOLUTE
    ..\Src\freertos.c                        0x00000000   Number         0  freertos.o ABSOLUTE
    ..\Src\main.c                            0x00000000   Number         0  main.o ABSOLUTE
    ..\Src\stm32f4xx_hal_msp.c               0x00000000   Number         0  stm32f4xx_hal_msp.o ABSOLUTE
    ..\Src\stm32f4xx_hal_timebase_tim.c      0x00000000   Number         0  stm32f4xx_hal_timebase_tim.o ABSOLUTE
    ..\Src\stm32f4xx_it.c                    0x00000000   Number         0  stm32f4xx_it.o ABSOLUTE
    ..\Src\system_stm32f4xx.c                0x00000000   Number         0  system_stm32f4xx.o ABSOLUTE
    ..\\Drivers\\Bsp\\bsp_steper.c           0x00000000   Number         0  bsp_steper.o ABSOLUTE
    ..\\SYSTEM\\delay\\delay.c               0x00000000   Number         0  delay.o ABSOLUTE
    cdcmple.s                                0x00000000   Number         0  cdcmple.o ABSOLUTE
    cdrcmple.s                               0x00000000   Number         0  cdrcmple.o ABSOLUTE
    dc.s                                     0x00000000   Number         0  dc.o ABSOLUTE
    handlers.s                               0x00000000   Number         0  handlers.o ABSOLUTE
    init.s                                   0x00000000   Number         0  init.o ABSOLUTE
    startup_stm32f407xx.s                    0x00000000   Number         0  startup_stm32f407xx.o ABSOLUTE
    RESET                                    0x08000000   Section      392  startup_stm32f407xx.o(RESET)
    .ARM.Collect$$$$00000000                 0x08000188   Section        0  entry.o(.ARM.Collect$$$$00000000)
    .ARM.Collect$$$$00000001                 0x08000188   Section        4  entry2.o(.ARM.Collect$$$$00000001)
    .ARM.Collect$$$$00000004                 0x0800018c   Section        4  entry5.o(.ARM.Collect$$$$00000004)
    .ARM.Collect$$$$00000008                 0x08000190   Section        0  entry7b.o(.ARM.Collect$$$$00000008)
    .ARM.Collect$$$$0000000A                 0x08000190   Section        0  entry8b.o(.ARM.Collect$$$$0000000A)
    .ARM.Collect$$$$0000000B                 0x08000190   Section        8  entry9a.o(.ARM.Collect$$$$0000000B)
    .ARM.Collect$$$$0000000D                 0x08000198   Section        0  entry10a.o(.ARM.Collect$$$$0000000D)
    .ARM.Collect$$$$0000000F                 0x08000198   Section        0  entry11a.o(.ARM.Collect$$$$0000000F)
    .ARM.Collect$$$$00002712                 0x08000198   Section        4  entry2.o(.ARM.Collect$$$$00002712)
    __lit__00000000                          0x08000198   Data           4  entry2.o(.ARM.Collect$$$$00002712)
    .emb_text                                0x0800019c   Section      190  port.o(.emb_text)
    $v0                                      0x0800019c   Number         0  port.o(.emb_text)
    .text                                    0x0800025c   Section       36  startup_stm32f407xx.o(.text)
    $v0                                      0x0800025c   Number         0  startup_stm32f407xx.o(.text)
    .text                                    0x08000280   Section        0  uldiv.o(.text)
    .text                                    0x080002e2   Section        0  memcpya.o(.text)
    .text                                    0x08000306   Section        0  memseta.o(.text)
    .text                                    0x0800032a   Section        0  dadd.o(.text)
    .text                                    0x08000478   Section        0  dmul.o(.text)
    .text                                    0x0800055c   Section        0  ddiv.o(.text)
    .text                                    0x0800063a   Section        0  dfltui.o(.text)
    .text                                    0x08000654   Section        0  dfixi.o(.text)
    .text                                    0x08000692   Section        0  f2d.o(.text)
    .text                                    0x080006b8   Section       48  cdcmple.o(.text)
    .text                                    0x080006e8   Section       48  cdrcmple.o(.text)
    .text                                    0x08000718   Section        0  d2f.o(.text)
    .text                                    0x08000750   Section        0  uidiv.o(.text)
    .text                                    0x0800077c   Section        0  llshl.o(.text)
    .text                                    0x0800079a   Section        0  llushr.o(.text)
    .text                                    0x080007ba   Section        0  llsshr.o(.text)
    .text                                    0x080007de   Section        0  fepilogue.o(.text)
    .text                                    0x080007de   Section        0  iusefp.o(.text)
    .text                                    0x0800084c   Section        0  depilogue.o(.text)
    .text                                    0x08000906   Section        0  dfixul.o(.text)
    .text                                    0x08000938   Section       36  init.o(.text)
    i.BusFault_Handler                       0x0800095c   Section        0  stm32f4xx_it.o(i.BusFault_Handler)
    i.DebugMon_Handler                       0x0800095e   Section        0  stm32f4xx_it.o(i.DebugMon_Handler)
    i.EXTI15_10_IRQHandler                   0x08000960   Section        0  stm32f4xx_it.o(i.EXTI15_10_IRQHandler)
    i.EXTI3_IRQHandler                       0x08000968   Section        0  stm32f4xx_it.o(i.EXTI3_IRQHandler)
    i.EXTI9_5_IRQHandler                     0x0800096e   Section        0  stm32f4xx_it.o(i.EXTI9_5_IRQHandler)
    i.HAL_DMA_Abort_IT                       0x08000980   Section        0  stm32f4xx_hal_dma.o(i.HAL_DMA_Abort_IT)
    i.HAL_GPIO_EXTI_Callback                 0x080009a4   Section        0  stm32f4xx_it.o(i.HAL_GPIO_EXTI_Callback)
    i.HAL_GPIO_EXTI_IRQHandler               0x080009d4   Section        0  stm32f4xx_hal_gpio.o(i.HAL_GPIO_EXTI_IRQHandler)
    i.HAL_GPIO_Init                          0x080009ec   Section        0  stm32f4xx_hal_gpio.o(i.HAL_GPIO_Init)
    i.HAL_GPIO_WritePin                      0x08000ba4   Section        0  stm32f4xx_hal_gpio.o(i.HAL_GPIO_WritePin)
    i.HAL_GetTick                            0x08000bb0   Section        0  stm32f4xx_hal.o(i.HAL_GetTick)
    i.HAL_IncTick                            0x08000bbc   Section        0  stm32f4xx_hal.o(i.HAL_IncTick)
    i.HAL_Init                               0x08000bcc   Section        0  stm32f4xx_hal.o(i.HAL_Init)
    i.HAL_InitTick                           0x08000c00   Section        0  stm32f4xx_hal_timebase_tim.o(i.HAL_InitTick)
    i.HAL_MspInit                            0x08000c74   Section        0  stm32f4xx_hal_msp.o(i.HAL_MspInit)
    i.HAL_NVIC_DisableIRQ                    0x08000cac   Section        0  stm32f4xx_hal_cortex.o(i.HAL_NVIC_DisableIRQ)
    i.HAL_NVIC_EnableIRQ                     0x08000cce   Section        0  stm32f4xx_hal_cortex.o(i.HAL_NVIC_EnableIRQ)
    i.HAL_NVIC_SetPriority                   0x08000ce8   Section        0  stm32f4xx_hal_cortex.o(i.HAL_NVIC_SetPriority)
    i.HAL_NVIC_SetPriorityGrouping           0x08000d28   Section        0  stm32f4xx_hal_cortex.o(i.HAL_NVIC_SetPriorityGrouping)
    i.HAL_RCC_ClockConfig                    0x08000d4c   Section        0  stm32f4xx_hal_rcc.o(i.HAL_RCC_ClockConfig)
    i.HAL_RCC_GetClockConfig                 0x08000e80   Section        0  stm32f4xx_hal_rcc.o(i.HAL_RCC_GetClockConfig)
    i.HAL_RCC_GetPCLK1Freq                   0x08000ec0   Section        0  stm32f4xx_hal_rcc.o(i.HAL_RCC_GetPCLK1Freq)
    i.HAL_RCC_GetPCLK2Freq                   0x08000ee0   Section        0  stm32f4xx_hal_rcc.o(i.HAL_RCC_GetPCLK2Freq)
    i.HAL_RCC_GetSysClockFreq                0x08000f00   Section        0  stm32f4xx_hal_rcc.o(i.HAL_RCC_GetSysClockFreq)
    i.HAL_RCC_OscConfig                      0x08000f64   Section        0  stm32f4xx_hal_rcc.o(i.HAL_RCC_OscConfig)
    i.HAL_SYSTICK_CLKSourceConfig            0x080012c0   Section        0  stm32f4xx_hal_cortex.o(i.HAL_SYSTICK_CLKSourceConfig)
    i.HAL_TIMEx_BreakCallback                0x080012d8   Section        0  stm32f4xx_hal_tim_ex.o(i.HAL_TIMEx_BreakCallback)
    i.HAL_TIMEx_CommutCallback               0x080012da   Section        0  stm32f4xx_hal_tim_ex.o(i.HAL_TIMEx_CommutCallback)
    i.HAL_TIM_Base_Init                      0x080012dc   Section        0  stm32f4xx_hal_tim.o(i.HAL_TIM_Base_Init)
    i.HAL_TIM_Base_MspInit                   0x08001312   Section        0  stm32f4xx_hal_tim.o(i.HAL_TIM_Base_MspInit)
    i.HAL_TIM_Base_Start_IT                  0x08001314   Section        0  stm32f4xx_hal_tim.o(i.HAL_TIM_Base_Start_IT)
    i.HAL_TIM_IC_CaptureCallback             0x08001336   Section        0  stm32f4xx_hal_tim.o(i.HAL_TIM_IC_CaptureCallback)
    i.HAL_TIM_IRQHandler                     0x08001338   Section        0  stm32f4xx_hal_tim.o(i.HAL_TIM_IRQHandler)
    i.HAL_TIM_OC_DelayElapsedCallback        0x0800149e   Section        0  stm32f4xx_hal_tim.o(i.HAL_TIM_OC_DelayElapsedCallback)
    i.HAL_TIM_PWM_PulseFinishedCallback      0x080014a0   Section        0  stm32f4xx_hal_tim.o(i.HAL_TIM_PWM_PulseFinishedCallback)
    i.HAL_TIM_PeriodElapsedCallback          0x080014a4   Section        0  main.o(i.HAL_TIM_PeriodElapsedCallback)
    i.HAL_TIM_TriggerCallback                0x080014b8   Section        0  stm32f4xx_hal_tim.o(i.HAL_TIM_TriggerCallback)
    i.HAL_UART_ErrorCallback                 0x080014ba   Section        0  stm32f4xx_hal_uart.o(i.HAL_UART_ErrorCallback)
    i.HAL_UART_IRQHandler                    0x080014bc   Section        0  stm32f4xx_hal_uart.o(i.HAL_UART_IRQHandler)
    i.HAL_UART_Init                          0x080015d0   Section        0  stm32f4xx_hal_uart.o(i.HAL_UART_Init)
    i.HAL_UART_MspInit                       0x08001634   Section        0  stm32f4xx_hal_msp.o(i.HAL_UART_MspInit)
    i.HAL_UART_Receive_IT                    0x08001700   Section        0  stm32f4xx_hal_uart.o(i.HAL_UART_Receive_IT)
    i.HAL_UART_RxCpltCallback                0x08001754   Section        0  stm32f4xx_it.o(i.HAL_UART_RxCpltCallback)
    i.HAL_UART_Transmit_IT                   0x080017ac   Section        0  stm32f4xx_hal_uart.o(i.HAL_UART_Transmit_IT)
    i.HAL_UART_TxCpltCallback                0x080017ea   Section        0  stm32f4xx_hal_uart.o(i.HAL_UART_TxCpltCallback)
    i.HardFault_Handler                      0x080017ec   Section        0  stm32f4xx_it.o(i.HardFault_Handler)
    i.LimitTask                              0x080017ee   Section        0  main.o(i.LimitTask)
    i.MX_GPIO_Init                           0x080017f8   Section        0  main.o(i.MX_GPIO_Init)
    MX_GPIO_Init                             0x080017f9   Thumb Code   512  main.o(i.MX_GPIO_Init)
    i.MemManage_Handler                      0x08001a20   Section        0  stm32f4xx_it.o(i.MemManage_Handler)
    i.NMI_Handler                            0x08001a22   Section        0  stm32f4xx_it.o(i.NMI_Handler)
    i.StartDefaultTask                       0x08001a24   Section        0  main.o(i.StartDefaultTask)
    i.StepmoveTask                           0x08001ae4   Section        0  main.o(i.StepmoveTask)
    i.SysTick_Handler                        0x08001c1c   Section        0  port.o(i.SysTick_Handler)
    i.SystemClock_Config                     0x08001c48   Section        0  main.o(i.SystemClock_Config)
    i.SystemInit                             0x08001ccc   Section        0  system_stm32f4xx.o(i.SystemInit)
    i.TIM4_IRQHandler                        0x08001ce8   Section        0  stm32f4xx_it.o(i.TIM4_IRQHandler)
    i.TIM_Base_SetConfig                     0x08001cf4   Section        0  stm32f4xx_hal_tim.o(i.TIM_Base_SetConfig)
    i.UART_DMAAbortOnError                   0x08001dbc   Section        0  stm32f4xx_hal_uart.o(i.UART_DMAAbortOnError)
    UART_DMAAbortOnError                     0x08001dbd   Thumb Code    16  stm32f4xx_hal_uart.o(i.UART_DMAAbortOnError)
    i.UART_EndRxTransfer                     0x08001dcc   Section        0  stm32f4xx_hal_uart.o(i.UART_EndRxTransfer)
    UART_EndRxTransfer                       0x08001dcd   Thumb Code    28  stm32f4xx_hal_uart.o(i.UART_EndRxTransfer)
    i.UART_Receive_IT                        0x08001de8   Section        0  stm32f4xx_hal_uart.o(i.UART_Receive_IT)
    UART_Receive_IT                          0x08001de9   Thumb Code   150  stm32f4xx_hal_uart.o(i.UART_Receive_IT)
    i.UART_SetConfig                         0x08001e80   Section        0  stm32f4xx_hal_uart.o(i.UART_SetConfig)
    UART_SetConfig                           0x08001e81   Thumb Code   286  stm32f4xx_hal_uart.o(i.UART_SetConfig)
    i.UART_Transmit_IT                       0x08001fa8   Section        0  stm32f4xx_hal_uart.o(i.UART_Transmit_IT)
    UART_Transmit_IT                         0x08001fa9   Thumb Code    98  stm32f4xx_hal_uart.o(i.UART_Transmit_IT)
    i.USART1_IRQHandler                      0x0800200c   Section        0  stm32f4xx_it.o(i.USART1_IRQHandler)
    i.USART2_IRQHandler                      0x0800202c   Section        0  stm32f4xx_it.o(i.USART2_IRQHandler)
    i.UsageFault_Handler                     0x08002038   Section        0  stm32f4xx_it.o(i.UsageFault_Handler)
    i.__0sprintf                             0x0800203c   Section        0  printfa.o(i.__0sprintf)
    i.__NVIC_SetPriority                     0x08002064   Section        0  stm32f4xx_hal_cortex.o(i.__NVIC_SetPriority)
    __NVIC_SetPriority                       0x08002065   Thumb Code    32  stm32f4xx_hal_cortex.o(i.__NVIC_SetPriority)
    i.__scatterload_copy                     0x08002084   Section       14  handlers.o(i.__scatterload_copy)
    i.__scatterload_null                     0x08002092   Section        2  handlers.o(i.__scatterload_null)
    i.__scatterload_zeroinit                 0x08002094   Section       14  handlers.o(i.__scatterload_zeroinit)
    i._fp_digits                             0x080020a4   Section        0  printfa.o(i._fp_digits)
    _fp_digits                               0x080020a5   Thumb Code   334  printfa.o(i._fp_digits)
    i._printf_core                           0x08002208   Section        0  printfa.o(i._printf_core)
    _printf_core                             0x08002209   Thumb Code  1744  printfa.o(i._printf_core)
    i._printf_post_padding                   0x080028e4   Section        0  printfa.o(i._printf_post_padding)
    _printf_post_padding                     0x080028e5   Thumb Code    36  printfa.o(i._printf_post_padding)
    i._printf_pre_padding                    0x08002908   Section        0  printfa.o(i._printf_pre_padding)
    _printf_pre_padding                      0x08002909   Thumb Code    46  printfa.o(i._printf_pre_padding)
    i._sputc                                 0x08002936   Section        0  printfa.o(i._sputc)
    _sputc                                   0x08002937   Thumb Code    10  printfa.o(i._sputc)
    i.delay_init                             0x08002940   Section        0  delay.o(i.delay_init)
    i.delay_us                               0x08002954   Section        0  delay.o(i.delay_us)
    i.main                                   0x08002988   Section        0  main.o(i.main)
    i.makeFreeRtosPriority                   0x08002a50   Section        0  cmsis_os.o(i.makeFreeRtosPriority)
    makeFreeRtosPriority                     0x08002a51   Thumb Code    12  cmsis_os.o(i.makeFreeRtosPriority)
    i.osDelay                                0x08002a5c   Section        0  cmsis_os.o(i.osDelay)
    i.osKernelStart                          0x08002a6a   Section        0  cmsis_os.o(i.osKernelStart)
    i.osSemaphoreCreate                      0x08002a74   Section        0  cmsis_os.o(i.osSemaphoreCreate)
    i.osThreadCreate                         0x08002ab2   Section        0  cmsis_os.o(i.osThreadCreate)
    i.prvAddCurrentTaskToDelayedList         0x08002b08   Section        0  tasks.o(i.prvAddCurrentTaskToDelayedList)
    prvAddCurrentTaskToDelayedList           0x08002b09   Thumb Code   102  tasks.o(i.prvAddCurrentTaskToDelayedList)
    i.prvAddNewTaskToReadyList               0x08002b78   Section        0  tasks.o(i.prvAddNewTaskToReadyList)
    prvAddNewTaskToReadyList                 0x08002b79   Thumb Code   194  tasks.o(i.prvAddNewTaskToReadyList)
    i.prvCopyDataToQueue                     0x08002c48   Section        0  queue.o(i.prvCopyDataToQueue)
    prvCopyDataToQueue                       0x08002c49   Thumb Code   108  queue.o(i.prvCopyDataToQueue)
    i.prvDeleteTCB                           0x08002cb4   Section        0  tasks.o(i.prvDeleteTCB)
    prvDeleteTCB                             0x08002cb5   Thumb Code    52  tasks.o(i.prvDeleteTCB)
    i.prvHeapInit                            0x08002ce8   Section        0  heap_4.o(i.prvHeapInit)
    prvHeapInit                              0x08002ce9   Thumb Code    66  heap_4.o(i.prvHeapInit)
    i.prvIdleTask                            0x08002d34   Section        0  tasks.o(i.prvIdleTask)
    prvIdleTask                              0x08002d35   Thumb Code    82  tasks.o(i.prvIdleTask)
    i.prvInitialiseNewQueue                  0x08002d94   Section        0  queue.o(i.prvInitialiseNewQueue)
    prvInitialiseNewQueue                    0x08002d95   Thumb Code    22  queue.o(i.prvInitialiseNewQueue)
    i.prvInitialiseNewTask                   0x08002daa   Section        0  tasks.o(i.prvInitialiseNewTask)
    prvInitialiseNewTask                     0x08002dab   Thumb Code   152  tasks.o(i.prvInitialiseNewTask)
    i.prvInsertBlockIntoFreeList             0x08002e44   Section        0  heap_4.o(i.prvInsertBlockIntoFreeList)
    prvInsertBlockIntoFreeList               0x08002e45   Thumb Code    72  heap_4.o(i.prvInsertBlockIntoFreeList)
    i.prvIsQueueEmpty                        0x08002e90   Section        0  queue.o(i.prvIsQueueEmpty)
    prvIsQueueEmpty                          0x08002e91   Thumb Code    28  queue.o(i.prvIsQueueEmpty)
    i.prvResetNextTaskUnblockTime            0x08002eac   Section        0  tasks.o(i.prvResetNextTaskUnblockTime)
    prvResetNextTaskUnblockTime              0x08002ead   Thumb Code    26  tasks.o(i.prvResetNextTaskUnblockTime)
    i.prvTaskExitError                       0x08002ecc   Section        0  port.o(i.prvTaskExitError)
    prvTaskExitError                         0x08002ecd   Thumb Code    36  port.o(i.prvTaskExitError)
    i.prvUnlockQueue                         0x08002ef4   Section        0  queue.o(i.prvUnlockQueue)
    prvUnlockQueue                           0x08002ef5   Thumb Code   106  queue.o(i.prvUnlockQueue)
    i.pvPortMalloc                           0x08002f60   Section        0  heap_4.o(i.pvPortMalloc)
    i.pvTaskIncrementMutexHeldCount          0x08003038   Section        0  tasks.o(i.pvTaskIncrementMutexHeldCount)
    i.pxPortInitialiseStack                  0x08003050   Section        0  port.o(i.pxPortInitialiseStack)
    i.returnOrigin                           0x0800307c   Section        0  main.o(i.returnOrigin)
    i.steperCoordinateMajor                  0x080031a4   Section        0  bsp_steper.o(i.steperCoordinateMajor)
    i.steperCoordinateSecond                 0x08003290   Section        0  bsp_steper.o(i.steperCoordinateSecond)
    i.steperMove                             0x080033a4   Section        0  bsp_steper.o(i.steperMove)
    i.steperMove045mm                        0x08003438   Section        0  bsp_steper.o(i.steperMove045mm)
    i.steperMovePul                          0x080034dc   Section        0  bsp_steper.o(i.steperMovePul)
    i.uxListRemove                           0x08003564   Section        0  list.o(i.uxListRemove)
    i.vApplicationGetIdleTaskMemory          0x0800358c   Section        0  freertos.o(i.vApplicationGetIdleTaskMemory)
    i.vListInitialise                        0x080035a0   Section        0  list.o(i.vListInitialise)
    i.vListInitialiseItem                    0x080035b6   Section        0  list.o(i.vListInitialiseItem)
    i.vListInsert                            0x080035bc   Section        0  list.o(i.vListInsert)
    i.vListInsertEnd                         0x080035ec   Section        0  list.o(i.vListInsertEnd)
    i.vPortEnterCritical                     0x08003604   Section        0  port.o(i.vPortEnterCritical)
    i.vPortExitCritical                      0x08003644   Section        0  port.o(i.vPortExitCritical)
    i.vPortFree                              0x0800366c   Section        0  heap_4.o(i.vPortFree)
    i.vPortSetupTimerInterrupt               0x080036c8   Section        0  port.o(i.vPortSetupTimerInterrupt)
    i.vPortValidateInterruptPriority         0x080036ec   Section        0  port.o(i.vPortValidateInterruptPriority)
    i.vTaskDelay                             0x08003740   Section        0  tasks.o(i.vTaskDelay)
    i.vTaskInternalSetTimeOutState           0x0800378c   Section        0  tasks.o(i.vTaskInternalSetTimeOutState)
    i.vTaskMissedYield                       0x0800379c   Section        0  tasks.o(i.vTaskMissedYield)
    i.vTaskPlaceOnEventList                  0x080037a8   Section        0  tasks.o(i.vTaskPlaceOnEventList)
    i.vTaskPriorityDisinheritAfterTimeout    0x080037d8   Section        0  tasks.o(i.vTaskPriorityDisinheritAfterTimeout)
    i.vTaskStartScheduler                    0x08003880   Section        0  tasks.o(i.vTaskStartScheduler)
    i.vTaskSuspendAll                        0x080038ec   Section        0  tasks.o(i.vTaskSuspendAll)
    i.vTaskSwitchContext                     0x080038fc   Section        0  tasks.o(i.vTaskSwitchContext)
    i.xPortStartScheduler                    0x08003958   Section        0  port.o(i.xPortStartScheduler)
    i.xQueueGenericCreate                    0x08003a4c   Section        0  queue.o(i.xQueueGenericCreate)
    i.xQueueGenericCreateStatic              0x08003a94   Section        0  queue.o(i.xQueueGenericCreateStatic)
    i.xQueueGenericReset                     0x08003afc   Section        0  queue.o(i.xQueueGenericReset)
    i.xQueueGenericSend                      0x08003b84   Section        0  queue.o(i.xQueueGenericSend)
    i.xQueueGiveFromISR                      0x08003ce4   Section        0  queue.o(i.xQueueGiveFromISR)
    i.xQueueSemaphoreTake                    0x08003d80   Section        0  queue.o(i.xQueueSemaphoreTake)
    i.xTaskCheckForTimeOut                   0x08003ef8   Section        0  tasks.o(i.xTaskCheckForTimeOut)
    i.xTaskCreate                            0x08003f6c   Section        0  tasks.o(i.xTaskCreate)
    i.xTaskCreateStatic                      0x08003fc6   Section        0  tasks.o(i.xTaskCreateStatic)
    i.xTaskGetSchedulerState                 0x0800401c   Section        0  tasks.o(i.xTaskGetSchedulerState)
    i.xTaskIncrementTick                     0x08004038   Section        0  tasks.o(i.xTaskIncrementTick)
    i.xTaskPriorityDisinherit                0x08004100   Section        0  tasks.o(i.xTaskPriorityDisinherit)
    i.xTaskPriorityInherit                   0x08004198   Section        0  tasks.o(i.xTaskPriorityInherit)
    i.xTaskRemoveFromEventList               0x0800422c   Section        0  tasks.o(i.xTaskRemoveFromEventList)
    i.xTaskResumeAll                         0x080042a0   Section        0  tasks.o(i.xTaskResumeAll)
    .constdata                               0x08004364   Section       84  main.o(.constdata)
    .constdata                               0x080043b8   Section       16  system_stm32f4xx.o(.constdata)
    .constdata                               0x080043c8   Section        8  system_stm32f4xx.o(.constdata)
    .conststring                             0x080043d0   Section       40  main.o(.conststring)
    .data                                    0x20000000   Section      128  bsp_steper.o(.data)
    .data                                    0x20000080   Section        4  delay.o(.data)
    fac_us                                   0x20000080   Data           4  delay.o(.data)
    .data                                    0x20000084   Section       20  main.o(.data)
    .data                                    0x20000098   Section        8  stm32f4xx_it.o(.data)
    i                                        0x2000009a   Data           2  stm32f4xx_it.o(.data)
    xHigherPriorityTaskWoken                 0x2000009c   Data           4  stm32f4xx_it.o(.data)
    .data                                    0x200000a0   Section       12  stm32f4xx_hal.o(.data)
    .data                                    0x200000ac   Section        4  system_stm32f4xx.o(.data)
    .data                                    0x200000b0   Section       60  tasks.o(.data)
    pxDelayedTaskList                        0x200000b4   Data           4  tasks.o(.data)
    pxOverflowDelayedTaskList                0x200000b8   Data           4  tasks.o(.data)
    uxDeletedTasksWaitingCleanUp             0x200000bc   Data           4  tasks.o(.data)
    uxCurrentNumberOfTasks                   0x200000c0   Data           4  tasks.o(.data)
    xTickCount                               0x200000c4   Data           4  tasks.o(.data)
    uxTopReadyPriority                       0x200000c8   Data           4  tasks.o(.data)
    xSchedulerRunning                        0x200000cc   Data           4  tasks.o(.data)
    uxPendedTicks                            0x200000d0   Data           4  tasks.o(.data)
    xYieldPending                            0x200000d4   Data           4  tasks.o(.data)
    xNumOfOverflows                          0x200000d8   Data           4  tasks.o(.data)
    uxTaskNumber                             0x200000dc   Data           4  tasks.o(.data)
    xNextTaskUnblockTime                     0x200000e0   Data           4  tasks.o(.data)
    xIdleTaskHandle                          0x200000e4   Data           4  tasks.o(.data)
    uxSchedulerSuspended                     0x200000e8   Data           4  tasks.o(.data)
    .data                                    0x200000ec   Section       24  heap_4.o(.data)
    pxEnd                                    0x200000ec   Data           4  heap_4.o(.data)
    xFreeBytesRemaining                      0x200000f0   Data           4  heap_4.o(.data)
    xMinimumEverFreeBytesRemaining           0x200000f4   Data           4  heap_4.o(.data)
    xBlockAllocatedBit                       0x200000f8   Data           4  heap_4.o(.data)
    xStart                                   0x200000fc   Data           8  heap_4.o(.data)
    .data                                    0x20000104   Section       12  port.o(.data)
    ucMaxSysCallPriority                     0x20000104   Data           1  port.o(.data)
    uxCriticalNesting                        0x20000108   Data           4  port.o(.data)
    ulMaxPRIGROUPValue                       0x2000010c   Data           4  port.o(.data)
    .bss                                     0x20000110   Section      128  main.o(.bss)
    .bss                                     0x20000190   Section      596  freertos.o(.bss)
    xIdleTaskTCBBuffer                       0x20000190   Data          84  freertos.o(.bss)
    xIdleStack                               0x200001e4   Data         512  freertos.o(.bss)
    .bss                                     0x200003e4   Section       20  stm32f4xx_it.o(.bss)
    .bss                                     0x200003f8   Section       64  stm32f4xx_hal_timebase_tim.o(.bss)
    .bss                                     0x20000438   Section      240  tasks.o(.bss)
    pxReadyTasksLists                        0x20000438   Data         140  tasks.o(.bss)
    xDelayedTaskList1                        0x200004c4   Data          20  tasks.o(.bss)
    xDelayedTaskList2                        0x200004d8   Data          20  tasks.o(.bss)
    xPendingReadyList                        0x200004ec   Data          20  tasks.o(.bss)
    xTasksWaitingTermination                 0x20000500   Data          20  tasks.o(.bss)
    xSuspendedTaskList                       0x20000514   Data          20  tasks.o(.bss)
    .bss                                     0x20000528   Section    15360  heap_4.o(.bss)
    ucHeap                                   0x20000528   Data       15360  heap_4.o(.bss)
    STACK                                    0x20004128   Section     1024  startup_stm32f407xx.o(STACK)

    Global Symbols

    Symbol Name                              Value     Ov Type        Size  Object(Section)

    BuildAttributes$$THM_ISAv4$E$P$D$K$B$S$7EM$VFPi3$EXTD16$VFPS$VFMA$PE$A:L22UL41UL21$X:L11$S22US41US21$IEEE1$IW$USESV6$~STKCKD$USESV7$~SHL$OTIME$ROPI$EBA8$MICROLIB$REQ8$PRES8$EABIv2 0x00000000   Number         0  anon$$obj.o ABSOLUTE
    __ARM_use_no_argv                        0x00000000   Number         0  main.o ABSOLUTE
    _printf_a                                0x00000000   Number         0  stubs.o ABSOLUTE
    _printf_c                                0x00000000   Number         0  stubs.o ABSOLUTE
    _printf_charcount                        0x00000000   Number         0  stubs.o ABSOLUTE
    _printf_d                                0x00000000   Number         0  stubs.o ABSOLUTE
    _printf_e                                0x00000000   Number         0  stubs.o ABSOLUTE
    _printf_f                                0x00000000   Number         0  stubs.o ABSOLUTE
    _printf_flags                            0x00000000   Number         0  stubs.o ABSOLUTE
    _printf_fp_dec                           0x00000000   Number         0  stubs.o ABSOLUTE
    _printf_fp_hex                           0x00000000   Number         0  stubs.o ABSOLUTE
    _printf_g                                0x00000000   Number         0  stubs.o ABSOLUTE
    _printf_i                                0x00000000   Number         0  stubs.o ABSOLUTE
    _printf_int_dec                          0x00000000   Number         0  stubs.o ABSOLUTE
    _printf_l                                0x00000000   Number         0  stubs.o ABSOLUTE
    _printf_lc                               0x00000000   Number         0  stubs.o ABSOLUTE
    _printf_ll                               0x00000000   Number         0  stubs.o ABSOLUTE
    _printf_lld                              0x00000000   Number         0  stubs.o ABSOLUTE
    _printf_lli                              0x00000000   Number         0  stubs.o ABSOLUTE
    _printf_llo                              0x00000000   Number         0  stubs.o ABSOLUTE
    _printf_llu                              0x00000000   Number         0  stubs.o ABSOLUTE
    _printf_llx                              0x00000000   Number         0  stubs.o ABSOLUTE
    _printf_longlong_dec                     0x00000000   Number         0  stubs.o ABSOLUTE
    _printf_longlong_hex                     0x00000000   Number         0  stubs.o ABSOLUTE
    _printf_longlong_oct                     0x00000000   Number         0  stubs.o ABSOLUTE
    _printf_ls                               0x00000000   Number         0  stubs.o ABSOLUTE
    _printf_mbtowc                           0x00000000   Number         0  stubs.o ABSOLUTE
    _printf_n                                0x00000000   Number         0  stubs.o ABSOLUTE
    _printf_o                                0x00000000   Number         0  stubs.o ABSOLUTE
    _printf_p                                0x00000000   Number         0  stubs.o ABSOLUTE
    _printf_percent                          0x00000000   Number         0  stubs.o ABSOLUTE
    _printf_pre_padding                      0x00000000   Number         0  stubs.o ABSOLUTE
    _printf_return_value                     0x00000000   Number         0  stubs.o ABSOLUTE
    _printf_s                                0x00000000   Number         0  stubs.o ABSOLUTE
    _printf_sizespec                         0x00000000   Number         0  stubs.o ABSOLUTE
    _printf_str                              0x00000000   Number         0  stubs.o ABSOLUTE
    _printf_truncate_signed                  0x00000000   Number         0  stubs.o ABSOLUTE
    _printf_truncate_unsigned                0x00000000   Number         0  stubs.o ABSOLUTE
    _printf_u                                0x00000000   Number         0  stubs.o ABSOLUTE
    _printf_wc                               0x00000000   Number         0  stubs.o ABSOLUTE
    _printf_wctomb                           0x00000000   Number         0  stubs.o ABSOLUTE
    _printf_widthprec                        0x00000000   Number         0  stubs.o ABSOLUTE
    _printf_x                                0x00000000   Number         0  stubs.o ABSOLUTE
    __cpp_initialize__aeabi_                  - Undefined Weak Reference
    __cxa_finalize                            - Undefined Weak Reference
    __decompress                              - Undefined Weak Reference
    _clock_init                               - Undefined Weak Reference
    _microlib_exit                            - Undefined Weak Reference
    __Vectors_Size                           0x00000188   Number         0  startup_stm32f407xx.o ABSOLUTE
    __Vectors                                0x08000000   Data           4  startup_stm32f407xx.o(RESET)
    __Vectors_End                            0x08000188   Data           0  startup_stm32f407xx.o(RESET)
    __main                                   0x08000189   Thumb Code     0  entry.o(.ARM.Collect$$$$00000000)
    _main_stk                                0x08000189   Thumb Code     0  entry2.o(.ARM.Collect$$$$00000001)
    _main_scatterload                        0x0800018d   Thumb Code     0  entry5.o(.ARM.Collect$$$$00000004)
    __main_after_scatterload                 0x08000191   Thumb Code     0  entry5.o(.ARM.Collect$$$$00000004)
    _main_clock                              0x08000191   Thumb Code     0  entry7b.o(.ARM.Collect$$$$00000008)
    _main_cpp_init                           0x08000191   Thumb Code     0  entry8b.o(.ARM.Collect$$$$0000000A)
    _main_init                               0x08000191   Thumb Code     0  entry9a.o(.ARM.Collect$$$$0000000B)
    __rt_final_cpp                           0x08000199   Thumb Code     0  entry10a.o(.ARM.Collect$$$$0000000D)
    __rt_final_exit                          0x08000199   Thumb Code     0  entry11a.o(.ARM.Collect$$$$0000000F)
    SVC_Handler                              0x0800019d   Thumb Code    28  port.o(.emb_text)
    __asm___6_port_c_39a90d8d__prvStartFirstTask 0x080001bd   Thumb Code    36  port.o(.emb_text)
    __asm___6_port_c_39a90d8d__prvEnableVFP  0x080001e5   Thumb Code    16  port.o(.emb_text)
    PendSV_Handler                           0x080001f9   Thumb Code    88  port.o(.emb_text)
    vPortGetIPSR                             0x08000255   Thumb Code     6  port.o(.emb_text)
    Reset_Handler                            0x0800025d   Thumb Code     8  startup_stm32f407xx.o(.text)
    ADC_IRQHandler                           0x08000277   Thumb Code     0  startup_stm32f407xx.o(.text)
    CAN1_RX0_IRQHandler                      0x08000277   Thumb Code     0  startup_stm32f407xx.o(.text)
    CAN1_RX1_IRQHandler                      0x08000277   Thumb Code     0  startup_stm32f407xx.o(.text)
    CAN1_SCE_IRQHandler                      0x08000277   Thumb Code     0  startup_stm32f407xx.o(.text)
    CAN1_TX_IRQHandler                       0x08000277   Thumb Code     0  startup_stm32f407xx.o(.text)
    CAN2_RX0_IRQHandler                      0x08000277   Thumb Code     0  startup_stm32f407xx.o(.text)
    CAN2_RX1_IRQHandler                      0x08000277   Thumb Code     0  startup_stm32f407xx.o(.text)
    CAN2_SCE_IRQHandler                      0x08000277   Thumb Code     0  startup_stm32f407xx.o(.text)
    CAN2_TX_IRQHandler                       0x08000277   Thumb Code     0  startup_stm32f407xx.o(.text)
    DCMI_IRQHandler                          0x08000277   Thumb Code     0  startup_stm32f407xx.o(.text)
    DMA1_Stream0_IRQHandler                  0x08000277   Thumb Code     0  startup_stm32f407xx.o(.text)
    DMA1_Stream1_IRQHandler                  0x08000277   Thumb Code     0  startup_stm32f407xx.o(.text)
    DMA1_Stream2_IRQHandler                  0x08000277   Thumb Code     0  startup_stm32f407xx.o(.text)
    DMA1_Stream3_IRQHandler                  0x08000277   Thumb Code     0  startup_stm32f407xx.o(.text)
    DMA1_Stream4_IRQHandler                  0x08000277   Thumb Code     0  startup_stm32f407xx.o(.text)
    DMA1_Stream5_IRQHandler                  0x08000277   Thumb Code     0  startup_stm32f407xx.o(.text)
    DMA1_Stream6_IRQHandler                  0x08000277   Thumb Code     0  startup_stm32f407xx.o(.text)
    DMA1_Stream7_IRQHandler                  0x08000277   Thumb Code     0  startup_stm32f407xx.o(.text)
    DMA2_Stream0_IRQHandler                  0x08000277   Thumb Code     0  startup_stm32f407xx.o(.text)
    DMA2_Stream1_IRQHandler                  0x08000277   Thumb Code     0  startup_stm32f407xx.o(.text)
    DMA2_Stream2_IRQHandler                  0x08000277   Thumb Code     0  startup_stm32f407xx.o(.text)
    DMA2_Stream3_IRQHandler                  0x08000277   Thumb Code     0  startup_stm32f407xx.o(.text)
    DMA2_Stream4_IRQHandler                  0x08000277   Thumb Code     0  startup_stm32f407xx.o(.text)
    DMA2_Stream5_IRQHandler                  0x08000277   Thumb Code     0  startup_stm32f407xx.o(.text)
    DMA2_Stream6_IRQHandler                  0x08000277   Thumb Code     0  startup_stm32f407xx.o(.text)
    DMA2_Stream7_IRQHandler                  0x08000277   Thumb Code     0  startup_stm32f407xx.o(.text)
    ETH_IRQHandler                           0x08000277   Thumb Code     0  startup_stm32f407xx.o(.text)
    ETH_WKUP_IRQHandler                      0x08000277   Thumb Code     0  startup_stm32f407xx.o(.text)
    EXTI0_IRQHandler                         0x08000277   Thumb Code     0  startup_stm32f407xx.o(.text)
    EXTI1_IRQHandler                         0x08000277   Thumb Code     0  startup_stm32f407xx.o(.text)
    EXTI2_IRQHandler                         0x08000277   Thumb Code     0  startup_stm32f407xx.o(.text)
    EXTI4_IRQHandler                         0x08000277   Thumb Code     0  startup_stm32f407xx.o(.text)
    FLASH_IRQHandler                         0x08000277   Thumb Code     0  startup_stm32f407xx.o(.text)
    FMC_IRQHandler                           0x08000277   Thumb Code     0  startup_stm32f407xx.o(.text)
    FPU_IRQHandler                           0x08000277   Thumb Code     0  startup_stm32f407xx.o(.text)
    HASH_RNG_IRQHandler                      0x08000277   Thumb Code     0  startup_stm32f407xx.o(.text)
    I2C1_ER_IRQHandler                       0x08000277   Thumb Code     0  startup_stm32f407xx.o(.text)
    I2C1_EV_IRQHandler                       0x08000277   Thumb Code     0  startup_stm32f407xx.o(.text)
    I2C2_ER_IRQHandler                       0x08000277   Thumb Code     0  startup_stm32f407xx.o(.text)
    I2C2_EV_IRQHandler                       0x08000277   Thumb Code     0  startup_stm32f407xx.o(.text)
    I2C3_ER_IRQHandler                       0x08000277   Thumb Code     0  startup_stm32f407xx.o(.text)
    I2C3_EV_IRQHandler                       0x08000277   Thumb Code     0  startup_stm32f407xx.o(.text)
    OTG_FS_IRQHandler                        0x08000277   Thumb Code     0  startup_stm32f407xx.o(.text)
    OTG_FS_WKUP_IRQHandler                   0x08000277   Thumb Code     0  startup_stm32f407xx.o(.text)
    OTG_HS_EP1_IN_IRQHandler                 0x08000277   Thumb Code     0  startup_stm32f407xx.o(.text)
    OTG_HS_EP1_OUT_IRQHandler                0x08000277   Thumb Code     0  startup_stm32f407xx.o(.text)
    OTG_HS_IRQHandler                        0x08000277   Thumb Code     0  startup_stm32f407xx.o(.text)
    OTG_HS_WKUP_IRQHandler                   0x08000277   Thumb Code     0  startup_stm32f407xx.o(.text)
    PVD_IRQHandler                           0x08000277   Thumb Code     0  startup_stm32f407xx.o(.text)
    RCC_IRQHandler                           0x08000277   Thumb Code     0  startup_stm32f407xx.o(.text)
    RTC_Alarm_IRQHandler                     0x08000277   Thumb Code     0  startup_stm32f407xx.o(.text)
    RTC_WKUP_IRQHandler                      0x08000277   Thumb Code     0  startup_stm32f407xx.o(.text)
    SDIO_IRQHandler                          0x08000277   Thumb Code     0  startup_stm32f407xx.o(.text)
    SPI1_IRQHandler                          0x08000277   Thumb Code     0  startup_stm32f407xx.o(.text)
    SPI2_IRQHandler                          0x08000277   Thumb Code     0  startup_stm32f407xx.o(.text)
    SPI3_IRQHandler                          0x08000277   Thumb Code     0  startup_stm32f407xx.o(.text)
    TAMP_STAMP_IRQHandler                    0x08000277   Thumb Code     0  startup_stm32f407xx.o(.text)
    TIM1_BRK_TIM9_IRQHandler                 0x08000277   Thumb Code     0  startup_stm32f407xx.o(.text)
    TIM1_CC_IRQHandler                       0x08000277   Thumb Code     0  startup_stm32f407xx.o(.text)
    TIM1_TRG_COM_TIM11_IRQHandler            0x08000277   Thumb Code     0  startup_stm32f407xx.o(.text)
    TIM1_UP_TIM10_IRQHandler                 0x08000277   Thumb Code     0  startup_stm32f407xx.o(.text)
    TIM2_IRQHandler                          0x08000277   Thumb Code     0  startup_stm32f407xx.o(.text)
    TIM3_IRQHandler                          0x08000277   Thumb Code     0  startup_stm32f407xx.o(.text)
    TIM5_IRQHandler                          0x08000277   Thumb Code     0  startup_stm32f407xx.o(.text)
    TIM6_DAC_IRQHandler                      0x08000277   Thumb Code     0  startup_stm32f407xx.o(.text)
    TIM7_IRQHandler                          0x08000277   Thumb Code     0  startup_stm32f407xx.o(.text)
    TIM8_BRK_TIM12_IRQHandler                0x08000277   Thumb Code     0  startup_stm32f407xx.o(.text)
    TIM8_CC_IRQHandler                       0x08000277   Thumb Code     0  startup_stm32f407xx.o(.text)
    TIM8_TRG_COM_TIM14_IRQHandler            0x08000277   Thumb Code     0  startup_stm32f407xx.o(.text)
    TIM8_UP_TIM13_IRQHandler                 0x08000277   Thumb Code     0  startup_stm32f407xx.o(.text)
    UART4_IRQHandler                         0x08000277   Thumb Code     0  startup_stm32f407xx.o(.text)
    UART5_IRQHandler                         0x08000277   Thumb Code     0  startup_stm32f407xx.o(.text)
    USART3_IRQHandler                        0x08000277   Thumb Code     0  startup_stm32f407xx.o(.text)
    USART6_IRQHandler                        0x08000277   Thumb Code     0  startup_stm32f407xx.o(.text)
    WWDG_IRQHandler                          0x08000277   Thumb Code     0  startup_stm32f407xx.o(.text)
    __aeabi_uldivmod                         0x08000281   Thumb Code    98  uldiv.o(.text)
    __aeabi_memcpy                           0x080002e3   Thumb Code    36  memcpya.o(.text)
    __aeabi_memcpy4                          0x080002e3   Thumb Code     0  memcpya.o(.text)
    __aeabi_memcpy8                          0x080002e3   Thumb Code     0  memcpya.o(.text)
    __aeabi_memset                           0x08000307   Thumb Code    14  memseta.o(.text)
    __aeabi_memset4                          0x08000307   Thumb Code     0  memseta.o(.text)
    __aeabi_memset8                          0x08000307   Thumb Code     0  memseta.o(.text)
    __aeabi_memclr                           0x08000315   Thumb Code     4  memseta.o(.text)
    __aeabi_memclr4                          0x08000315   Thumb Code     0  memseta.o(.text)
    __aeabi_memclr8                          0x08000315   Thumb Code     0  memseta.o(.text)
    memset                                   0x08000319   Thumb Code    18  memseta.o(.text)
    __aeabi_dadd                             0x0800032b   Thumb Code   322  dadd.o(.text)
    __aeabi_dsub                             0x0800046d   Thumb Code     6  dadd.o(.text)
    __aeabi_drsub                            0x08000473   Thumb Code     6  dadd.o(.text)
    __aeabi_dmul                             0x08000479   Thumb Code   228  dmul.o(.text)
    __aeabi_ddiv                             0x0800055d   Thumb Code   222  ddiv.o(.text)
    __aeabi_ui2d                             0x0800063b   Thumb Code    26  dfltui.o(.text)
    __aeabi_d2iz                             0x08000655   Thumb Code    62  dfixi.o(.text)
    __aeabi_f2d                              0x08000693   Thumb Code    38  f2d.o(.text)
    __aeabi_cdcmpeq                          0x080006b9   Thumb Code     0  cdcmple.o(.text)
    __aeabi_cdcmple                          0x080006b9   Thumb Code    48  cdcmple.o(.text)
    __aeabi_cdrcmple                         0x080006e9   Thumb Code    48  cdrcmple.o(.text)
    __aeabi_d2f                              0x08000719   Thumb Code    56  d2f.o(.text)
    __aeabi_uidiv                            0x08000751   Thumb Code     0  uidiv.o(.text)
    __aeabi_uidivmod                         0x08000751   Thumb Code    44  uidiv.o(.text)
    __aeabi_llsl                             0x0800077d   Thumb Code    30  llshl.o(.text)
    _ll_shift_l                              0x0800077d   Thumb Code     0  llshl.o(.text)
    __aeabi_llsr                             0x0800079b   Thumb Code    32  llushr.o(.text)
    _ll_ushift_r                             0x0800079b   Thumb Code     0  llushr.o(.text)
    __aeabi_lasr                             0x080007bb   Thumb Code    36  llsshr.o(.text)
    _ll_sshift_r                             0x080007bb   Thumb Code     0  llsshr.o(.text)
    __I$use$fp                               0x080007df   Thumb Code     0  iusefp.o(.text)
    _float_round                             0x080007df   Thumb Code    18  fepilogue.o(.text)
    _float_epilogue                          0x080007f1   Thumb Code    92  fepilogue.o(.text)
    _double_round                            0x0800084d   Thumb Code    30  depilogue.o(.text)
    _double_epilogue                         0x0800086b   Thumb Code   156  depilogue.o(.text)
    __aeabi_d2ulz                            0x08000907   Thumb Code    48  dfixul.o(.text)
    __scatterload                            0x08000939   Thumb Code    28  init.o(.text)
    __scatterload_rt2                        0x08000939   Thumb Code     0  init.o(.text)
    BusFault_Handler                         0x0800095d   Thumb Code     2  stm32f4xx_it.o(i.BusFault_Handler)
    DebugMon_Handler                         0x0800095f   Thumb Code     2  stm32f4xx_it.o(i.DebugMon_Handler)
    EXTI15_10_IRQHandler                     0x08000961   Thumb Code     8  stm32f4xx_it.o(i.EXTI15_10_IRQHandler)
    EXTI3_IRQHandler                         0x08000969   Thumb Code     6  stm32f4xx_it.o(i.EXTI3_IRQHandler)
    EXTI9_5_IRQHandler                       0x0800096f   Thumb Code    18  stm32f4xx_it.o(i.EXTI9_5_IRQHandler)
    HAL_DMA_Abort_IT                         0x08000981   Thumb Code    36  stm32f4xx_hal_dma.o(i.HAL_DMA_Abort_IT)
    HAL_GPIO_EXTI_Callback                   0x080009a5   Thumb Code    44  stm32f4xx_it.o(i.HAL_GPIO_EXTI_Callback)
    HAL_GPIO_EXTI_IRQHandler                 0x080009d5   Thumb Code    18  stm32f4xx_hal_gpio.o(i.HAL_GPIO_EXTI_IRQHandler)
    HAL_GPIO_Init                            0x080009ed   Thumb Code   394  stm32f4xx_hal_gpio.o(i.HAL_GPIO_Init)
    HAL_GPIO_WritePin                        0x08000ba5   Thumb Code    10  stm32f4xx_hal_gpio.o(i.HAL_GPIO_WritePin)
    HAL_GetTick                              0x08000bb1   Thumb Code     6  stm32f4xx_hal.o(i.HAL_GetTick)
    HAL_IncTick                              0x08000bbd   Thumb Code    12  stm32f4xx_hal.o(i.HAL_IncTick)
    HAL_Init                                 0x08000bcd   Thumb Code    48  stm32f4xx_hal.o(i.HAL_Init)
    HAL_InitTick                             0x08000c01   Thumb Code   100  stm32f4xx_hal_timebase_tim.o(i.HAL_InitTick)
    HAL_MspInit                              0x08000c75   Thumb Code    52  stm32f4xx_hal_msp.o(i.HAL_MspInit)
    HAL_NVIC_DisableIRQ                      0x08000cad   Thumb Code    34  stm32f4xx_hal_cortex.o(i.HAL_NVIC_DisableIRQ)
    HAL_NVIC_EnableIRQ                       0x08000ccf   Thumb Code    26  stm32f4xx_hal_cortex.o(i.HAL_NVIC_EnableIRQ)
    HAL_NVIC_SetPriority                     0x08000ce9   Thumb Code    60  stm32f4xx_hal_cortex.o(i.HAL_NVIC_SetPriority)
    HAL_NVIC_SetPriorityGrouping             0x08000d29   Thumb Code    26  stm32f4xx_hal_cortex.o(i.HAL_NVIC_SetPriorityGrouping)
    HAL_RCC_ClockConfig                      0x08000d4d   Thumb Code   288  stm32f4xx_hal_rcc.o(i.HAL_RCC_ClockConfig)
    HAL_RCC_GetClockConfig                   0x08000e81   Thumb Code    54  stm32f4xx_hal_rcc.o(i.HAL_RCC_GetClockConfig)
    HAL_RCC_GetPCLK1Freq                     0x08000ec1   Thumb Code    20  stm32f4xx_hal_rcc.o(i.HAL_RCC_GetPCLK1Freq)
    HAL_RCC_GetPCLK2Freq                     0x08000ee1   Thumb Code    20  stm32f4xx_hal_rcc.o(i.HAL_RCC_GetPCLK2Freq)
    HAL_RCC_GetSysClockFreq                  0x08000f01   Thumb Code    88  stm32f4xx_hal_rcc.o(i.HAL_RCC_GetSysClockFreq)
    HAL_RCC_OscConfig                        0x08000f65   Thumb Code   840  stm32f4xx_hal_rcc.o(i.HAL_RCC_OscConfig)
    HAL_SYSTICK_CLKSourceConfig              0x080012c1   Thumb Code    24  stm32f4xx_hal_cortex.o(i.HAL_SYSTICK_CLKSourceConfig)
    HAL_TIMEx_BreakCallback                  0x080012d9   Thumb Code     2  stm32f4xx_hal_tim_ex.o(i.HAL_TIMEx_BreakCallback)
    HAL_TIMEx_CommutCallback                 0x080012db   Thumb Code     2  stm32f4xx_hal_tim_ex.o(i.HAL_TIMEx_CommutCallback)
    HAL_TIM_Base_Init                        0x080012dd   Thumb Code    54  stm32f4xx_hal_tim.o(i.HAL_TIM_Base_Init)
    HAL_TIM_Base_MspInit                     0x08001313   Thumb Code     2  stm32f4xx_hal_tim.o(i.HAL_TIM_Base_MspInit)
    HAL_TIM_Base_Start_IT                    0x08001315   Thumb Code    34  stm32f4xx_hal_tim.o(i.HAL_TIM_Base_Start_IT)
    HAL_TIM_IC_CaptureCallback               0x08001337   Thumb Code     2  stm32f4xx_hal_tim.o(i.HAL_TIM_IC_CaptureCallback)
    HAL_TIM_IRQHandler                       0x08001339   Thumb Code   358  stm32f4xx_hal_tim.o(i.HAL_TIM_IRQHandler)
    HAL_TIM_OC_DelayElapsedCallback          0x0800149f   Thumb Code     2  stm32f4xx_hal_tim.o(i.HAL_TIM_OC_DelayElapsedCallback)
    HAL_TIM_PWM_PulseFinishedCallback        0x080014a1   Thumb Code     2  stm32f4xx_hal_tim.o(i.HAL_TIM_PWM_PulseFinishedCallback)
    HAL_TIM_PeriodElapsedCallback            0x080014a5   Thumb Code    14  main.o(i.HAL_TIM_PeriodElapsedCallback)
    HAL_TIM_TriggerCallback                  0x080014b9   Thumb Code     2  stm32f4xx_hal_tim.o(i.HAL_TIM_TriggerCallback)
    HAL_UART_ErrorCallback                   0x080014bb   Thumb Code     2  stm32f4xx_hal_uart.o(i.HAL_UART_ErrorCallback)
    HAL_UART_IRQHandler                      0x080014bd   Thumb Code   270  stm32f4xx_hal_uart.o(i.HAL_UART_IRQHandler)
    HAL_UART_Init                            0x080015d1   Thumb Code    98  stm32f4xx_hal_uart.o(i.HAL_UART_Init)
    HAL_UART_MspInit                         0x08001635   Thumb Code   182  stm32f4xx_hal_msp.o(i.HAL_UART_MspInit)
    HAL_UART_Receive_IT                      0x08001701   Thumb Code    82  stm32f4xx_hal_uart.o(i.HAL_UART_Receive_IT)
    HAL_UART_RxCpltCallback                  0x08001755   Thumb Code    66  stm32f4xx_it.o(i.HAL_UART_RxCpltCallback)
    HAL_UART_Transmit_IT                     0x080017ad   Thumb Code    62  stm32f4xx_hal_uart.o(i.HAL_UART_Transmit_IT)
    HAL_UART_TxCpltCallback                  0x080017eb   Thumb Code     2  stm32f4xx_hal_uart.o(i.HAL_UART_TxCpltCallback)
    HardFault_Handler                        0x080017ed   Thumb Code     2  stm32f4xx_it.o(i.HardFault_Handler)
    LimitTask                                0x080017ef   Thumb Code     8  main.o(i.LimitTask)
    MemManage_Handler                        0x08001a21   Thumb Code     2  stm32f4xx_it.o(i.MemManage_Handler)
    NMI_Handler                              0x08001a23   Thumb Code     2  stm32f4xx_it.o(i.NMI_Handler)
    StartDefaultTask                         0x08001a25   Thumb Code   154  main.o(i.StartDefaultTask)
    StepmoveTask                             0x08001ae5   Thumb Code   242  main.o(i.StepmoveTask)
    SysTick_Handler                          0x08001c1d   Thumb Code    38  port.o(i.SysTick_Handler)
    SystemClock_Config                       0x08001c49   Thumb Code   124  main.o(i.SystemClock_Config)
    SystemInit                               0x08001ccd   Thumb Code    22  system_stm32f4xx.o(i.SystemInit)
    TIM4_IRQHandler                          0x08001ce9   Thumb Code     6  stm32f4xx_it.o(i.TIM4_IRQHandler)
    TIM_Base_SetConfig                       0x08001cf5   Thumb Code   156  stm32f4xx_hal_tim.o(i.TIM_Base_SetConfig)
    USART1_IRQHandler                        0x0800200d   Thumb Code    22  stm32f4xx_it.o(i.USART1_IRQHandler)
    USART2_IRQHandler                        0x0800202d   Thumb Code     6  stm32f4xx_it.o(i.USART2_IRQHandler)
    UsageFault_Handler                       0x08002039   Thumb Code     2  stm32f4xx_it.o(i.UsageFault_Handler)
    __0sprintf                               0x0800203d   Thumb Code    34  printfa.o(i.__0sprintf)
    __1sprintf                               0x0800203d   Thumb Code     0  printfa.o(i.__0sprintf)
    __2sprintf                               0x0800203d   Thumb Code     0  printfa.o(i.__0sprintf)
    __c89sprintf                             0x0800203d   Thumb Code     0  printfa.o(i.__0sprintf)
    sprintf                                  0x0800203d   Thumb Code     0  printfa.o(i.__0sprintf)
    __scatterload_copy                       0x08002085   Thumb Code    14  handlers.o(i.__scatterload_copy)
    __scatterload_null                       0x08002093   Thumb Code     2  handlers.o(i.__scatterload_null)
    __scatterload_zeroinit                   0x08002095   Thumb Code    14  handlers.o(i.__scatterload_zeroinit)
    delay_init                               0x08002941   Thumb Code    16  delay.o(i.delay_init)
    delay_us                                 0x08002955   Thumb Code    48  delay.o(i.delay_us)
    main                                     0x08002989   Thumb Code   176  main.o(i.main)
    osDelay                                  0x08002a5d   Thumb Code    14  cmsis_os.o(i.osDelay)
    osKernelStart                            0x08002a6b   Thumb Code    10  cmsis_os.o(i.osKernelStart)
    osSemaphoreCreate                        0x08002a75   Thumb Code    62  cmsis_os.o(i.osSemaphoreCreate)
    osThreadCreate                           0x08002ab3   Thumb Code    84  cmsis_os.o(i.osThreadCreate)
    pvPortMalloc                             0x08002f61   Thumb Code   210  heap_4.o(i.pvPortMalloc)
    pvTaskIncrementMutexHeldCount            0x08003039   Thumb Code    18  tasks.o(i.pvTaskIncrementMutexHeldCount)
    pxPortInitialiseStack                    0x08003051   Thumb Code    40  port.o(i.pxPortInitialiseStack)
    returnOrigin                             0x0800307d   Thumb Code   216  main.o(i.returnOrigin)
    steperCoordinateMajor                    0x080031a5   Thumb Code   224  bsp_steper.o(i.steperCoordinateMajor)
    steperCoordinateSecond                   0x08003291   Thumb Code   248  bsp_steper.o(i.steperCoordinateSecond)
    steperMove                               0x080033a5   Thumb Code   134  bsp_steper.o(i.steperMove)
    steperMove045mm                          0x08003439   Thumb Code   160  bsp_steper.o(i.steperMove045mm)
    steperMovePul                            0x080034dd   Thumb Code   124  bsp_steper.o(i.steperMovePul)
    uxListRemove                             0x08003565   Thumb Code    38  list.o(i.uxListRemove)
    vApplicationGetIdleTaskMemory            0x0800358d   Thumb Code    16  freertos.o(i.vApplicationGetIdleTaskMemory)
    vListInitialise                          0x080035a1   Thumb Code    22  list.o(i.vListInitialise)
    vListInitialiseItem                      0x080035b7   Thumb Code     6  list.o(i.vListInitialiseItem)
    vListInsert                              0x080035bd   Thumb Code    48  list.o(i.vListInsert)
    vListInsertEnd                           0x080035ed   Thumb Code    24  list.o(i.vListInsertEnd)
    vPortEnterCritical                       0x08003605   Thumb Code    54  port.o(i.vPortEnterCritical)
    vPortExitCritical                        0x08003645   Thumb Code    34  port.o(i.vPortExitCritical)
    vPortFree                                0x0800366d   Thumb Code    88  heap_4.o(i.vPortFree)
    vPortSetupTimerInterrupt                 0x080036c9   Thumb Code    32  port.o(i.vPortSetupTimerInterrupt)
    vPortValidateInterruptPriority           0x080036ed   Thumb Code    74  port.o(i.vPortValidateInterruptPriority)
    vTaskDelay                               0x08003741   Thumb Code    66  tasks.o(i.vTaskDelay)
    vTaskInternalSetTimeOutState             0x0800378d   Thumb Code    12  tasks.o(i.vTaskInternalSetTimeOutState)
    vTaskMissedYield                         0x0800379d   Thumb Code     8  tasks.o(i.vTaskMissedYield)
    vTaskPlaceOnEventList                    0x080037a9   Thumb Code    44  tasks.o(i.vTaskPlaceOnEventList)
    vTaskPriorityDisinheritAfterTimeout      0x080037d9   Thumb Code   160  tasks.o(i.vTaskPriorityDisinheritAfterTimeout)
    vTaskStartScheduler                      0x08003881   Thumb Code    90  tasks.o(i.vTaskStartScheduler)
    vTaskSuspendAll                          0x080038ed   Thumb Code    10  tasks.o(i.vTaskSuspendAll)
    vTaskSwitchContext                       0x080038fd   Thumb Code    82  tasks.o(i.vTaskSwitchContext)
    xPortStartScheduler                      0x08003959   Thumb Code   222  port.o(i.xPortStartScheduler)
    xQueueGenericCreate                      0x08003a4d   Thumb Code    72  queue.o(i.xQueueGenericCreate)
    xQueueGenericCreateStatic                0x08003a95   Thumb Code   102  queue.o(i.xQueueGenericCreateStatic)
    xQueueGenericReset                       0x08003afd   Thumb Code   132  queue.o(i.xQueueGenericReset)
    xQueueGenericSend                        0x08003b85   Thumb Code   346  queue.o(i.xQueueGenericSend)
    xQueueGiveFromISR                        0x08003ce5   Thumb Code   156  queue.o(i.xQueueGiveFromISR)
    xQueueSemaphoreTake                      0x08003d81   Thumb Code   372  queue.o(i.xQueueSemaphoreTake)
    xTaskCheckForTimeOut                     0x08003ef9   Thumb Code   112  tasks.o(i.xTaskCheckForTimeOut)
    xTaskCreate                              0x08003f6d   Thumb Code    90  tasks.o(i.xTaskCreate)
    xTaskCreateStatic                        0x08003fc7   Thumb Code    86  tasks.o(i.xTaskCreateStatic)
    xTaskGetSchedulerState                   0x0800401d   Thumb Code    22  tasks.o(i.xTaskGetSchedulerState)
    xTaskIncrementTick                       0x08004039   Thumb Code   192  tasks.o(i.xTaskIncrementTick)
    xTaskPriorityDisinherit                  0x08004101   Thumb Code   144  tasks.o(i.xTaskPriorityDisinherit)
    xTaskPriorityInherit                     0x08004199   Thumb Code   138  tasks.o(i.xTaskPriorityInherit)
    xTaskRemoveFromEventList                 0x0800422d   Thumb Code   108  tasks.o(i.xTaskRemoveFromEventList)
    xTaskResumeAll                           0x080042a1   Thumb Code   182  tasks.o(i.xTaskResumeAll)
    AHBPrescTable                            0x080043b8   Data          16  system_stm32f4xx.o(.constdata)
    APBPrescTable                            0x080043c8   Data           8  system_stm32f4xx.o(.constdata)
    Region$$Table$$Base                      0x080043f8   Number         0  anon$$obj.o(Region$$Table)
    Region$$Table$$Limit                     0x08004418   Number         0  anon$$obj.o(Region$$Table)
    stepers                                  0x20000000   Data         128  bsp_steper.o(.data)
    defaultTaskHandle                        0x20000084   Data           4  main.o(.data)
    limitTaskHandle                          0x20000088   Data           4  main.o(.data)
    stepmoveTaskHandle                       0x2000008c   Data           4  main.o(.data)
    mySem_moveHandle                         0x20000090   Data           4  main.o(.data)
    str                                      0x20000094   Data           4  main.o(.data)
    aRxBuffer                                0x20000098   Data           1  stm32f4xx_it.o(.data)
    uwTickFreq                               0x200000a0   Data           1  stm32f4xx_hal.o(.data)
    uwTickPrio                               0x200000a4   Data           4  stm32f4xx_hal.o(.data)
    uwTick                                   0x200000a8   Data           4  stm32f4xx_hal.o(.data)
    SystemCoreClock                          0x200000ac   Data           4  system_stm32f4xx.o(.data)
    pxCurrentTCB                             0x200000b0   Data           4  tasks.o(.data)
    huart1                                   0x20000110   Data          64  main.o(.bss)
    huart2                                   0x20000150   Data          64  main.o(.bss)
    recieveData                              0x200003e4   Data          20  stm32f4xx_it.o(.bss)
    htim4                                    0x200003f8   Data          64  stm32f4xx_hal_timebase_tim.o(.bss)
    __initial_sp                             0x20004528   Data           0  startup_stm32f407xx.o(STACK)



==============================================================================

Memory Map of the image

  Image Entry point : 0x08000189

  Load Region LR_IROM1 (Base: 0x08000000, Size: 0x00004528, Max: 0x00100000, ABSOLUTE)

    Execution Region ER_IROM1 (Base: 0x08000000, Size: 0x00004418, Max: 0x00100000, ABSOLUTE)

    Base Addr    Size         Type   Attr      Idx    E Section Name        Object

    0x08000000   0x00000188   Data   RO            3    RESET               startup_stm32f407xx.o
    0x08000188   0x00000000   Code   RO         4274  * .ARM.Collect$$$$00000000  mc_w.l(entry.o)
    0x08000188   0x00000004   Code   RO         4568    .ARM.Collect$$$$00000001  mc_w.l(entry2.o)
    0x0800018c   0x00000004   Code   RO         4571    .ARM.Collect$$$$00000004  mc_w.l(entry5.o)
    0x08000190   0x00000000   Code   RO         4573    .ARM.Collect$$$$00000008  mc_w.l(entry7b.o)
    0x08000190   0x00000000   Code   RO         4575    .ARM.Collect$$$$0000000A  mc_w.l(entry8b.o)
    0x08000190   0x00000008   Code   RO         4576    .ARM.Collect$$$$0000000B  mc_w.l(entry9a.o)
    0x08000198   0x00000000   Code   RO         4578    .ARM.Collect$$$$0000000D  mc_w.l(entry10a.o)
    0x08000198   0x00000000   Code   RO         4580    .ARM.Collect$$$$0000000F  mc_w.l(entry11a.o)
    0x08000198   0x00000004   Code   RO         4569    .ARM.Collect$$$$00002712  mc_w.l(entry2.o)
    0x0800019c   0x000000be   Code   RO         4197    .emb_text           port.o
    0x0800025a   0x00000002   PAD
    0x0800025c   0x00000024   Code   RO            4    .text               startup_stm32f407xx.o
    0x08000280   0x00000062   Code   RO         4277    .text               mc_w.l(uldiv.o)
    0x080002e2   0x00000024   Code   RO         4279    .text               mc_w.l(memcpya.o)
    0x08000306   0x00000024   Code   RO         4283    .text               mc_w.l(memseta.o)
    0x0800032a   0x0000014e   Code   RO         4548    .text               mf_w.l(dadd.o)
    0x08000478   0x000000e4   Code   RO         4550    .text               mf_w.l(dmul.o)
    0x0800055c   0x000000de   Code   RO         4552    .text               mf_w.l(ddiv.o)
    0x0800063a   0x0000001a   Code   RO         4556    .text               mf_w.l(dfltui.o)
    0x08000654   0x0000003e   Code   RO         4558    .text               mf_w.l(dfixi.o)
    0x08000692   0x00000026   Code   RO         4560    .text               mf_w.l(f2d.o)
    0x080006b8   0x00000030   Code   RO         4562    .text               mf_w.l(cdcmple.o)
    0x080006e8   0x00000030   Code   RO         4564    .text               mf_w.l(cdrcmple.o)
    0x08000718   0x00000038   Code   RO         4566    .text               mf_w.l(d2f.o)
    0x08000750   0x0000002c   Code   RO         4585    .text               mc_w.l(uidiv.o)
    0x0800077c   0x0000001e   Code   RO         4587    .text               mc_w.l(llshl.o)
    0x0800079a   0x00000020   Code   RO         4589    .text               mc_w.l(llushr.o)
    0x080007ba   0x00000024   Code   RO         4591    .text               mc_w.l(llsshr.o)
    0x080007de   0x00000000   Code   RO         4593    .text               mc_w.l(iusefp.o)
    0x080007de   0x0000006e   Code   RO         4594    .text               mf_w.l(fepilogue.o)
    0x0800084c   0x000000ba   Code   RO         4596    .text               mf_w.l(depilogue.o)
    0x08000906   0x00000030   Code   RO         4598    .text               mf_w.l(dfixul.o)
    0x08000936   0x00000002   PAD
    0x08000938   0x00000024   Code   RO         4600    .text               mc_w.l(init.o)
    0x0800095c   0x00000002   Code   RO          389    i.BusFault_Handler  stm32f4xx_it.o
    0x0800095e   0x00000002   Code   RO          390    i.DebugMon_Handler  stm32f4xx_it.o
    0x08000960   0x00000008   Code   RO          391    i.EXTI15_10_IRQHandler  stm32f4xx_it.o
    0x08000968   0x00000006   Code   RO          392    i.EXTI3_IRQHandler  stm32f4xx_it.o
    0x0800096e   0x00000012   Code   RO          393    i.EXTI9_5_IRQHandler  stm32f4xx_it.o
    0x08000980   0x00000024   Code   RO         1037    i.HAL_DMA_Abort_IT  stm32f4xx_hal_dma.o
    0x080009a4   0x00000030   Code   RO          394    i.HAL_GPIO_EXTI_Callback  stm32f4xx_it.o
    0x080009d4   0x00000018   Code   RO          928    i.HAL_GPIO_EXTI_IRQHandler  stm32f4xx_hal_gpio.o
    0x080009ec   0x000001b8   Code   RO          929    i.HAL_GPIO_Init     stm32f4xx_hal_gpio.o
    0x08000ba4   0x0000000a   Code   RO          933    i.HAL_GPIO_WritePin  stm32f4xx_hal_gpio.o
    0x08000bae   0x00000002   PAD
    0x08000bb0   0x0000000c   Code   RO         1461    i.HAL_GetTick       stm32f4xx_hal.o
    0x08000bbc   0x00000010   Code   RO         1467    i.HAL_IncTick       stm32f4xx_hal.o
    0x08000bcc   0x00000034   Code   RO         1468    i.HAL_Init          stm32f4xx_hal.o
    0x08000c00   0x00000074   Code   RO          535    i.HAL_InitTick      stm32f4xx_hal_timebase_tim.o
    0x08000c74   0x00000038   Code   RO          499    i.HAL_MspInit       stm32f4xx_hal_msp.o
    0x08000cac   0x00000022   Code   RO         1317    i.HAL_NVIC_DisableIRQ  stm32f4xx_hal_cortex.o
    0x08000cce   0x0000001a   Code   RO         1318    i.HAL_NVIC_EnableIRQ  stm32f4xx_hal_cortex.o
    0x08000ce8   0x00000040   Code   RO         1324    i.HAL_NVIC_SetPriority  stm32f4xx_hal_cortex.o
    0x08000d28   0x00000024   Code   RO         1325    i.HAL_NVIC_SetPriorityGrouping  stm32f4xx_hal_cortex.o
    0x08000d4c   0x00000134   Code   RO          575    i.HAL_RCC_ClockConfig  stm32f4xx_hal_rcc.o
    0x08000e80   0x00000040   Code   RO          579    i.HAL_RCC_GetClockConfig  stm32f4xx_hal_rcc.o
    0x08000ec0   0x00000020   Code   RO          582    i.HAL_RCC_GetPCLK1Freq  stm32f4xx_hal_rcc.o
    0x08000ee0   0x00000020   Code   RO          583    i.HAL_RCC_GetPCLK2Freq  stm32f4xx_hal_rcc.o
    0x08000f00   0x00000064   Code   RO          584    i.HAL_RCC_GetSysClockFreq  stm32f4xx_hal_rcc.o
    0x08000f64   0x0000035c   Code   RO          587    i.HAL_RCC_OscConfig  stm32f4xx_hal_rcc.o
    0x080012c0   0x00000018   Code   RO         1327    i.HAL_SYSTICK_CLKSourceConfig  stm32f4xx_hal_cortex.o
    0x080012d8   0x00000002   Code   RO         2383    i.HAL_TIMEx_BreakCallback  stm32f4xx_hal_tim_ex.o
    0x080012da   0x00000002   Code   RO         2384    i.HAL_TIMEx_CommutCallback  stm32f4xx_hal_tim_ex.o
    0x080012dc   0x00000036   Code   RO         1708    i.HAL_TIM_Base_Init  stm32f4xx_hal_tim.o
    0x08001312   0x00000002   Code   RO         1710    i.HAL_TIM_Base_MspInit  stm32f4xx_hal_tim.o
    0x08001314   0x00000022   Code   RO         1713    i.HAL_TIM_Base_Start_IT  stm32f4xx_hal_tim.o
    0x08001336   0x00000002   Code   RO         1737    i.HAL_TIM_IC_CaptureCallback  stm32f4xx_hal_tim.o
    0x08001338   0x00000166   Code   RO         1751    i.HAL_TIM_IRQHandler  stm32f4xx_hal_tim.o
    0x0800149e   0x00000002   Code   RO         1754    i.HAL_TIM_OC_DelayElapsedCallback  stm32f4xx_hal_tim.o
    0x080014a0   0x00000002   Code   RO         1781    i.HAL_TIM_PWM_PulseFinishedCallback  stm32f4xx_hal_tim.o
    0x080014a2   0x00000002   PAD
    0x080014a4   0x00000014   Code   RO          276    i.HAL_TIM_PeriodElapsedCallback  main.o
    0x080014b8   0x00000002   Code   RO         1794    i.HAL_TIM_TriggerCallback  stm32f4xx_hal_tim.o
    0x080014ba   0x00000002   Code   RO         2655    i.HAL_UART_ErrorCallback  stm32f4xx_hal_uart.o
    0x080014bc   0x00000114   Code   RO         2658    i.HAL_UART_IRQHandler  stm32f4xx_hal_uart.o
    0x080015d0   0x00000062   Code   RO         2659    i.HAL_UART_Init     stm32f4xx_hal_uart.o
    0x08001632   0x00000002   PAD
    0x08001634   0x000000cc   Code   RO          501    i.HAL_UART_MspInit  stm32f4xx_hal_msp.o
    0x08001700   0x00000052   Code   RO         2664    i.HAL_UART_Receive_IT  stm32f4xx_hal_uart.o
    0x08001752   0x00000002   PAD
    0x08001754   0x00000058   Code   RO          395    i.HAL_UART_RxCpltCallback  stm32f4xx_it.o
    0x080017ac   0x0000003e   Code   RO         2669    i.HAL_UART_Transmit_IT  stm32f4xx_hal_uart.o
    0x080017ea   0x00000002   Code   RO         2670    i.HAL_UART_TxCpltCallback  stm32f4xx_hal_uart.o
    0x080017ec   0x00000002   Code   RO          396    i.HardFault_Handler  stm32f4xx_it.o
    0x080017ee   0x00000008   Code   RO          277    i.LimitTask         main.o
    0x080017f6   0x00000002   PAD
    0x080017f8   0x00000228   Code   RO          278    i.MX_GPIO_Init      main.o
    0x08001a20   0x00000002   Code   RO          397    i.MemManage_Handler  stm32f4xx_it.o
    0x08001a22   0x00000002   Code   RO          398    i.NMI_Handler       stm32f4xx_it.o
    0x08001a24   0x000000c0   Code   RO          279    i.StartDefaultTask  main.o
    0x08001ae4   0x00000138   Code   RO          280    i.StepmoveTask      main.o
    0x08001c1c   0x0000002c   Code   RO         4198    i.SysTick_Handler   port.o
    0x08001c48   0x00000084   Code   RO          281    i.SystemClock_Config  main.o
    0x08001ccc   0x0000001c   Code   RO         2961    i.SystemInit        system_stm32f4xx.o
    0x08001ce8   0x0000000c   Code   RO          399    i.TIM4_IRQHandler   stm32f4xx_it.o
    0x08001cf4   0x000000c8   Code   RO         1796    i.TIM_Base_SetConfig  stm32f4xx_hal_tim.o
    0x08001dbc   0x00000010   Code   RO         2672    i.UART_DMAAbortOnError  stm32f4xx_hal_uart.o
    0x08001dcc   0x0000001c   Code   RO         2682    i.UART_EndRxTransfer  stm32f4xx_hal_uart.o
    0x08001de8   0x00000096   Code   RO         2684    i.UART_Receive_IT   stm32f4xx_hal_uart.o
    0x08001e7e   0x00000002   PAD
    0x08001e80   0x00000128   Code   RO         2685    i.UART_SetConfig    stm32f4xx_hal_uart.o
    0x08001fa8   0x00000062   Code   RO         2686    i.UART_Transmit_IT  stm32f4xx_hal_uart.o
    0x0800200a   0x00000002   PAD
    0x0800200c   0x00000020   Code   RO          400    i.USART1_IRQHandler  stm32f4xx_it.o
    0x0800202c   0x0000000c   Code   RO          401    i.USART2_IRQHandler  stm32f4xx_it.o
    0x08002038   0x00000002   Code   RO          402    i.UsageFault_Handler  stm32f4xx_it.o
    0x0800203a   0x00000002   PAD
    0x0800203c   0x00000028   Code   RO         4522    i.__0sprintf        mc_w.l(printfa.o)
    0x08002064   0x00000020   Code   RO         1331    i.__NVIC_SetPriority  stm32f4xx_hal_cortex.o
    0x08002084   0x0000000e   Code   RO         4606    i.__scatterload_copy  mc_w.l(handlers.o)
    0x08002092   0x00000002   Code   RO         4607    i.__scatterload_null  mc_w.l(handlers.o)
    0x08002094   0x0000000e   Code   RO         4608    i.__scatterload_zeroinit  mc_w.l(handlers.o)
    0x080020a2   0x00000002   PAD
    0x080020a4   0x00000164   Code   RO         4527    i._fp_digits        mc_w.l(printfa.o)
    0x08002208   0x000006dc   Code   RO         4528    i._printf_core      mc_w.l(printfa.o)
    0x080028e4   0x00000024   Code   RO         4529    i._printf_post_padding  mc_w.l(printfa.o)
    0x08002908   0x0000002e   Code   RO         4530    i._printf_pre_padding  mc_w.l(printfa.o)
    0x08002936   0x0000000a   Code   RO         4532    i._sputc            mc_w.l(printfa.o)
    0x08002940   0x00000014   Code   RO          237    i.delay_init        delay.o
    0x08002954   0x00000034   Code   RO          239    i.delay_us          delay.o
    0x08002988   0x000000c8   Code   RO          282    i.main              main.o
    0x08002a50   0x0000000c   Code   RO         3769    i.makeFreeRtosPriority  cmsis_os.o
    0x08002a5c   0x0000000e   Code   RO         3771    i.osDelay           cmsis_os.o
    0x08002a6a   0x0000000a   Code   RO         3774    i.osKernelStart     cmsis_os.o
    0x08002a74   0x0000003e   Code   RO         3800    i.osSemaphoreCreate  cmsis_os.o
    0x08002ab2   0x00000054   Code   RO         3808    i.osThreadCreate    cmsis_os.o
    0x08002b06   0x00000002   PAD
    0x08002b08   0x00000070   Code   RO         3463    i.prvAddCurrentTaskToDelayedList  tasks.o
    0x08002b78   0x000000d0   Code   RO         3464    i.prvAddNewTaskToReadyList  tasks.o
    0x08002c48   0x0000006c   Code   RO         3140    i.prvCopyDataToQueue  queue.o
    0x08002cb4   0x00000034   Code   RO         3465    i.prvDeleteTCB      tasks.o
    0x08002ce8   0x0000004c   Code   RO         4136    i.prvHeapInit       heap_4.o
    0x08002d34   0x00000060   Code   RO         3466    i.prvIdleTask       tasks.o
    0x08002d94   0x00000016   Code   RO         3142    i.prvInitialiseNewQueue  queue.o
    0x08002daa   0x00000098   Code   RO         3467    i.prvInitialiseNewTask  tasks.o
    0x08002e42   0x00000002   PAD
    0x08002e44   0x0000004c   Code   RO         4137    i.prvInsertBlockIntoFreeList  heap_4.o
    0x08002e90   0x0000001c   Code   RO         3143    i.prvIsQueueEmpty   queue.o
    0x08002eac   0x00000020   Code   RO         3468    i.prvResetNextTaskUnblockTime  tasks.o
    0x08002ecc   0x00000028   Code   RO         4199    i.prvTaskExitError  port.o
    0x08002ef4   0x0000006a   Code   RO         3144    i.prvUnlockQueue    queue.o
    0x08002f5e   0x00000002   PAD
    0x08002f60   0x000000d8   Code   RO         4138    i.pvPortMalloc      heap_4.o
    0x08003038   0x00000018   Code   RO         3470    i.pvTaskIncrementMutexHeldCount  tasks.o
    0x08003050   0x0000002c   Code   RO         4200    i.pxPortInitialiseStack  port.o
    0x0800307c   0x00000128   Code   RO          283    i.returnOrigin      main.o
    0x080031a4   0x000000ec   Code   RO           13    i.steperCoordinateMajor  bsp_steper.o
    0x08003290   0x00000114   Code   RO           16    i.steperCoordinateSecond  bsp_steper.o
    0x080033a4   0x00000094   Code   RO           17    i.steperMove        bsp_steper.o
    0x08003438   0x000000a4   Code   RO           18    i.steperMove045mm   bsp_steper.o
    0x080034dc   0x00000088   Code   RO           19    i.steperMovePul     bsp_steper.o
    0x08003564   0x00000026   Code   RO         3099    i.uxListRemove      list.o
    0x0800358a   0x00000002   PAD
    0x0800358c   0x00000014   Code   RO          355    i.vApplicationGetIdleTaskMemory  freertos.o
    0x080035a0   0x00000016   Code   RO         3100    i.vListInitialise   list.o
    0x080035b6   0x00000006   Code   RO         3101    i.vListInitialiseItem  list.o
    0x080035bc   0x00000030   Code   RO         3102    i.vListInsert       list.o
    0x080035ec   0x00000018   Code   RO         3103    i.vListInsertEnd    list.o
    0x08003604   0x00000040   Code   RO         4202    i.vPortEnterCritical  port.o
    0x08003644   0x00000028   Code   RO         4203    i.vPortExitCritical  port.o
    0x0800366c   0x0000005c   Code   RO         4139    i.vPortFree         heap_4.o
    0x080036c8   0x00000024   Code   RO         4204    i.vPortSetupTimerInterrupt  port.o
    0x080036ec   0x00000054   Code   RO         4205    i.vPortValidateInterruptPriority  port.o
    0x08003740   0x0000004c   Code   RO         3476    i.vTaskDelay        tasks.o
    0x0800378c   0x00000010   Code   RO         3479    i.vTaskInternalSetTimeOutState  tasks.o
    0x0800379c   0x0000000c   Code   RO         3480    i.vTaskMissedYield  tasks.o
    0x080037a8   0x00000030   Code   RO         3482    i.vTaskPlaceOnEventList  tasks.o
    0x080037d8   0x000000a8   Code   RO         3484    i.vTaskPriorityDisinheritAfterTimeout  tasks.o
    0x08003880   0x0000006c   Code   RO         3489    i.vTaskStartScheduler  tasks.o
    0x080038ec   0x00000010   Code   RO         3491    i.vTaskSuspendAll   tasks.o
    0x080038fc   0x0000005c   Code   RO         3492    i.vTaskSwitchContext  tasks.o
    0x08003958   0x000000f4   Code   RO         4206    i.xPortStartScheduler  port.o
    0x08003a4c   0x00000048   Code   RO         3153    i.xQueueGenericCreate  queue.o
    0x08003a94   0x00000066   Code   RO         3154    i.xQueueGenericCreateStatic  queue.o
    0x08003afa   0x00000002   PAD
    0x08003afc   0x00000088   Code   RO         3155    i.xQueueGenericReset  queue.o
    0x08003b84   0x00000160   Code   RO         3156    i.xQueueGenericSend  queue.o
    0x08003ce4   0x0000009c   Code   RO         3158    i.xQueueGiveFromISR  queue.o
    0x08003d80   0x00000178   Code   RO         3165    i.xQueueSemaphoreTake  queue.o
    0x08003ef8   0x00000074   Code   RO         3493    i.xTaskCheckForTimeOut  tasks.o
    0x08003f6c   0x0000005a   Code   RO         3494    i.xTaskCreate       tasks.o
    0x08003fc6   0x00000056   Code   RO         3495    i.xTaskCreateStatic  tasks.o
    0x0800401c   0x0000001c   Code   RO         3499    i.xTaskGetSchedulerState  tasks.o
    0x08004038   0x000000c8   Code   RO         3502    i.xTaskIncrementTick  tasks.o
    0x08004100   0x00000098   Code   RO         3505    i.xTaskPriorityDisinherit  tasks.o
    0x08004198   0x00000094   Code   RO         3506    i.xTaskPriorityInherit  tasks.o
    0x0800422c   0x00000074   Code   RO         3507    i.xTaskRemoveFromEventList  tasks.o
    0x080042a0   0x000000c4   Code   RO         3508    i.xTaskResumeAll    tasks.o
    0x08004364   0x00000054   Data   RO          285    .constdata          main.o
    0x080043b8   0x00000010   Data   RO         2962    .constdata          system_stm32f4xx.o
    0x080043c8   0x00000008   Data   RO         2963    .constdata          system_stm32f4xx.o
    0x080043d0   0x00000028   Data   RO          286    .conststring        main.o
    0x080043f8   0x00000020   Data   RO         4604    Region$$Table       anon$$obj.o


    Execution Region RW_IRAM2 (Base: 0x10000000, Size: 0x00000000, Max: 0x00010000, ABSOLUTE)

    **** No section assigned to this execution region ****


    Execution Region RW_IRAM1 (Base: 0x20000000, Size: 0x00004528, Max: 0x00020000, ABSOLUTE)

    Base Addr    Size         Type   Attr      Idx    E Section Name        Object

    0x20000000   0x00000080   Data   RW           21    .data               bsp_steper.o
    0x20000080   0x00000004   Data   RW          240    .data               delay.o
    0x20000084   0x00000014   Data   RW          287    .data               main.o
    0x20000098   0x00000008   Data   RW          404    .data               stm32f4xx_it.o
    0x200000a0   0x0000000c   Data   RW         1475    .data               stm32f4xx_hal.o
    0x200000ac   0x00000004   Data   RW         2964    .data               system_stm32f4xx.o
    0x200000b0   0x0000003c   Data   RW         3511    .data               tasks.o
    0x200000ec   0x00000018   Data   RW         4144    .data               heap_4.o
    0x20000104   0x0000000c   Data   RW         4207    .data               port.o
    0x20000110   0x00000080   Zero   RW          284    .bss                main.o
    0x20000190   0x00000254   Zero   RW          356    .bss                freertos.o
    0x200003e4   0x00000014   Zero   RW          403    .bss                stm32f4xx_it.o
    0x200003f8   0x00000040   Zero   RW          538    .bss                stm32f4xx_hal_timebase_tim.o
    0x20000438   0x000000f0   Zero   RW         3510    .bss                tasks.o
    0x20000528   0x00003c00   Zero   RW         4143    .bss                heap_4.o
    0x20004128   0x00000400   Zero   RW            1    STACK               startup_stm32f407xx.o


==============================================================================

Image component sizes


      Code (inc. data)   RO Data    RW Data    ZI Data      Debug   Object Name

       960         70          0        128          0     724226   bsp_steper.o
       182          0          0          0          0      23869   cmsis_os.o
        72          8          0          4          0       1312   delay.o
         0          0          0          0          0      18952   event_groups.o
        20          4          0          0        596       1176   freertos.o
       460         24          0         24      15360       7199   heap_4.o
       138          0          0          0          0       3462   list.o
      1712        266        124         20        128       7396   main.o
       786         82          0         12          0      12025   port.o
      1458         14          0          0          0      14753   queue.o
        36          8        392          0       1024        848   startup_stm32f407xx.o
        80         14          0         12          0       8154   stm32f4xx_hal.o
       216         14          0          0          0      34198   stm32f4xx_hal_cortex.o
        36          0          0          0          0       1211   stm32f4xx_hal_dma.o
       474         52          0          0          0       2827   stm32f4xx_hal_gpio.o
       260         26          0          0          0       1689   stm32f4xx_hal_msp.o
      1396         86          0          0          0       5709   stm32f4xx_hal_rcc.o
       656         44          0          0          0       7228   stm32f4xx_hal_tim.o
         4          0          0          0          0       1637   stm32f4xx_hal_tim_ex.o
       116         16          0          0         64       1407   stm32f4xx_hal_timebase_tim.o
      1110         16          0          0          0       8082   stm32f4xx_hal_uart.o
       236         48          0          8         20       7972   stm32f4xx_it.o
         0          0          0          0          0        432   stream_buffer.o
        28          6         24          4          0       1167   system_stm32f4xx.o
      2344        172          0         60        240      26507   tasks.o

    ----------------------------------------------------------------------
     12808        970        572        272      17432     923438   Object Totals
         0          0         32          0          0          0   (incl. Generated)
        28          0          0          0          0          0   (incl. Padding)

    ----------------------------------------------------------------------

      Code (inc. data)   RO Data    RW Data    ZI Data      Debug   Library Member Name

         0          0          0          0          0          0   entry.o
         0          0          0          0          0          0   entry10a.o
         0          0          0          0          0          0   entry11a.o
         8          4          0          0          0          0   entry2.o
         4          0          0          0          0          0   entry5.o
         0          0          0          0          0          0   entry7b.o
         0          0          0          0          0          0   entry8b.o
         8          4          0          0          0          0   entry9a.o
        30          0          0          0          0          0   handlers.o
        36          8          0          0          0         68   init.o
         0          0          0          0          0          0   iusefp.o
        30          0          0          0          0         68   llshl.o
        36          0          0          0          0         68   llsshr.o
        32          0          0          0          0         68   llushr.o
        36          0          0          0          0         68   memcpya.o
        36          0          0          0          0        108   memseta.o
      2244         86          0          0          0        512   printfa.o
        44          0          0          0          0         80   uidiv.o
        98          0          0          0          0         92   uldiv.o
        48          0          0          0          0         68   cdcmple.o
        48          0          0          0          0         68   cdrcmple.o
        56          0          0          0          0         88   d2f.o
       334          0          0          0          0        148   dadd.o
       222          0          0          0          0        100   ddiv.o
       186          0          0          0          0        176   depilogue.o
        62          0          0          0          0         80   dfixi.o
        48          0          0          0          0         68   dfixul.o
        26          0          0          0          0         76   dfltui.o
       228          0          0          0          0         96   dmul.o
        38          0          0          0          0         68   f2d.o
       110          0          0          0          0        168   fepilogue.o

    ----------------------------------------------------------------------
      4052        102          0          0          0       2336   Library Totals
         4          0          0          0          0          0   (incl. Padding)

    ----------------------------------------------------------------------

      Code (inc. data)   RO Data    RW Data    ZI Data      Debug   Library Name

      2642        102          0          0          0       1132   mc_w.l
      1406          0          0          0          0       1204   mf_w.l

    ----------------------------------------------------------------------
      4052        102          0          0          0       2336   Library Totals

    ----------------------------------------------------------------------

==============================================================================


      Code (inc. data)   RO Data    RW Data    ZI Data      Debug   

     16860       1072        572        272      17432     912182   Grand Totals
     16860       1072        572        272      17432     912182   ELF Image Totals
     16860       1072        572        272          0          0   ROM Totals

==============================================================================

    Total RO  Size (Code + RO Data)                17432 (  17.02kB)
    Total RW  Size (RW Data + ZI Data)             17704 (  17.29kB)
    Total ROM Size (Code + RO Data + RW Data)      17704 (  17.29kB)

==============================================================================

