Component: ARM Compiler 5.05 update 1 (build 106) Tool: armlink [4d0efa]

==============================================================================

Section Cross References

    startup_stm32f407xx.o(RESET) refers to startup_stm32f407xx.o(STACK) for __initial_sp
    startup_stm32f407xx.o(RESET) refers to startup_stm32f407xx.o(.text) for Reset_Handler
    startup_stm32f407xx.o(RESET) refers to stm32f4xx_it.o(i.NMI_Handler) for NMI_Handler
    startup_stm32f407xx.o(RESET) refers to stm32f4xx_it.o(i.HardFault_Handler) for HardFault_Handler
    startup_stm32f407xx.o(RESET) refers to stm32f4xx_it.o(i.MemManage_Handler) for MemManage_Handler
    startup_stm32f407xx.o(RESET) refers to stm32f4xx_it.o(i.BusFault_Handler) for BusFault_Handler
    startup_stm32f407xx.o(RESET) refers to stm32f4xx_it.o(i.UsageFault_Handler) for UsageFault_Handler
    startup_stm32f407xx.o(RESET) refers to port.o(.emb_text) for SVC_Handler
    startup_stm32f407xx.o(RESET) refers to stm32f4xx_it.o(i.DebugMon_Handler) for DebugMon_Handler
    startup_stm32f407xx.o(RESET) refers to stm32f4xx_it.o(i.SysTick_Handler) for SysTick_Handler
    startup_stm32f407xx.o(RESET) refers to stm32f4xx_it.o(i.RCC_IRQHandler) for RCC_IRQHandler
    startup_stm32f407xx.o(RESET) refers to bsp_usartx_fifo.o(i.UART5_IRQHandler) for UART5_IRQHandler
    startup_stm32f407xx.o(RESET) refers to stm32f4xx_it.o(i.TIM6_DAC_IRQHandler) for TIM6_DAC_IRQHandler
    startup_stm32f407xx.o(.text) refers to system_stm32f4xx.o(i.SystemInit) for SystemInit
    startup_stm32f407xx.o(.text) refers to entry.o(.ARM.Collect$$$$00000000) for __main
    main.o(i.AppTaskCreate) refers to tasks.o(i.xTaskCreate) for xTaskCreate
    main.o(i.AppTaskCreate) refers to main.o(.data) for .data
    main.o(i.AppTaskCreate) refers to main.o(i.vTaskTaskUserIF) for vTaskTaskUserIF
    main.o(i.AppTaskCreate) refers to main.o(i.vTaskLED1) for vTaskLED1
    main.o(i.COMProcessHelp) refers to printf3.o(i.__0printf$3) for __2printf
    main.o(i.SystemClock_Config) refers to stm32f4xx_hal_rcc.o(i.HAL_RCC_OscConfig) for HAL_RCC_OscConfig
    main.o(i.SystemClock_Config) refers to stm32f4xx_hal_rcc.o(i.HAL_RCC_ClockConfig) for HAL_RCC_ClockConfig
    main.o(i.SystemClock_Config) refers to stm32f4xx_hal_rcc.o(i.HAL_RCC_EnableCSS) for HAL_RCC_EnableCSS
    main.o(i.SystemClock_Config) refers to stm32f4xx_hal_rcc.o(i.HAL_RCC_GetHCLKFreq) for HAL_RCC_GetHCLKFreq
    main.o(i.SystemClock_Config) refers to stm32f4xx_hal_cortex.o(i.HAL_SYSTICK_Config) for HAL_SYSTICK_Config
    main.o(i.SystemClock_Config) refers to stm32f4xx_hal_cortex.o(i.HAL_SYSTICK_CLKSourceConfig) for HAL_SYSTICK_CLKSourceConfig
    main.o(i.SystemClock_Config) refers to stm32f4xx_hal_cortex.o(i.HAL_NVIC_SetPriority) for HAL_NVIC_SetPriority
    main.o(i.main) refers to stm32f4xx_hal.o(i.HAL_Init) for HAL_Init
    main.o(i.main) refers to main.o(i.SystemClock_Config) for SystemClock_Config
    main.o(i.main) refers to bsp_usartx_fifo.o(i.Usart_FIFO_Init) for Usart_FIFO_Init
    main.o(i.main) refers to bsp_led.o(i.LED_GPIO_Init) for LED_GPIO_Init
    main.o(i.main) refers to bsp_key.o(i.KEY_GPIO_Init) for KEY_GPIO_Init
    main.o(i.main) refers to bsp_basictim.o(i.BASIC_TIMx_Init) for BASIC_TIMx_Init
    main.o(i.main) refers to main.o(i.AppTaskCreate) for AppTaskCreate
    main.o(i.main) refers to tasks.o(i.vTaskStartScheduler) for vTaskStartScheduler
    main.o(i.vTaskLED1) refers to main.o(i.COMProcessHelp) for COMProcessHelp
    main.o(i.vTaskLED1) refers to bsp_usartx_fifo.o(i.comGetChar) for comGetChar
    main.o(i.vTaskLED1) refers to printf3.o(i.__0sprintf$3) for __2sprintf
    main.o(i.vTaskLED1) refers to strlen.o(.text) for strlen
    main.o(i.vTaskLED1) refers to bsp_usartx_fifo.o(i.comSendBuf) for comSendBuf
    main.o(i.vTaskLED1) refers to tasks.o(i.vTaskDelay) for vTaskDelay
    main.o(i.vTaskTaskUserIF) refers to bsp_key.o(i.KeyCreate) for KeyCreate
    main.o(i.vTaskTaskUserIF) refers to printf3.o(i.__0printf$3) for __2printf
    main.o(i.vTaskTaskUserIF) refers to bsp_key.o(i.Key_RefreshState) for Key_RefreshState
    main.o(i.vTaskTaskUserIF) refers to bsp_key.o(i.Key_AccessTimes) for Key_AccessTimes
    main.o(i.vTaskTaskUserIF) refers to tasks.o(i.vTaskList) for vTaskList
    main.o(i.vTaskTaskUserIF) refers to tasks.o(i.vTaskGetRunTimeStats) for vTaskGetRunTimeStats
    main.o(i.vTaskTaskUserIF) refers to main.o(i.COMProcessHelp) for COMProcessHelp
    main.o(i.vTaskTaskUserIF) refers to tasks.o(i.vTaskDelay) for vTaskDelay
    main.o(i.vTaskTaskUserIF) refers to bsp_key.o(i.GetPinStateOfKey1) for GetPinStateOfKey1
    main.o(i.vTaskTaskUserIF) refers to main.o(.data) for .data
    main.o(i.vTaskTaskUserIF) refers to bsp_key.o(i.GetPinStateOfKey2) for GetPinStateOfKey2
    stm32f4xx_hal_msp.o(i.HAL_MspInit) refers to stm32f4xx_hal_cortex.o(i.HAL_NVIC_SetPriorityGrouping) for HAL_NVIC_SetPriorityGrouping
[...]
    ../clib/microlib/printf/printf.c         0x00000000   Number         0  printf8.o ABSOLUTE
    ../clib/microlib/printf/printf.c         0x00000000   Number         0  printf7.o ABSOLUTE
    ../clib/microlib/printf/printf.c         0x00000000   Number         0  printf6.o ABSOLUTE
    ../clib/microlib/printf/printf.c         0x00000000   Number         0  printf5.o ABSOLUTE
    ../clib/microlib/printf/printf.c         0x00000000   Number         0  printf4.o ABSOLUTE
    ../clib/microlib/printf/printf.c         0x00000000   Number         0  printf3.o ABSOLUTE
    ../clib/microlib/printf/stubs.s          0x00000000   Number         0  stubs.o ABSOLUTE
    ../clib/microlib/stdio/streams.c         0x00000000   Number         0  stdout.o ABSOLUTE
    ../clib/microlib/string/memcpy.c         0x00000000   Number         0  memcpya.o ABSOLUTE
    ../clib/microlib/string/memcpy.c         0x00000000   Number         0  memcpyb.o ABSOLUTE
    ../clib/microlib/string/memset.c         0x00000000   Number         0  memseta.o ABSOLUTE
    ../clib/microlib/string/strcpy.c         0x00000000   Number         0  strcpy.o ABSOLUTE
    ../clib/microlib/string/strlen.c         0x00000000   Number         0  strlen.o ABSOLUTE
    ../clib/microlib/stubs.s                 0x00000000   Number         0  iusefp.o ABSOLUTE
    ../fplib/microlib/fpadd.c                0x00000000   Number         0  dadd.o ABSOLUTE
    ../fplib/microlib/fpdiv.c                0x00000000   Number         0  ddiv.o ABSOLUTE
    ../fplib/microlib/fpepilogue.c           0x00000000   Number         0  depilogue.o ABSOLUTE
    ../fplib/microlib/fpfix.c                0x00000000   Number         0  dfixul.o ABSOLUTE
    ../fplib/microlib/fpmul.c                0x00000000   Number         0  dmul.o ABSOLUTE
    ..\Drivers\STM32F4xx_HAL_Driver\Src\stm32f4xx_hal.c 0x00000000   Number         0  stm32f4xx_hal.o ABSOLUTE
    ..\Drivers\STM32F4xx_HAL_Driver\Src\stm32f4xx_hal_adc.c 0x00000000   Number         0  stm32f4xx_hal_adc.o ABSOLUTE
    ..\Drivers\STM32F4xx_HAL_Driver\Src\stm32f4xx_hal_adc_ex.c 0x00000000   Number         0  stm32f4xx_hal_adc_ex.o ABSOLUTE
    ..\Drivers\STM32F4xx_HAL_Driver\Src\stm32f4xx_hal_can.c 0x00000000   Number         0  stm32f4xx_hal_can.o ABSOLUTE
    ..\Drivers\STM32F4xx_HAL_Driver\Src\stm32f4xx_hal_cec.c 0x00000000   Number         0  stm32f4xx_hal_cec.o ABSOLUTE
    ..\Drivers\STM32F4xx_HAL_Driver\Src\stm32f4xx_hal_cortex.c 0x00000000   Number         0  stm32f4xx_hal_cortex.o ABSOLUTE
    ..\Drivers\STM32F4xx_HAL_Driver\Src\stm32f4xx_hal_crc.c 0x00000000   Number         0  stm32f4xx_hal_crc.o ABSOLUTE
    ..\Drivers\STM32F4xx_HAL_Driver\Src\stm32f4xx_hal_cryp.c 0x00000000   Number         0  stm32f4xx_hal_cryp.o ABSOLUTE
    ..\Drivers\STM32F4xx_HAL_Driver\Src\stm32f4xx_hal_cryp_ex.c 0x00000000   Number         0  stm32f4xx_hal_cryp_ex.o ABSOLUTE
    ..\Drivers\STM32F4xx_HAL_Driver\Src\stm32f4xx_hal_dac.c 0x00000000   Number         0  stm32f4xx_hal_dac.o ABSOLUTE
    ..\Drivers\STM32F4xx_HAL_Driver\Src\stm32f4xx_hal_dac_ex.c 0x00000000   Number         0  stm32f4xx_hal_dac_ex.o ABSOLUTE
    ..\Drivers\STM32F4xx_HAL_Driver\Src\stm32f4xx_hal_dcmi.c 0x00000000   Number         0  stm32f4xx_hal_dcmi.o ABSOLUTE
    ..\Drivers\STM32F4xx_HAL_Driver\Src\stm32f4xx_hal_dcmi_ex.c 0x00000000   Number         0  stm32f4xx_hal_dcmi_ex.o ABSOLUTE
    ..\Drivers\STM32F4xx_HAL_Driver\Src\stm32f4xx_hal_dfsdm.c 0x00000000   Number         0  stm32f4xx_hal_dfsdm.o ABSOLUTE
    ..\Drivers\STM32F4xx_HAL_Driver\Src\stm32f4xx_hal_dma.c 0x00000000   Number         0  stm32f4xx_hal_dma.o ABSOLUTE
    ..\Drivers\STM32F4xx_HAL_Driver\Src\stm32f4xx_hal_dma2d.c 0x00000000   Number         0  stm32f4xx_hal_dma2d.o ABSOLUTE
    ..\Drivers\STM32F4xx_HAL_Driver\Src\stm32f4xx_hal_dma_ex.c 0x00000000   Number         0  stm32f4xx_hal_dma_ex.o ABSOLUTE
    ..\Drivers\STM32F4xx_HAL_Driver\Src\stm32f4xx_hal_dsi.c 0x00000000   Number         0  stm32f4xx_hal_dsi.o ABSOLUTE
    ..\Drivers\STM32F4xx_HAL_Driver\Src\stm32f4xx_hal_eth.c 0x00000000   Number         0  stm32f4xx_hal_eth.o ABSOLUTE
    ..\Drivers\STM32F4xx_HAL_Driver\Src\stm32f4xx_hal_flash.c 0x00000000   Number         0  stm32f4xx_hal_flash.o ABSOLUTE
    ..\Drivers\STM32F4xx_HAL_Driver\Src\stm32f4xx_hal_flash_ex.c 0x00000000   Number         0  stm32f4xx_hal_flash_ex.o ABSOLUTE
    ..\Drivers\STM32F4xx_HAL_Driver\Src\stm32f4xx_hal_flash_ramfunc.c 0x00000000   Number         0  stm32f4xx_hal_flash_ramfunc.o ABSOLUTE
    ..\Drivers\STM32F4xx_HAL_Driver\Src\stm32f4xx_hal_fmpi2c.c 0x00000000   Number         0  stm32f4xx_hal_fmpi2c.o ABSOLUTE
    ..\Drivers\STM32F4xx_HAL_Driver\Src\stm32f4xx_hal_fmpi2c_ex.c 0x00000000   Number         0  stm32f4xx_hal_fmpi2c_ex.o ABSOLUTE
    ..\Drivers\STM32F4xx_HAL_Driver\Src\stm32f4xx_hal_gpio.c 0x00000000   Number         0  stm32f4xx_hal_gpio.o ABSOLUTE
    ..\Drivers\STM32F4xx_HAL_Driver\Src\stm32f4xx_hal_hash.c 0x00000000   Number         0  stm32f4xx_hal_hash.o ABSOLUTE
    ..\Drivers\STM32F4xx_HAL_Driver\Src\stm32f4xx_hal_hash_ex.c 0x00000000   Number         0  stm32f4xx_hal_hash_ex.o ABSOLUTE
    ..\Drivers\STM32F4xx_HAL_Driver\Src\stm32f4xx_hal_hcd.c 0x00000000   Number         0  stm32f4xx_hal_hcd.o ABSOLUTE
    ..\Drivers\STM32F4xx_HAL_Driver\Src\stm32f4xx_hal_i2c.c 0x00000000   Number         0  stm32f4xx_hal_i2c.o ABSOLUTE
    ..\Drivers\STM32F4xx_HAL_Driver\Src\stm32f4xx_hal_i2c_ex.c 0x00000000   Number         0  stm32f4xx_hal_i2c_ex.o ABSOLUTE
    ..\Drivers\STM32F4xx_HAL_Driver\Src\stm32f4xx_hal_i2s.c 0x00000000   Number         0  stm32f4xx_hal_i2s.o ABSOLUTE
    ..\Drivers\STM32F4xx_HAL_Driver\Src\stm32f4xx_hal_i2s_ex.c 0x00000000   Number         0  stm32f4xx_hal_i2s_ex.o ABSOLUTE
    ..\Drivers\STM32F4xx_HAL_Driver\Src\stm32f4xx_hal_irda.c 0x00000000   Number         0  stm32f4xx_hal_irda.o ABSOLUTE
    ..\Drivers\STM32F4xx_HAL_Driver\Src\stm32f4xx_hal_iwdg.c 0x00000000   Number         0  stm32f4xx_hal_iwdg.o ABSOLUTE
    ..\Drivers\STM32F4xx_HAL_Driver\Src\stm32f4xx_hal_lptim.c 0x00000000   Number         0  stm32f4xx_hal_lptim.o ABSOLUTE
    ..\Drivers\STM32F4xx_HAL_Driver\Src\stm32f4xx_hal_ltdc.c 0x00000000   Number         0  stm32f4xx_hal_ltdc.o ABSOLUTE
    ..\Drivers\STM32F4xx_HAL_Driver\Src\stm32f4xx_hal_ltdc_ex.c 0x00000000   Number         0  stm32f4xx_hal_ltdc_ex.o ABSOLUTE
    ..\Drivers\STM32F4xx_HAL_Driver\Src\stm32f4xx_hal_mmc.c 0x00000000   Number         0  stm32f4xx_hal_mmc.o ABSOLUTE
    ..\Drivers\STM32F4xx_HAL_Driver\Src\stm32f4xx_hal_nand.c 0x00000000   Number         0  stm32f4xx_hal_nand.o ABSOLUTE
    ..\Drivers\STM32F4xx_HAL_Driver\Src\stm32f4xx_hal_nor.c 0x00000000   Number         0  stm32f4xx_hal_nor.o ABSOLUTE
    ..\Drivers\STM32F4xx_HAL_Driver\Src\stm32f4xx_hal_pccard.c 0x00000000   Number         0  stm32f4xx_hal_pccard.o ABSOLUTE
    ..\Drivers\STM32F4xx_HAL_Driver\Src\stm32f4xx_hal_pcd.c 0x00000000   Number         0  stm32f4xx_hal_pcd.o ABSOLUTE
    ..\Drivers\STM32F4xx_HAL_Driver\Src\stm32f4xx_hal_pcd_ex.c 0x00000000   Number         0  stm32f4xx_hal_pcd_ex.o ABSOLUTE
    ..\Drivers\STM32F4xx_HAL_Driver\Src\stm32f4xx_hal_pwr.c 0x00000000   Number         0  stm32f4xx_hal_pwr.o ABSOLUTE
    ..\Drivers\STM32F4xx_HAL_Driver\Src\stm32f4xx_hal_pwr_ex.c 0x00000000   Number         0  stm32f4xx_hal_pwr_ex.o ABSOLUTE
    ..\Drivers\STM32F4xx_HAL_Driver\Src\stm32f4xx_hal_qspi.c 0x00000000   Number         0  stm32f4xx_hal_qspi.o ABSOLUTE
    ..\Drivers\STM32F4xx_HAL_Driver\Src\stm32f4xx_hal_rcc.c 0x00000000   Number         0  stm32f4xx_hal_rcc.o ABSOLUTE
    ..\Drivers\STM32F4xx_HAL_Driver\Src\stm32f4xx_hal_rcc_ex.c 0x00000000   Number         0  stm32f4xx_hal_rcc_ex.o ABSOLUTE
    ..\Drivers\STM32F4xx_HAL_Driver\Src\stm32f4xx_hal_rng.c 0x00000000   Number         0  stm32f4xx_hal_rng.o ABSOLUTE
    ..\Drivers\STM32F4xx_HAL_Driver\Src\stm32f4xx_hal_rtc.c 0x00000000   Number         0  stm32f4xx_hal_rtc.o ABSOLUTE
    ..\Drivers\STM32F4xx_HAL_Driver\Src\stm32f4xx_hal_rtc_ex.c 0x00000000   Number         0  stm32f4xx_hal_rtc_ex.o ABSOLUTE
    ..\Drivers\STM32F4xx_HAL_Driver\Src\stm32f4xx_hal_sai.c 0x00000000   Number         0  stm32f4xx_hal_sai.o ABSOLUTE
    ..\Drivers\STM32F4xx_HAL_Driver\Src\stm32f4xx_hal_sai_ex.c 0x00000000   Number         0  stm32f4xx_hal_sai_ex.o ABSOLUTE
    ..\Drivers\STM32F4xx_HAL_Driver\Src\stm32f4xx_hal_sd.c 0x00000000   Number         0  stm32f4xx_hal_sd.o ABSOLUTE
    ..\Drivers\STM32F4xx_HAL_Driver\Src\stm32f4xx_hal_sdram.c 0x00000000   Number         0  stm32f4xx_hal_sdram.o ABSOLUTE
    ..\Drivers\STM32F4xx_HAL_Driver\Src\stm32f4xx_hal_smartcard.c 0x00000000   Number         0  stm32f4xx_hal_smartcard.o ABSOLUTE
    ..\Drivers\STM32F4xx_HAL_Driver\Src\stm32f4xx_hal_spdifrx.c 0x00000000   Number         0  stm32f4xx_hal_spdifrx.o ABSOLUTE
    ..\Drivers\STM32F4xx_HAL_Driver\Src\stm32f4xx_hal_spi.c 0x00000000   Number         0  stm32f4xx_hal_spi.o ABSOLUTE
    ..\Drivers\STM32F4xx_HAL_Driver\Src\stm32f4xx_hal_sram.c 0x00000000   Number         0  stm32f4xx_hal_sram.o ABSOLUTE
    ..\Drivers\STM32F4xx_HAL_Driver\Src\stm32f4xx_hal_tim.c 0x00000000   Number         0  stm32f4xx_hal_tim.o ABSOLUTE
    ..\Drivers\STM32F4xx_HAL_Driver\Src\stm32f4xx_hal_tim_ex.c 0x00000000   Number         0  stm32f4xx_hal_tim_ex.o ABSOLUTE
    ..\Drivers\STM32F4xx_HAL_Driver\Src\stm32f4xx_hal_uart.c 0x00000000   Number         0  stm32f4xx_hal_uart.o ABSOLUTE
    ..\Drivers\STM32F4xx_HAL_Driver\Src\stm32f4xx_hal_usart.c 0x00000000   Number         0  stm32f4xx_hal_usart.o ABSOLUTE
    ..\Drivers\STM32F4xx_HAL_Driver\Src\stm32f4xx_hal_wwdg.c 0x00000000   Number         0  stm32f4xx_hal_wwdg.o ABSOLUTE
    ..\Drivers\STM32F4xx_HAL_Driver\Src\stm32f4xx_ll_adc.c 0x00000000   Number         0  stm32f4xx_ll_adc.o ABSOLUTE
    ..\Drivers\STM32F4xx_HAL_Driver\Src\stm32f4xx_ll_crc.c 0x00000000   Number         0  stm32f4xx_ll_crc.o ABSOLUTE
    ..\Drivers\STM32F4xx_HAL_Driver\Src\stm32f4xx_ll_dac.c 0x00000000   Number         0  stm32f4xx_ll_dac.o ABSOLUTE
    ..\Drivers\STM32F4xx_HAL_Driver\Src\stm32f4xx_ll_dma.c 0x00000000   Number         0  stm32f4xx_ll_dma.o ABSOLUTE
    ..\Drivers\STM32F4xx_HAL_Driver\Src\stm32f4xx_ll_dma2d.c 0x00000000   Number         0  stm32f4xx_ll_dma2d.o ABSOLUTE
    ..\Drivers\STM32F4xx_HAL_Driver\Src\stm32f4xx_ll_exti.c 0x00000000   Number         0  stm32f4xx_ll_exti.o ABSOLUTE
    ..\Drivers\STM32F4xx_HAL_Driver\Src\stm32f4xx_ll_fmc.c 0x00000000   Number         0  stm32f4xx_ll_fmc.o ABSOLUTE
    ..\Drivers\STM32F4xx_HAL_Driver\Src\stm32f4xx_ll_fsmc.c 0x00000000   Number         0  stm32f4xx_ll_fsmc.o ABSOLUTE
    ..\Drivers\STM32F4xx_HAL_Driver\Src\stm32f4xx_ll_gpio.c 0x00000000   Number         0  stm32f4xx_ll_gpio.o ABSOLUTE
    ..\Drivers\STM32F4xx_HAL_Driver\Src\stm32f4xx_ll_i2c.c 0x00000000   Number         0  stm32f4xx_ll_i2c.o ABSOLUTE
    ..\Drivers\STM32F4xx_HAL_Driver\Src\stm32f4xx_ll_lptim.c 0x00000000   Number         0  stm32f4xx_ll_lptim.o ABSOLUTE
    ..\Drivers\STM32F4xx_HAL_Driver\Src\stm32f4xx_ll_pwr.c 0x00000000   Number         0  stm32f4xx_ll_pwr.o ABSOLUTE
    ..\Drivers\STM32F4xx_HAL_Driver\Src\stm32f4xx_ll_rcc.c 0x00000000   Number         0  stm32f4xx_ll_rcc.o ABSOLUTE
    ..\Drivers\STM32F4xx_HAL_Driver\Src\stm32f4xx_ll_rng.c 0x00000000   Number         0  stm32f4xx_ll_rng.o ABSOLUTE
    ..\Drivers\STM32F4xx_HAL_Driver\Src\stm32f4xx_ll_rtc.c 0x00000000   Number         0  stm32f4xx_ll_rtc.o ABSOLUTE
    ..\Drivers\STM32F4xx_HAL_Driver\Src\stm32f4xx_ll_sdmmc.c 0x00000000   Number         0  stm32f4xx_ll_sdmmc.o ABSOLUTE
    ..\Drivers\STM32F4xx_HAL_Driver\Src\stm32f4xx_ll_spi.c 0x00000000   Number         0  stm32f4xx_ll_spi.o ABSOLUTE
    ..\Drivers\STM32F4xx_HAL_Driver\Src\stm32f4xx_ll_tim.c 0x00000000   Number         0  stm32f4xx_ll_tim.o ABSOLUTE
    ..\Drivers\STM32F4xx_HAL_Driver\Src\stm32f4xx_ll_usart.c 0x00000000   Number         0  stm32f4xx_ll_usart.o ABSOLUTE
    ..\Drivers\STM32F4xx_HAL_Driver\Src\stm32f4xx_ll_usb.c 0x00000000   Number         0  stm32f4xx_ll_usb.o ABSOLUTE
    ..\Drivers\STM32F4xx_HAL_Driver\Src\stm32f4xx_ll_utils.c 0x00000000   Number         0  stm32f4xx_ll_utils.o ABSOLUTE
    ..\Middlewares\Third_Party\FreeRTOS\Source\CMSIS_RTOS\cmsis_os.c 0x00000000   Number         0  cmsis_os.o ABSOLUTE
    ..\Middlewares\Third_Party\FreeRTOS\Source\croutine.c 0x00000000   Number         0  croutine.o ABSOLUTE
    ..\Middlewares\Third_Party\FreeRTOS\Source\event_groups.c 0x00000000   Number         0  event_groups.o ABSOLUTE
    ..\Middlewares\Third_Party\FreeRTOS\Source\list.c 0x00000000   Number         0  list.o ABSOLUTE
    ..\Middlewares\Third_Party\FreeRTOS\Source\portable\MemMang\heap_4.c 0x00000000   Number         0  heap_4.o ABSOLUTE
    ..\Middlewares\Third_Party\FreeRTOS\Source\portable\RVDS\ARM_CM4F\port.c 0x00000000   Number         0  port.o ABSOLUTE
    ..\Middlewares\Third_Party\FreeRTOS\Source\queue.c 0x00000000   Number         0  queue.o ABSOLUTE
    ..\Middlewares\Third_Party\FreeRTOS\Source\tasks.c 0x00000000   Number         0  tasks.o ABSOLUTE
    ..\Middlewares\Third_Party\FreeRTOS\Source\timers.c 0x00000000   Number         0  timers.o ABSOLUTE
    ..\Src\bsp\BasicTIM\bsp_BasicTIM.c       0x00000000   Number         0  bsp_basictim.o ABSOLUTE
    ..\Src\bsp\key\bsp_key.c                 0x00000000   Number         0  bsp_key.o ABSOLUTE
    ..\Src\bsp\led\bsp_led.c                 0x00000000   Number         0  bsp_led.o ABSOLUTE
    ..\Src\bsp\usart\bsp_usartx_fifo.c       0x00000000   Number         0  bsp_usartx_fifo.o ABSOLUTE
    ..\Src\main.c                            0x00000000   Number         0  main.o ABSOLUTE
    ..\Src\stm32f4xx_assert.c                0x00000000   Number         0  stm32f4xx_assert.o ABSOLUTE
    ..\Src\stm32f4xx_hal_msp.c               0x00000000   Number         0  stm32f4xx_hal_msp.o ABSOLUTE
    ..\Src\stm32f4xx_it.c                    0x00000000   Number         0  stm32f4xx_it.o ABSOLUTE
    ..\Src\system_stm32f4xx.c                0x00000000   Number         0  system_stm32f4xx.o ABSOLUTE
    ..\\Drivers\\STM32F4xx_HAL_Driver\\Src\\stm32f4xx_hal_adc.c 0x00000000   Number         0  stm32f4xx_hal_adc.o ABSOLUTE
    ..\\Drivers\\STM32F4xx_HAL_Driver\\Src\\stm32f4xx_hal_adc_ex.c 0x00000000   Number         0  stm32f4xx_hal_adc_ex.o ABSOLUTE
    ..\\Drivers\\STM32F4xx_HAL_Driver\\Src\\stm32f4xx_hal_can.c 0x00000000   Number         0  stm32f4xx_hal_can.o ABSOLUTE
    ..\\Drivers\\STM32F4xx_HAL_Driver\\Src\\stm32f4xx_hal_cec.c 0x00000000   Number         0  stm32f4xx_hal_cec.o ABSOLUTE
    ..\\Drivers\\STM32F4xx_HAL_Driver\\Src\\stm32f4xx_hal_crc.c 0x00000000   Number         0  stm32f4xx_hal_crc.o ABSOLUTE
    ..\\Drivers\\STM32F4xx_HAL_Driver\\Src\\stm32f4xx_hal_cryp.c 0x00000000   Number         0  stm32f4xx_hal_cryp.o ABSOLUTE
    ..\\Drivers\\STM32F4xx_HAL_Driver\\Src\\stm32f4xx_hal_cryp_ex.c 0x00000000   Number         0  stm32f4xx_hal_cryp_ex.o ABSOLUTE
    ..\\Drivers\\STM32F4xx_HAL_Driver\\Src\\stm32f4xx_hal_dac.c 0x00000000   Number         0  stm32f4xx_hal_dac.o ABSOLUTE
    ..\\Drivers\\STM32F4xx_HAL_Driver\\Src\\stm32f4xx_hal_dac_ex.c 0x00000000   Number         0  stm32f4xx_hal_dac_ex.o ABSOLUTE
    ..\\Drivers\\STM32F4xx_HAL_Driver\\Src\\stm32f4xx_hal_dcmi.c 0x00000000   Number         0  stm32f4xx_hal_dcmi.o ABSOLUTE
    ..\\Drivers\\STM32F4xx_HAL_Driver\\Src\\stm32f4xx_hal_dcmi_ex.c 0x00000000   Number         0  stm32f4xx_hal_dcmi_ex.o ABSOLUTE
    ..\\Drivers\\STM32F4xx_HAL_Driver\\Src\\stm32f4xx_hal_dfsdm.c 0x00000000   Number         0  stm32f4xx_hal_dfsdm.o ABSOLUTE
    ..\\Drivers\\STM32F4xx_HAL_Driver\\Src\\stm32f4xx_hal_dma2d.c 0x00000000   Number         0  stm32f4xx_hal_dma2d.o ABSOLUTE
    ..\\Drivers\\STM32F4xx_HAL_Driver\\Src\\stm32f4xx_hal_dsi.c 0x00000000   Number         0  stm32f4xx_hal_dsi.o ABSOLUTE
    ..\\Drivers\\STM32F4xx_HAL_Driver\\Src\\stm32f4xx_hal_eth.c 0x00000000   Number         0  stm32f4xx_hal_eth.o ABSOLUTE
    ..\\Drivers\\STM32F4xx_HAL_Driver\\Src\\stm32f4xx_hal_fmpi2c.c 0x00000000   Number         0  stm32f4xx_hal_fmpi2c.o ABSOLUTE
    ..\\Drivers\\STM32F4xx_HAL_Driver\\Src\\stm32f4xx_hal_fmpi2c_ex.c 0x00000000   Number         0  stm32f4xx_hal_fmpi2c_ex.o ABSOLUTE
    ..\\Drivers\\STM32F4xx_HAL_Driver\\Src\\stm32f4xx_hal_hash.c 0x00000000   Number         0  stm32f4xx_hal_hash.o ABSOLUTE
    ..\\Drivers\\STM32F4xx_HAL_Driver\\Src\\stm32f4xx_hal_hash_ex.c 0x00000000   Number         0  stm32f4xx_hal_hash_ex.o ABSOLUTE
    ..\\Drivers\\STM32F4xx_HAL_Driver\\Src\\stm32f4xx_hal_hcd.c 0x00000000   Number         0  stm32f4xx_hal_hcd.o ABSOLUTE
    ..\\Drivers\\STM32F4xx_HAL_Driver\\Src\\stm32f4xx_hal_i2c.c 0x00000000   Number         0  stm32f4xx_hal_i2c.o ABSOLUTE
    ..\\Drivers\\STM32F4xx_HAL_Driver\\Src\\stm32f4xx_hal_i2c_ex.c 0x00000000   Number         0  stm32f4xx_hal_i2c_ex.o ABSOLUTE
    ..\\Drivers\\STM32F4xx_HAL_Driver\\Src\\stm32f4xx_hal_i2s.c 0x00000000   Number         0  stm32f4xx_hal_i2s.o ABSOLUTE
    ..\\Drivers\\STM32F4xx_HAL_Driver\\Src\\stm32f4xx_hal_i2s_ex.c 0x00000000   Number         0  stm32f4xx_hal_i2s_ex.o ABSOLUTE
    ..\\Drivers\\STM32F4xx_HAL_Driver\\Src\\stm32f4xx_hal_irda.c 0x00000000   Number         0  stm32f4xx_hal_irda.o ABSOLUTE
    ..\\Drivers\\STM32F4xx_HAL_Driver\\Src\\stm32f4xx_hal_iwdg.c 0x00000000   Number         0  stm32f4xx_hal_iwdg.o ABSOLUTE
    ..\\Drivers\\STM32F4xx_HAL_Driver\\Src\\stm32f4xx_hal_lptim.c 0x00000000   Number         0  stm32f4xx_hal_lptim.o ABSOLUTE
    ..\\Drivers\\STM32F4xx_HAL_Driver\\Src\\stm32f4xx_hal_ltdc.c 0x00000000   Number         0  stm32f4xx_hal_ltdc.o ABSOLUTE
    ..\\Drivers\\STM32F4xx_HAL_Driver\\Src\\stm32f4xx_hal_ltdc_ex.c 0x00000000   Number         0  stm32f4xx_hal_ltdc_ex.o ABSOLUTE
    ..\\Drivers\\STM32F4xx_HAL_Driver\\Src\\stm32f4xx_hal_mmc.c 0x00000000   Number         0  stm32f4xx_hal_mmc.o ABSOLUTE
    ..\\Drivers\\STM32F4xx_HAL_Driver\\Src\\stm32f4xx_hal_nand.c 0x00000000   Number         0  stm32f4xx_hal_nand.o ABSOLUTE
    ..\\Drivers\\STM32F4xx_HAL_Driver\\Src\\stm32f4xx_hal_nor.c 0x00000000   Number         0  stm32f4xx_hal_nor.o ABSOLUTE
    ..\\Drivers\\STM32F4xx_HAL_Driver\\Src\\stm32f4xx_hal_pccard.c 0x00000000   Number         0  stm32f4xx_hal_pccard.o ABSOLUTE
    ..\\Drivers\\STM32F4xx_HAL_Driver\\Src\\stm32f4xx_hal_pcd.c 0x00000000   Number         0  stm32f4xx_hal_pcd.o ABSOLUTE
    ..\\Drivers\\STM32F4xx_HAL_Driver\\Src\\stm32f4xx_hal_pcd_ex.c 0x00000000   Number         0  stm32f4xx_hal_pcd_ex.o ABSOLUTE
    ..\\Drivers\\STM32F4xx_HAL_Driver\\Src\\stm32f4xx_hal_qspi.c 0x00000000   Number         0  stm32f4xx_hal_qspi.o ABSOLUTE
    ..\\Drivers\\STM32F4xx_HAL_Driver\\Src\\stm32f4xx_hal_rng.c 0x00000000   Number         0  stm32f4xx_hal_rng.o ABSOLUTE
    ..\\Drivers\\STM32F4xx_HAL_Driver\\Src\\stm32f4xx_hal_rtc.c 0x00000000   Number         0  stm32f4xx_hal_rtc.o ABSOLUTE
    ..\\Drivers\\STM32F4xx_HAL_Driver\\Src\\stm32f4xx_hal_rtc_ex.c 0x00000000   Number         0  stm32f4xx_hal_rtc_ex.o ABSOLUTE
    ..\\Drivers\\STM32F4xx_HAL_Driver\\Src\\stm32f4xx_hal_sai.c 0x00000000   Number         0  stm32f4xx_hal_sai.o ABSOLUTE
    ..\\Drivers\\STM32F4xx_HAL_Driver\\Src\\stm32f4xx_hal_sai_ex.c 0x00000000   Number         0  stm32f4xx_hal_sai_ex.o ABSOLUTE
    ..\\Drivers\\STM32F4xx_HAL_Driver\\Src\\stm32f4xx_hal_sd.c 0x00000000   Number         0  stm32f4xx_hal_sd.o ABSOLUTE
    ..\\Drivers\\STM32F4xx_HAL_Driver\\Src\\stm32f4xx_hal_sdram.c 0x00000000   Number         0  stm32f4xx_hal_sdram.o ABSOLUTE
    ..\\Drivers\\STM32F4xx_HAL_Driver\\Src\\stm32f4xx_hal_smartcard.c 0x00000000   Number         0  stm32f4xx_hal_smartcard.o ABSOLUTE
    ..\\Drivers\\STM32F4xx_HAL_Driver\\Src\\stm32f4xx_hal_spdifrx.c 0x00000000   Number         0  stm32f4xx_hal_spdifrx.o ABSOLUTE
    ..\\Drivers\\STM32F4xx_HAL_Driver\\Src\\stm32f4xx_hal_spi.c 0x00000000   Number         0  stm32f4xx_hal_spi.o ABSOLUTE
    ..\\Drivers\\STM32F4xx_HAL_Driver\\Src\\stm32f4xx_hal_sram.c 0x00000000   Number         0  stm32f4xx_hal_sram.o ABSOLUTE
    ..\\Drivers\\STM32F4xx_HAL_Driver\\Src\\stm32f4xx_hal_tim.c 0x00000000   Number         0  stm32f4xx_hal_tim.o ABSOLUTE
    ..\\Drivers\\STM32F4xx_HAL_Driver\\Src\\stm32f4xx_hal_tim_ex.c 0x00000000   Number         0  stm32f4xx_hal_tim_ex.o ABSOLUTE
    ..\\Drivers\\STM32F4xx_HAL_Driver\\Src\\stm32f4xx_hal_uart.c 0x00000000   Number         0  stm32f4xx_hal_uart.o ABSOLUTE
    ..\\Drivers\\STM32F4xx_HAL_Driver\\Src\\stm32f4xx_hal_usart.c 0x00000000   Number         0  stm32f4xx_hal_usart.o ABSOLUTE
    ..\\Drivers\\STM32F4xx_HAL_Driver\\Src\\stm32f4xx_hal_wwdg.c 0x00000000   Number         0  stm32f4xx_hal_wwdg.o ABSOLUTE
    ..\\Drivers\\STM32F4xx_HAL_Driver\\Src\\stm32f4xx_ll_fmc.c 0x00000000   Number         0  stm32f4xx_ll_fmc.o ABSOLUTE
    ..\\Drivers\\STM32F4xx_HAL_Driver\\Src\\stm32f4xx_ll_fsmc.c 0x00000000   Number         0  stm32f4xx_ll_fsmc.o ABSOLUTE
    ..\\Drivers\\STM32F4xx_HAL_Driver\\Src\\stm32f4xx_ll_sdmmc.c 0x00000000   Number         0  stm32f4xx_ll_sdmmc.o ABSOLUTE
    ..\\Drivers\\STM32F4xx_HAL_Driver\\Src\\stm32f4xx_ll_usb.c 0x00000000   Number         0  stm32f4xx_ll_usb.o ABSOLUTE
    ..\\Drivers\\STM32F4xx_HAL_Driver\\Src\\stm32f4xx_ll_utils.c 0x00000000   Number         0  stm32f4xx_ll_utils.o ABSOLUTE
    ..\\Middlewares\\Third_Party\\FreeRTOS\\Source\\CMSIS_RTOS\\cmsis_os.c 0x00000000   Number         0  cmsis_os.o ABSOLUTE
    ..\\Middlewares\\Third_Party\\FreeRTOS\\Source\\portable\\RVDS\\ARM_CM4F\\port.c 0x00000000   Number         0  port.o ABSOLUTE
    ..\\Src\\bsp\\BasicTIM\\bsp_BasicTIM.c   0x00000000   Number         0  bsp_basictim.o ABSOLUTE
    ..\\Src\\bsp\\key\\bsp_key.c             0x00000000   Number         0  bsp_key.o ABSOLUTE
    ..\\Src\\bsp\\led\\bsp_led.c             0x00000000   Number         0  bsp_led.o ABSOLUTE
    ..\\Src\\bsp\\usart\\bsp_usartx_fifo.c   0x00000000   Number         0  bsp_usartx_fifo.o ABSOLUTE
    ..\\Src\\stm32f4xx_assert.c              0x00000000   Number         0  stm32f4xx_assert.o ABSOLUTE
    cdrcmple.s                               0x00000000   Number         0  cdrcmple.o ABSOLUTE
    dc.s                                     0x00000000   Number         0  dc.o ABSOLUTE
    handlers.s                               0x00000000   Number         0  handlers.o ABSOLUTE
    init.s                                   0x00000000   Number         0  init.o ABSOLUTE
    startup_stm32f407xx.s                    0x00000000   Number         0  startup_stm32f407xx.o ABSOLUTE
    RESET                                    0x08000000   Section      392  startup_stm32f407xx.o(RESET)
    .ARM.Collect$$$$00000000                 0x08000188   Section        0  entry.o(.ARM.Collect$$$$00000000)
    .ARM.Collect$$$$00000001                 0x08000188   Section        4  entry2.o(.ARM.Collect$$$$00000001)
    .ARM.Collect$$$$00000004                 0x0800018c   Section        4  entry5.o(.ARM.Collect$$$$00000004)
    .ARM.Collect$$$$00000008                 0x08000190   Section        0  entry7b.o(.ARM.Collect$$$$00000008)
    .ARM.Collect$$$$0000000A                 0x08000190   Section        0  entry8b.o(.ARM.Collect$$$$0000000A)
    .ARM.Collect$$$$0000000B                 0x08000190   Section        8  entry9a.o(.ARM.Collect$$$$0000000B)
    .ARM.Collect$$$$0000000D                 0x08000198   Section        0  entry10a.o(.ARM.Collect$$$$0000000D)
    .ARM.Collect$$$$0000000F                 0x08000198   Section        0  entry11a.o(.ARM.Collect$$$$0000000F)
    .ARM.Collect$$$$00002712                 0x08000198   Section        4  entry2.o(.ARM.Collect$$$$00002712)
    __lit__00000000                          0x08000198   Data           4  entry2.o(.ARM.Collect$$$$00002712)
    .emb_text                                0x0800019c   Section      186  port.o(.emb_text)
    $v0                                      0x0800019c   Number         0  port.o(.emb_text)
    .text                                    0x08000258   Section       36  startup_stm32f407xx.o(.text)
    $v0                                      0x08000258   Number         0  startup_stm32f407xx.o(.text)
    .text                                    0x0800027c   Section        0  memseta.o(.text)
    .text                                    0x080002a0   Section        0  strlen.o(.text)
    .text                                    0x080002ae   Section        0  strcpy.o(.text)
    .text                                    0x080002c0   Section        0  uidiv.o(.text)
    .text                                    0x080002ec   Section       36  init.o(.text)
    i.AppTaskCreate                          0x08000310   Section        0  main.o(i.AppTaskCreate)
    AppTaskCreate                            0x08000311   Thumb Code    48  main.o(i.AppTaskCreate)
    i.BASIC_TIMx_Init                        0x08000368   Section        0  bsp_basictim.o(i.BASIC_TIMx_Init)
    i.BusFault_Handler                       0x080003a4   Section        0  stm32f4xx_it.o(i.BusFault_Handler)
    i.COMProcessHelp                         0x080003a8   Section        0  main.o(i.COMProcessHelp)
    COMProcessHelp                           0x080003a9   Thumb Code    42  main.o(i.COMProcessHelp)
    i.ComToUsart                             0x080004a0   Section        0  bsp_usartx_fifo.o(i.ComToUsart)
    i.DebugMon_Handler                       0x080004c0   Section        0  stm32f4xx_it.o(i.DebugMon_Handler)
    i.GetPinStateOfKey1                      0x080004c4   Section        0  bsp_key.o(i.GetPinStateOfKey1)
    i.GetPinStateOfKey2                      0x080004dc   Section        0  bsp_key.o(i.GetPinStateOfKey2)
    i.HAL_GPIO_Init                          0x080004f4   Section        0  stm32f4xx_hal_gpio.o(i.HAL_GPIO_Init)
    i.HAL_GPIO_ReadPin                       0x080006f4   Section        0  stm32f4xx_hal_gpio.o(i.HAL_GPIO_ReadPin)
    i.HAL_GPIO_WritePin                      0x08000702   Section        0  stm32f4xx_hal_gpio.o(i.HAL_GPIO_WritePin)
    i.HAL_GetTick                            0x08000710   Section        0  stm32f4xx_hal.o(i.HAL_GetTick)
    i.HAL_IncTick                            0x0800071c   Section        0  stm32f4xx_hal.o(i.HAL_IncTick)
    i.HAL_Init                               0x0800072c   Section        0  stm32f4xx_hal.o(i.HAL_Init)
    i.HAL_InitTick                           0x08000760   Section        0  stm32f4xx_hal.o(i.HAL_InitTick)
    i.HAL_MspInit                            0x08000788   Section        0  stm32f4xx_hal_msp.o(i.HAL_MspInit)
    i.HAL_NVIC_EnableIRQ                     0x080007f0   Section        0  stm32f4xx_hal_cortex.o(i.HAL_NVIC_EnableIRQ)
    i.HAL_NVIC_SetPriority                   0x08000808   Section        0  stm32f4xx_hal_cortex.o(i.HAL_NVIC_SetPriority)
    i.HAL_NVIC_SetPriorityGrouping           0x08000870   Section        0  stm32f4xx_hal_cortex.o(i.HAL_NVIC_SetPriorityGrouping)
    i.HAL_RCC_ClockConfig                    0x08000894   Section        0  stm32f4xx_hal_rcc.o(i.HAL_RCC_ClockConfig)
    i.HAL_RCC_EnableCSS                      0x08000a84   Section        0  stm32f4xx_hal_rcc.o(i.HAL_RCC_EnableCSS)
    i.HAL_RCC_GetHCLKFreq                    0x08000a90   Section        0  stm32f4xx_hal_rcc.o(i.HAL_RCC_GetHCLKFreq)
    i.HAL_RCC_GetPCLK1Freq                   0x08000a9c   Section        0  stm32f4xx_hal_rcc.o(i.HAL_RCC_GetPCLK1Freq)
    i.HAL_RCC_GetPCLK2Freq                   0x08000ac8   Section        0  stm32f4xx_hal_rcc.o(i.HAL_RCC_GetPCLK2Freq)
    i.HAL_RCC_GetSysClockFreq                0x08000af4   Section        0  stm32f4xx_hal_rcc.o(i.HAL_RCC_GetSysClockFreq)
    i.HAL_RCC_OscConfig                      0x08000b80   Section        0  stm32f4xx_hal_rcc.o(i.HAL_RCC_OscConfig)
    i.HAL_SYSTICK_CLKSourceConfig            0x08000fc0   Section        0  stm32f4xx_hal_cortex.o(i.HAL_SYSTICK_CLKSourceConfig)
    i.HAL_SYSTICK_Config                     0x08000fdc   Section        0  stm32f4xx_hal_cortex.o(i.HAL_SYSTICK_Config)
    i.HAL_TIMEx_BreakCallback                0x08001004   Section        0  stm32f4xx_hal_tim_ex.o(i.HAL_TIMEx_BreakCallback)
    i.HAL_TIMEx_CommutationCallback          0x08001006   Section        0  stm32f4xx_hal_tim_ex.o(i.HAL_TIMEx_CommutationCallback)
    i.HAL_TIMEx_MasterConfigSynchronization  0x08001008   Section        0  stm32f4xx_hal_tim_ex.o(i.HAL_TIMEx_MasterConfigSynchronization)
    i.HAL_TIM_Base_Init                      0x0800106e   Section        0  stm32f4xx_hal_tim.o(i.HAL_TIM_Base_Init)
    i.HAL_TIM_Base_MspInit                   0x080010a8   Section        0  bsp_basictim.o(i.HAL_TIM_Base_MspInit)
    i.HAL_TIM_Base_Start_IT                  0x080010e4   Section        0  stm32f4xx_hal_tim.o(i.HAL_TIM_Base_Start_IT)
    i.HAL_TIM_IC_CaptureCallback             0x080010fc   Section        0  stm32f4xx_hal_tim.o(i.HAL_TIM_IC_CaptureCallback)
    i.HAL_TIM_IRQHandler                     0x080010fe   Section        0  stm32f4xx_hal_tim.o(i.HAL_TIM_IRQHandler)
    i.HAL_TIM_OC_DelayElapsedCallback        0x08001272   Section        0  stm32f4xx_hal_tim.o(i.HAL_TIM_OC_DelayElapsedCallback)
    i.HAL_TIM_PWM_PulseFinishedCallback      0x08001274   Section        0  stm32f4xx_hal_tim.o(i.HAL_TIM_PWM_PulseFinishedCallback)
    i.HAL_TIM_PeriodElapsedCallback          0x08001278   Section        0  bsp_basictim.o(i.HAL_TIM_PeriodElapsedCallback)
    i.HAL_TIM_TriggerCallback                0x0800129c   Section        0  stm32f4xx_hal_tim.o(i.HAL_TIM_TriggerCallback)
    i.HAL_UART_Init                          0x0800129e   Section        0  stm32f4xx_hal_uart.o(i.HAL_UART_Init)
    i.HAL_UART_MspInit                       0x08001302   Section        0  stm32f4xx_hal_uart.o(i.HAL_UART_MspInit)
    i.HAL_UART_Transmit                      0x08001304   Section        0  stm32f4xx_hal_uart.o(i.HAL_UART_Transmit)
    i.HardFault_Handler                      0x080013e0   Section        0  stm32f4xx_it.o(i.HardFault_Handler)
    i.InitHardUsart                          0x0800142c   Section        0  bsp_usartx_fifo.o(i.InitHardUsart)
    InitHardUsart                            0x0800142d   Thumb Code   162  bsp_usartx_fifo.o(i.InitHardUsart)
    i.KEY_GPIO_Init                          0x080014e8   Section        0  bsp_key.o(i.KEY_GPIO_Init)
    i.KeyCreate                              0x080015a0   Section        0  bsp_key.o(i.KeyCreate)
    i.Key_AccessTimes                        0x080015b0   Section        0  bsp_key.o(i.Key_AccessTimes)
    i.Key_RefreshState                       0x080015be   Section        0  bsp_key.o(i.Key_RefreshState)
    i.LED_GPIO_Init                          0x08001644   Section        0  bsp_led.o(i.LED_GPIO_Init)
    i.MemManage_Handler                      0x080016e4   Section        0  stm32f4xx_it.o(i.MemManage_Handler)
    i.NMI_Handler                            0x080016e6   Section        0  stm32f4xx_it.o(i.NMI_Handler)
    i.RCC_IRQHandler                         0x080016e8   Section        0  stm32f4xx_it.o(i.RCC_IRQHandler)
    i.SysTick_Handler                        0x080016ea   Section        0  stm32f4xx_it.o(i.SysTick_Handler)
    i.SystemClock_Config                     0x080016f8   Section        0  main.o(i.SystemClock_Config)
    i.SystemInit                             0x08001794   Section        0  system_stm32f4xx.o(i.SystemInit)
    i.TIM6_DAC_IRQHandler                    0x080017ec   Section        0  stm32f4xx_it.o(i.TIM6_DAC_IRQHandler)
    i.TIM_Base_SetConfig                     0x080017f8   Section        0  stm32f4xx_hal_tim.o(i.TIM_Base_SetConfig)
    i.UART5_IRQHandler                       0x080018ac   Section        0  bsp_usartx_fifo.o(i.UART5_IRQHandler)
    i.UART_SetConfig                         0x080018b8   Section        0  stm32f4xx_hal_uart.o(i.UART_SetConfig)
    UART_SetConfig                           0x080018b9   Thumb Code   822  stm32f4xx_hal_uart.o(i.UART_SetConfig)
    i.UART_WaitOnFlagUntilTimeout            0x08001bfc   Section        0  stm32f4xx_hal_uart.o(i.UART_WaitOnFlagUntilTimeout)
    UART_WaitOnFlagUntilTimeout              0x08001bfd   Thumb Code   120  stm32f4xx_hal_uart.o(i.UART_WaitOnFlagUntilTimeout)
    i.UsageFault_Handler                     0x08001c74   Section        0  stm32f4xx_it.o(i.UsageFault_Handler)
    i.UsartGetChar                           0x08001c76   Section        0  bsp_usartx_fifo.o(i.UsartGetChar)
    UsartGetChar                             0x08001c77   Thumb Code    70  bsp_usartx_fifo.o(i.UsartGetChar)
    i.UsartIRQ                               0x08001cbc   Section        0  bsp_usartx_fifo.o(i.UsartIRQ)
    UsartIRQ                                 0x08001cbd   Thumb Code   220  bsp_usartx_fifo.o(i.UsartIRQ)
    i.UsartSend                              0x08001da0   Section        0  bsp_usartx_fifo.o(i.UsartSend)
    UsartSend                                0x08001da1   Thumb Code   132  bsp_usartx_fifo.o(i.UsartSend)
    i.UsartVarInit                           0x08001e28   Section        0  bsp_usartx_fifo.o(i.UsartVarInit)
    UsartVarInit                             0x08001e29   Thumb Code    48  bsp_usartx_fifo.o(i.UsartVarInit)
    i.Usart_FIFO_Init                        0x08001e60   Section        0  bsp_usartx_fifo.o(i.Usart_FIFO_Init)
    i.__0printf$3                            0x08001e70   Section        0  printf3.o(i.__0printf$3)
    i.__0sprintf$3                           0x08001e90   Section        0  printf3.o(i.__0sprintf$3)
    i.__scatterload_copy                     0x08001eb8   Section       14  handlers.o(i.__scatterload_copy)
    i.__scatterload_null                     0x08001ec6   Section        2  handlers.o(i.__scatterload_null)
    i.__scatterload_zeroinit                 0x08001ec8   Section       14  handlers.o(i.__scatterload_zeroinit)
    i._printf_core                           0x08001ed8   Section        0  printf3.o(i._printf_core)
    _printf_core                             0x08001ed9   Thumb Code   436  printf3.o(i._printf_core)
    i._sputc                                 0x08002090   Section        0  printf3.o(i._sputc)
    _sputc                                   0x08002091   Thumb Code    10  printf3.o(i._sputc)
    i.comGetChar                             0x0800209c   Section        0  bsp_usartx_fifo.o(i.comGetChar)
    i.comSendBuf                             0x080020c0   Section        0  bsp_usartx_fifo.o(i.comSendBuf)
    i.comSendChar                            0x080020e6   Section        0  bsp_usartx_fifo.o(i.comSendChar)
    i.eTaskGetState                          0x080020f4   Section        0  tasks.o(i.eTaskGetState)
    i.fputc                                  0x08002160   Section        0  bsp_usartx_fifo.o(i.fputc)
    i.main                                   0x08002170   Section        0  main.o(i.main)
    i.osSystickHandler                       0x08002192   Section        0  cmsis_os.o(i.osSystickHandler)
    i.prvAddCurrentTaskToDelayedList         0x080021a8   Section        0  tasks.o(i.prvAddCurrentTaskToDelayedList)
    prvAddCurrentTaskToDelayedList           0x080021a9   Thumb Code   110  tasks.o(i.prvAddCurrentTaskToDelayedList)
    i.prvAddNewTaskToReadyList               0x08002220   Section        0  tasks.o(i.prvAddNewTaskToReadyList)
    prvAddNewTaskToReadyList                 0x08002221   Thumb Code   126  tasks.o(i.prvAddNewTaskToReadyList)
    i.prvCheckTasksWaitingTermination        0x080022ac   Section        0  tasks.o(i.prvCheckTasksWaitingTermination)
    prvCheckTasksWaitingTermination          0x080022ad   Thumb Code    78  tasks.o(i.prvCheckTasksWaitingTermination)
    i.prvDeleteTCB                           0x08002304   Section        0  tasks.o(i.prvDeleteTCB)
    prvDeleteTCB                             0x08002305   Thumb Code    20  tasks.o(i.prvDeleteTCB)
    i.prvHeapInit                            0x08002318   Section        0  heap_4.o(i.prvHeapInit)
    prvHeapInit                              0x08002319   Thumb Code    70  heap_4.o(i.prvHeapInit)
    i.prvIdleTask                            0x08002368   Section        0  tasks.o(i.prvIdleTask)
    prvIdleTask                              0x08002369   Thumb Code    30  tasks.o(i.prvIdleTask)
    i.prvInitialiseNewTask                   0x08002390   Section        0  tasks.o(i.prvInitialiseNewTask)
    prvInitialiseNewTask                     0x08002391   Thumb Code   144  tasks.o(i.prvInitialiseNewTask)
    i.prvInitialiseTaskLists                 0x08002420   Section        0  tasks.o(i.prvInitialiseTaskLists)
    prvInitialiseTaskLists                   0x08002421   Thumb Code    66  tasks.o(i.prvInitialiseTaskLists)
    i.prvInsertBlockIntoFreeList             0x08002480   Section        0  heap_4.o(i.prvInsertBlockIntoFreeList)
    prvInsertBlockIntoFreeList               0x08002481   Thumb Code    84  heap_4.o(i.prvInsertBlockIntoFreeList)
    i.prvListTasksWithinSingleList           0x080024dc   Section        0  tasks.o(i.prvListTasksWithinSingleList)
    prvListTasksWithinSingleList             0x080024dd   Thumb Code    96  tasks.o(i.prvListTasksWithinSingleList)
    i.prvResetNextTaskUnblockTime            0x0800253c   Section        0  tasks.o(i.prvResetNextTaskUnblockTime)
    prvResetNextTaskUnblockTime              0x0800253d   Thumb Code    30  tasks.o(i.prvResetNextTaskUnblockTime)
    i.prvTaskCheckFreeStackSpace             0x08002560   Section        0  tasks.o(i.prvTaskCheckFreeStackSpace)
    prvTaskCheckFreeStackSpace               0x08002561   Thumb Code    24  tasks.o(i.prvTaskCheckFreeStackSpace)
    i.prvTaskExitError                       0x08002578   Section        0  port.o(i.prvTaskExitError)
    prvTaskExitError                         0x08002579   Thumb Code    42  port.o(i.prvTaskExitError)
    i.prvWriteNameToBuffer                   0x080025a8   Section        0  tasks.o(i.prvWriteNameToBuffer)
    prvWriteNameToBuffer                     0x080025a9   Thumb Code    38  tasks.o(i.prvWriteNameToBuffer)
    i.pvPortMalloc                           0x080025d0   Section        0  heap_4.o(i.pvPortMalloc)
    i.pxPortInitialiseStack                  0x080026b4   Section        0  port.o(i.pxPortInitialiseStack)
    i.uxListRemove                           0x080026e0   Section        0  list.o(i.uxListRemove)
    i.uxTaskGetSystemState                   0x08002704   Section        0  tasks.o(i.uxTaskGetSystemState)
    i.vListInitialise                        0x080027b8   Section        0  list.o(i.vListInitialise)
    i.vListInitialiseItem                    0x080027ce   Section        0  list.o(i.vListInitialiseItem)
    i.vListInsert                            0x080027d4   Section        0  list.o(i.vListInsert)
    i.vListInsertEnd                         0x0800280a   Section        0  list.o(i.vListInsertEnd)
    i.vPortEnterCritical                     0x08002824   Section        0  port.o(i.vPortEnterCritical)
    i.vPortExitCritical                      0x08002864   Section        0  port.o(i.vPortExitCritical)
    i.vPortFree                              0x08002890   Section        0  heap_4.o(i.vPortFree)
    i.vPortSetupTimerInterrupt               0x080028ec   Section        0  port.o(i.vPortSetupTimerInterrupt)
    i.vTaskDelay                             0x0800290c   Section        0  tasks.o(i.vTaskDelay)
    i.vTaskGetInfo                           0x0800295c   Section        0  tasks.o(i.vTaskGetInfo)
    i.vTaskGetRunTimeStats                   0x080029d8   Section        0  tasks.o(i.vTaskGetRunTimeStats)
    i.vTaskLED1                              0x08002aa8   Section        0  main.o(i.vTaskLED1)
    vTaskLED1                                0x08002aa9   Thumb Code   150  main.o(i.vTaskLED1)
    i.vTaskList                              0x08002b90   Section        0  tasks.o(i.vTaskList)
    i.vTaskStartScheduler                    0x08002c54   Section        0  tasks.o(i.vTaskStartScheduler)
    i.vTaskSuspendAll                        0x08002ccc   Section        0  tasks.o(i.vTaskSuspendAll)
    i.vTaskSwitchContext                     0x08002cdc   Section        0  tasks.o(i.vTaskSwitchContext)
    i.vTaskTaskUserIF                        0x08002d58   Section        0  main.o(i.vTaskTaskUserIF)
    vTaskTaskUserIF                          0x08002d59   Thumb Code   132  main.o(i.vTaskTaskUserIF)
    i.xPortStartScheduler                    0x08002ea4   Section        0  port.o(i.xPortStartScheduler)
    i.xPortSysTickHandler                    0x08002f98   Section        0  port.o(i.xPortSysTickHandler)
    i.xTaskCreate                            0x08002fc4   Section        0  tasks.o(i.xTaskCreate)
    i.xTaskGetSchedulerState                 0x0800302c   Section        0  tasks.o(i.xTaskGetSchedulerState)
    i.xTaskIncrementTick                     0x08003048   Section        0  tasks.o(i.xTaskIncrementTick)
    i.xTaskResumeAll                         0x08003118   Section        0  tasks.o(i.xTaskResumeAll)
    .constdata                               0x080031e4   Section       16  system_stm32f4xx.o(.constdata)
    .constdata                               0x080031f4   Section        8  system_stm32f4xx.o(.constdata)
    .data                                    0x20000000   Section       24  main.o(.data)
    xHandleTaskUserIF                        0x20000000   Data           4  main.o(.data)
    xHandleTaskLED1                          0x20000004   Data           4  main.o(.data)
    .data                                    0x20000018   Section        4  stm32f4xx_hal.o(.data)
    .data                                    0x2000001c   Section        4  system_stm32f4xx.o(.data)
    .data                                    0x20000020   Section        4  bsp_basictim.o(.data)
    .data                                    0x20000024   Section        1  bsp_usartx_fifo.o(.data)
    .data                                    0x20000028   Section       68  tasks.o(.data)
    uxDeletedTasksWaitingCleanUp             0x2000002c   Data           4  tasks.o(.data)
    uxCurrentNumberOfTasks                   0x20000030   Data           4  tasks.o(.data)
    xTickCount                               0x20000034   Data           4  tasks.o(.data)
    uxTopReadyPriority                       0x20000038   Data           4  tasks.o(.data)
    xSchedulerRunning                        0x2000003c   Data           4  tasks.o(.data)
    uxPendedTicks                            0x20000040   Data           4  tasks.o(.data)
    xYieldPending                            0x20000044   Data           4  tasks.o(.data)
    xNumOfOverflows                          0x20000048   Data           4  tasks.o(.data)
    uxTaskNumber                             0x2000004c   Data           4  tasks.o(.data)
    xNextTaskUnblockTime                     0x20000050   Data           4  tasks.o(.data)
    xIdleTaskHandle                          0x20000054   Data           4  tasks.o(.data)
    uxSchedulerSuspended                     0x20000058   Data           4  tasks.o(.data)
    ulTaskSwitchedInTime                     0x2000005c   Data           4  tasks.o(.data)
    ulTotalRunTime                           0x20000060   Data           4  tasks.o(.data)
    pxDelayedTaskList                        0x20000064   Data           4  tasks.o(.data)
    pxOverflowDelayedTaskList                0x20000068   Data           4  tasks.o(.data)
    .data                                    0x2000006c   Section       24  heap_4.o(.data)
    pxEnd                                    0x2000006c   Data           4  heap_4.o(.data)
    xFreeBytesRemaining                      0x20000070   Data           4  heap_4.o(.data)
    xMinimumEverFreeBytesRemaining           0x20000074   Data           4  heap_4.o(.data)
    xBlockAllocatedBit                       0x20000078   Data           4  heap_4.o(.data)
    xStart                                   0x2000007c   Data           8  heap_4.o(.data)
    .data                                    0x20000084   Section       12  port.o(.data)
    ucMaxSysCallPriority                     0x20000084   Data           1  port.o(.data)
    uxCriticalNesting                        0x20000088   Data           4  port.o(.data)
    ulMaxPRIGROUPValue                       0x2000008c   Data           4  port.o(.data)
    .data                                    0x20000090   Section        4  stdout.o(.data)
    .bss                                     0x20000094   Section       60  bsp_basictim.o(.bss)
    .bss                                     0x200000d0   Section     2152  bsp_usartx_fifo.o(.bss)
    g_tUsart5                                0x20000110   Data          40  bsp_usartx_fifo.o(.bss)
    g_TxBuf3                                 0x20000138   Data        1024  bsp_usartx_fifo.o(.bss)
    g_RxBuf3                                 0x20000538   Data        1024  bsp_usartx_fifo.o(.bss)
    .bss                                     0x20000938   Section      240  tasks.o(.bss)
    pxReadyTasksLists                        0x20000938   Data         140  tasks.o(.bss)
    xDelayedTaskList1                        0x200009c4   Data          20  tasks.o(.bss)
    xDelayedTaskList2                        0x200009d8   Data          20  tasks.o(.bss)
    xPendingReadyList                        0x200009ec   Data          20  tasks.o(.bss)
    xTasksWaitingTermination                 0x20000a00   Data          20  tasks.o(.bss)
    xSuspendedTaskList                       0x20000a14   Data          20  tasks.o(.bss)
    .bss                                     0x20000a28   Section    30720  heap_4.o(.bss)
    ucHeap                                   0x20000a28   Data       30720  heap_4.o(.bss)
    STACK                                    0x20008228   Section     4096  startup_stm32f407xx.o(STACK)

    Global Symbols

    Symbol Name                              Value     Ov Type        Size  Object(Section)

    BuildAttributes$$THM_ISAv4$E$P$D$K$B$S$7EM$VFPi3$EXTD16$VFPS$VFMA$PE$A:L22UL41UL21$X:L11$S22US41US21$IEEE1$IW$USESV6$~STKCKD$USESV7$~SHL$OTIME$ROPI$EBA8$MICROLIB$REQ8$PRES8$EABIv2 0x00000000   Number         0  anon$$obj.o ABSOLUTE
    __ARM_use_no_argv                        0x00000000   Number         0  main.o ABSOLUTE
    _printf_a                                0x00000000   Number         0  stubs.o ABSOLUTE
    _printf_c                                0x00000000   Number         0  stubs.o ABSOLUTE
    _printf_charcount                        0x00000000   Number         0  stubs.o ABSOLUTE
    _printf_d                                0x00000000   Number         0  stubs.o ABSOLUTE
    _printf_e                                0x00000000   Number         0  stubs.o ABSOLUTE
    _printf_f                                0x00000000   Number         0  stubs.o ABSOLUTE
    _printf_flags                            0x00000000   Number         0  stubs.o ABSOLUTE
    _printf_fp_dec                           0x00000000   Number         0  stubs.o ABSOLUTE
    _printf_fp_hex                           0x00000000   Number         0  stubs.o ABSOLUTE
    _printf_g                                0x00000000   Number         0  stubs.o ABSOLUTE
    _printf_i                                0x00000000   Number         0  stubs.o ABSOLUTE
    _printf_int_dec                          0x00000000   Number         0  stubs.o ABSOLUTE
    _printf_l                                0x00000000   Number         0  stubs.o ABSOLUTE
    _printf_lc                               0x00000000   Number         0  stubs.o ABSOLUTE
    _printf_ll                               0x00000000   Number         0  stubs.o ABSOLUTE
    _printf_lld                              0x00000000   Number         0  stubs.o ABSOLUTE
    _printf_lli                              0x00000000   Number         0  stubs.o ABSOLUTE
    _printf_llo                              0x00000000   Number         0  stubs.o ABSOLUTE
    _printf_llu                              0x00000000   Number         0  stubs.o ABSOLUTE
    _printf_llx                              0x00000000   Number         0  stubs.o ABSOLUTE
    _printf_longlong_dec                     0x00000000   Number         0  stubs.o ABSOLUTE
    _printf_longlong_hex                     0x00000000   Number         0  stubs.o ABSOLUTE
    _printf_longlong_oct                     0x00000000   Number         0  stubs.o ABSOLUTE
    _printf_ls                               0x00000000   Number         0  stubs.o ABSOLUTE
    _printf_mbtowc                           0x00000000   Number         0  stubs.o ABSOLUTE
    _printf_n                                0x00000000   Number         0  stubs.o ABSOLUTE
    _printf_o                                0x00000000   Number         0  stubs.o ABSOLUTE
    _printf_p                                0x00000000   Number         0  stubs.o ABSOLUTE
    _printf_percent                          0x00000000   Number         0  stubs.o ABSOLUTE
    _printf_pre_padding                      0x00000000   Number         0  stubs.o ABSOLUTE
    _printf_return_value                     0x00000000   Number         0  stubs.o ABSOLUTE
    _printf_s                                0x00000000   Number         0  stubs.o ABSOLUTE
    _printf_sizespec                         0x00000000   Number         0  stubs.o ABSOLUTE
    _printf_str                              0x00000000   Number         0  stubs.o ABSOLUTE
    _printf_truncate_signed                  0x00000000   Number         0  stubs.o ABSOLUTE
    _printf_truncate_unsigned                0x00000000   Number         0  stubs.o ABSOLUTE
    _printf_u                                0x00000000   Number         0  stubs.o ABSOLUTE
    _printf_wc                               0x00000000   Number         0  stubs.o ABSOLUTE
    _printf_wctomb                           0x00000000   Number         0  stubs.o ABSOLUTE
    _printf_widthprec                        0x00000000   Number         0  stubs.o ABSOLUTE
    _printf_x                                0x00000000   Number         0  stubs.o ABSOLUTE
    __cpp_initialize__aeabi_                  - Undefined Weak Reference
    __cxa_finalize                            - Undefined Weak Reference
    __decompress                              - Undefined Weak Reference
    _clock_init                               - Undefined Weak Reference
    _microlib_exit                            - Undefined Weak Reference
    __Vectors_Size                           0x00000188   Number         0  startup_stm32f407xx.o ABSOLUTE
    __Vectors                                0x08000000   Data           4  startup_stm32f407xx.o(RESET)
    __Vectors_End                            0x08000188   Data           0  startup_stm32f407xx.o(RESET)
    __main                                   0x08000189   Thumb Code     0  entry.o(.ARM.Collect$$$$00000000)
    _main_stk                                0x08000189   Thumb Code     0  entry2.o(.ARM.Collect$$$$00000001)
    _main_scatterload                        0x0800018d   Thumb Code     0  entry5.o(.ARM.Collect$$$$00000004)
    __main_after_scatterload                 0x08000191   Thumb Code     0  entry5.o(.ARM.Collect$$$$00000004)
    _main_clock                              0x08000191   Thumb Code     0  entry7b.o(.ARM.Collect$$$$00000008)
    _main_cpp_init                           0x08000191   Thumb Code     0  entry8b.o(.ARM.Collect$$$$0000000A)
    _main_init                               0x08000191   Thumb Code     0  entry9a.o(.ARM.Collect$$$$0000000B)
    __rt_final_cpp                           0x08000199   Thumb Code     0  entry10a.o(.ARM.Collect$$$$0000000D)
    __rt_final_exit                          0x08000199   Thumb Code     0  entry11a.o(.ARM.Collect$$$$0000000F)
    SVC_Handler                              0x0800019d   Thumb Code    28  port.o(.emb_text)
    __asm___6_port_c_39a90d8d__prvStartFirstTask 0x080001bd   Thumb Code    28  port.o(.emb_text)
    __asm___6_port_c_39a90d8d__prvEnableVFP  0x080001dd   Thumb Code    16  port.o(.emb_text)
    PendSV_Handler                           0x080001f1   Thumb Code    92  port.o(.emb_text)
    vPortGetIPSR                             0x08000251   Thumb Code     6  port.o(.emb_text)
    Reset_Handler                            0x08000259   Thumb Code     8  startup_stm32f407xx.o(.text)
    ADC_IRQHandler                           0x08000273   Thumb Code     0  startup_stm32f407xx.o(.text)
    CAN1_RX0_IRQHandler                      0x08000273   Thumb Code     0  startup_stm32f407xx.o(.text)
    CAN1_RX1_IRQHandler                      0x08000273   Thumb Code     0  startup_stm32f407xx.o(.text)
    CAN1_SCE_IRQHandler                      0x08000273   Thumb Code     0  startup_stm32f407xx.o(.text)
    CAN1_TX_IRQHandler                       0x08000273   Thumb Code     0  startup_stm32f407xx.o(.text)
    CAN2_RX0_IRQHandler                      0x08000273   Thumb Code     0  startup_stm32f407xx.o(.text)
    CAN2_RX1_IRQHandler                      0x08000273   Thumb Code     0  startup_stm32f407xx.o(.text)
    CAN2_SCE_IRQHandler                      0x08000273   Thumb Code     0  startup_stm32f407xx.o(.text)
    CAN2_TX_IRQHandler                       0x08000273   Thumb Code     0  startup_stm32f407xx.o(.text)
    DCMI_IRQHandler                          0x08000273   Thumb Code     0  startup_stm32f407xx.o(.text)
    DMA1_Stream0_IRQHandler                  0x08000273   Thumb Code     0  startup_stm32f407xx.o(.text)
    DMA1_Stream1_IRQHandler                  0x08000273   Thumb Code     0  startup_stm32f407xx.o(.text)
    DMA1_Stream2_IRQHandler                  0x08000273   Thumb Code     0  startup_stm32f407xx.o(.text)
    DMA1_Stream3_IRQHandler                  0x08000273   Thumb Code     0  startup_stm32f407xx.o(.text)
    DMA1_Stream4_IRQHandler                  0x08000273   Thumb Code     0  startup_stm32f407xx.o(.text)
    DMA1_Stream5_IRQHandler                  0x08000273   Thumb Code     0  startup_stm32f407xx.o(.text)
    DMA1_Stream6_IRQHandler                  0x08000273   Thumb Code     0  startup_stm32f407xx.o(.text)
    DMA1_Stream7_IRQHandler                  0x08000273   Thumb Code     0  startup_stm32f407xx.o(.text)
    DMA2_Stream0_IRQHandler                  0x08000273   Thumb Code     0  startup_stm32f407xx.o(.text)
    DMA2_Stream1_IRQHandler                  0x08000273   Thumb Code     0  startup_stm32f407xx.o(.text)
    DMA2_Stream2_IRQHandler                  0x08000273   Thumb Code     0  startup_stm32f407xx.o(.text)
    DMA2_Stream3_IRQHandler                  0x08000273   Thumb Code     0  startup_stm32f407xx.o(.text)
    DMA2_Stream4_IRQHandler                  0x08000273   Thumb Code     0  startup_stm32f407xx.o(.text)
    DMA2_Stream5_IRQHandler                  0x08000273   Thumb Code     0  startup_stm32f407xx.o(.text)
    DMA2_Stream6_IRQHandler                  0x08000273   Thumb Code     0  startup_stm32f407xx.o(.text)
    DMA2_Stream7_IRQHandler                  0x08000273   Thumb Code     0  startup_stm32f407xx.o(.text)
    ETH_IRQHandler                           0x08000273   Thumb Code     0  startup_stm32f407xx.o(.text)
    ETH_WKUP_IRQHandler                      0x08000273   Thumb Code     0  startup_stm32f407xx.o(.text)
    EXTI0_IRQHandler                         0x08000273   Thumb Code     0  startup_stm32f407xx.o(.text)
    EXTI15_10_IRQHandler                     0x08000273   Thumb Code     0  startup_stm32f407xx.o(.text)
    EXTI1_IRQHandler                         0x08000273   Thumb Code     0  startup_stm32f407xx.o(.text)
    EXTI2_IRQHandler                         0x08000273   Thumb Code     0  startup_stm32f407xx.o(.text)
    EXTI3_IRQHandler                         0x08000273   Thumb Code     0  startup_stm32f407xx.o(.text)
    EXTI4_IRQHandler                         0x08000273   Thumb Code     0  startup_stm32f407xx.o(.text)
    EXTI9_5_IRQHandler                       0x08000273   Thumb Code     0  startup_stm32f407xx.o(.text)
    FLASH_IRQHandler                         0x08000273   Thumb Code     0  startup_stm32f407xx.o(.text)
    FMC_IRQHandler                           0x08000273   Thumb Code     0  startup_stm32f407xx.o(.text)
    FPU_IRQHandler                           0x08000273   Thumb Code     0  startup_stm32f407xx.o(.text)
    HASH_RNG_IRQHandler                      0x08000273   Thumb Code     0  startup_stm32f407xx.o(.text)
    I2C1_ER_IRQHandler                       0x08000273   Thumb Code     0  startup_stm32f407xx.o(.text)
    I2C1_EV_IRQHandler                       0x08000273   Thumb Code     0  startup_stm32f407xx.o(.text)
    I2C2_ER_IRQHandler                       0x08000273   Thumb Code     0  startup_stm32f407xx.o(.text)
    I2C2_EV_IRQHandler                       0x08000273   Thumb Code     0  startup_stm32f407xx.o(.text)
    I2C3_ER_IRQHandler                       0x08000273   Thumb Code     0  startup_stm32f407xx.o(.text)
    I2C3_EV_IRQHandler                       0x08000273   Thumb Code     0  startup_stm32f407xx.o(.text)
    OTG_FS_IRQHandler                        0x08000273   Thumb Code     0  startup_stm32f407xx.o(.text)
    OTG_FS_WKUP_IRQHandler                   0x08000273   Thumb Code     0  startup_stm32f407xx.o(.text)
    OTG_HS_EP1_IN_IRQHandler                 0x08000273   Thumb Code     0  startup_stm32f407xx.o(.text)
    OTG_HS_EP1_OUT_IRQHandler                0x08000273   Thumb Code     0  startup_stm32f407xx.o(.text)
    OTG_HS_IRQHandler                        0x08000273   Thumb Code     0  startup_stm32f407xx.o(.text)
    OTG_HS_WKUP_IRQHandler                   0x08000273   Thumb Code     0  startup_stm32f407xx.o(.text)
    PVD_IRQHandler                           0x08000273   Thumb Code     0  startup_stm32f407xx.o(.text)
    RTC_Alarm_IRQHandler                     0x08000273   Thumb Code     0  startup_stm32f407xx.o(.text)
    RTC_WKUP_IRQHandler                      0x08000273   Thumb Code     0  startup_stm32f407xx.o(.text)
    SDIO_IRQHandler                          0x08000273   Thumb Code     0  startup_stm32f407xx.o(.text)
    SPI1_IRQHandler                          0x08000273   Thumb Code     0  startup_stm32f407xx.o(.text)
    SPI2_IRQHandler                          0x08000273   Thumb Code     0  startup_stm32f407xx.o(.text)
    SPI3_IRQHandler                          0x08000273   Thumb Code     0  startup_stm32f407xx.o(.text)
    TAMP_STAMP_IRQHandler                    0x08000273   Thumb Code     0  startup_stm32f407xx.o(.text)
    TIM1_BRK_TIM9_IRQHandler                 0x08000273   Thumb Code     0  startup_stm32f407xx.o(.text)
    TIM1_CC_IRQHandler                       0x08000273   Thumb Code     0  startup_stm32f407xx.o(.text)
    TIM1_TRG_COM_TIM11_IRQHandler            0x08000273   Thumb Code     0  startup_stm32f407xx.o(.text)
    TIM1_UP_TIM10_IRQHandler                 0x08000273   Thumb Code     0  startup_stm32f407xx.o(.text)
    TIM2_IRQHandler                          0x08000273   Thumb Code     0  startup_stm32f407xx.o(.text)
    TIM3_IRQHandler                          0x08000273   Thumb Code     0  startup_stm32f407xx.o(.text)
    TIM4_IRQHandler                          0x08000273   Thumb Code     0  startup_stm32f407xx.o(.text)
    TIM5_IRQHandler                          0x08000273   Thumb Code     0  startup_stm32f407xx.o(.text)
    TIM7_IRQHandler                          0x08000273   Thumb Code     0  startup_stm32f407xx.o(.text)
    TIM8_BRK_TIM12_IRQHandler                0x08000273   Thumb Code     0  startup_stm32f407xx.o(.text)
    TIM8_CC_IRQHandler                       0x08000273   Thumb Code     0  startup_stm32f407xx.o(.text)
    TIM8_TRG_COM_TIM14_IRQHandler            0x08000273   Thumb Code     0  startup_stm32f407xx.o(.text)
    TIM8_UP_TIM13_IRQHandler                 0x08000273   Thumb Code     0  startup_stm32f407xx.o(.text)
    UART4_IRQHandler                         0x08000273   Thumb Code     0  startup_stm32f407xx.o(.text)
    USART1_IRQHandler                        0x08000273   Thumb Code     0  startup_stm32f407xx.o(.text)
    USART2_IRQHandler                        0x08000273   Thumb Code     0  startup_stm32f407xx.o(.text)
    USART3_IRQHandler                        0x08000273   Thumb Code     0  startup_stm32f407xx.o(.text)
    USART6_IRQHandler                        0x08000273   Thumb Code     0  startup_stm32f407xx.o(.text)
    WWDG_IRQHandler                          0x08000273   Thumb Code     0  startup_stm32f407xx.o(.text)
    __aeabi_memset                           0x0800027d   Thumb Code    14  memseta.o(.text)
    __aeabi_memset4                          0x0800027d   Thumb Code     0  memseta.o(.text)
    __aeabi_memset8                          0x0800027d   Thumb Code     0  memseta.o(.text)
    __aeabi_memclr                           0x0800028b   Thumb Code     4  memseta.o(.text)
    __aeabi_memclr4                          0x0800028b   Thumb Code     0  memseta.o(.text)
    __aeabi_memclr8                          0x0800028b   Thumb Code     0  memseta.o(.text)
    _memset$wrapper                          0x0800028f   Thumb Code    18  memseta.o(.text)
    strlen                                   0x080002a1   Thumb Code    14  strlen.o(.text)
    strcpy                                   0x080002af   Thumb Code    18  strcpy.o(.text)
    __aeabi_uidiv                            0x080002c1   Thumb Code     0  uidiv.o(.text)
    __aeabi_uidivmod                         0x080002c1   Thumb Code    44  uidiv.o(.text)
    __scatterload                            0x080002ed   Thumb Code    28  init.o(.text)
    __scatterload_rt2                        0x080002ed   Thumb Code     0  init.o(.text)
    BASIC_TIMx_Init                          0x08000369   Thumb Code    50  bsp_basictim.o(i.BASIC_TIMx_Init)
    BusFault_Handler                         0x080003a5   Thumb Code     2  stm32f4xx_it.o(i.BusFault_Handler)
    ComToUsart                               0x080004a1   Thumb Code    28  bsp_usartx_fifo.o(i.ComToUsart)
    DebugMon_Handler                         0x080004c1   Thumb Code     2  stm32f4xx_it.o(i.DebugMon_Handler)
    GetPinStateOfKey1                        0x080004c5   Thumb Code    20  bsp_key.o(i.GetPinStateOfKey1)
    GetPinStateOfKey2                        0x080004dd   Thumb Code    20  bsp_key.o(i.GetPinStateOfKey2)
    HAL_GPIO_Init                            0x080004f5   Thumb Code   490  stm32f4xx_hal_gpio.o(i.HAL_GPIO_Init)
    HAL_GPIO_ReadPin                         0x080006f5   Thumb Code    14  stm32f4xx_hal_gpio.o(i.HAL_GPIO_ReadPin)
    HAL_GPIO_WritePin                        0x08000703   Thumb Code    14  stm32f4xx_hal_gpio.o(i.HAL_GPIO_WritePin)
    HAL_GetTick                              0x08000711   Thumb Code     6  stm32f4xx_hal.o(i.HAL_GetTick)
    HAL_IncTick                              0x0800071d   Thumb Code    10  stm32f4xx_hal.o(i.HAL_IncTick)
    HAL_Init                                 0x0800072d   Thumb Code    48  stm32f4xx_hal.o(i.HAL_Init)
    HAL_InitTick                             0x08000761   Thumb Code    34  stm32f4xx_hal.o(i.HAL_InitTick)
    HAL_MspInit                              0x08000789   Thumb Code   104  stm32f4xx_hal_msp.o(i.HAL_MspInit)
    HAL_NVIC_EnableIRQ                       0x080007f1   Thumb Code    24  stm32f4xx_hal_cortex.o(i.HAL_NVIC_EnableIRQ)
    HAL_NVIC_SetPriority                     0x08000809   Thumb Code    98  stm32f4xx_hal_cortex.o(i.HAL_NVIC_SetPriority)
    HAL_NVIC_SetPriorityGrouping             0x08000871   Thumb Code    30  stm32f4xx_hal_cortex.o(i.HAL_NVIC_SetPriorityGrouping)
    HAL_RCC_ClockConfig                      0x08000895   Thumb Code   474  stm32f4xx_hal_rcc.o(i.HAL_RCC_ClockConfig)
    HAL_RCC_EnableCSS                        0x08000a85   Thumb Code     8  stm32f4xx_hal_rcc.o(i.HAL_RCC_EnableCSS)
    HAL_RCC_GetHCLKFreq                      0x08000a91   Thumb Code     6  stm32f4xx_hal_rcc.o(i.HAL_RCC_GetHCLKFreq)
    HAL_RCC_GetPCLK1Freq                     0x08000a9d   Thumb Code    36  stm32f4xx_hal_rcc.o(i.HAL_RCC_GetPCLK1Freq)
    HAL_RCC_GetPCLK2Freq                     0x08000ac9   Thumb Code    36  stm32f4xx_hal_rcc.o(i.HAL_RCC_GetPCLK2Freq)
    HAL_RCC_GetSysClockFreq                  0x08000af5   Thumb Code   126  stm32f4xx_hal_rcc.o(i.HAL_RCC_GetSysClockFreq)
    HAL_RCC_OscConfig                        0x08000b81   Thumb Code  1058  stm32f4xx_hal_rcc.o(i.HAL_RCC_OscConfig)
    HAL_SYSTICK_CLKSourceConfig              0x08000fc1   Thumb Code    28  stm32f4xx_hal_cortex.o(i.HAL_SYSTICK_CLKSourceConfig)
    HAL_SYSTICK_Config                       0x08000fdd   Thumb Code    36  stm32f4xx_hal_cortex.o(i.HAL_SYSTICK_Config)
    HAL_TIMEx_BreakCallback                  0x08001005   Thumb Code     2  stm32f4xx_hal_tim_ex.o(i.HAL_TIMEx_BreakCallback)
    HAL_TIMEx_CommutationCallback            0x08001007   Thumb Code     2  stm32f4xx_hal_tim_ex.o(i.HAL_TIMEx_CommutationCallback)
    HAL_TIMEx_MasterConfigSynchronization    0x08001009   Thumb Code   102  stm32f4xx_hal_tim_ex.o(i.HAL_TIMEx_MasterConfigSynchronization)
    HAL_TIM_Base_Init                        0x0800106f   Thumb Code    56  stm32f4xx_hal_tim.o(i.HAL_TIM_Base_Init)
    HAL_TIM_Base_MspInit                     0x080010a9   Thumb Code    54  bsp_basictim.o(i.HAL_TIM_Base_MspInit)
    HAL_TIM_Base_Start_IT                    0x080010e5   Thumb Code    24  stm32f4xx_hal_tim.o(i.HAL_TIM_Base_Start_IT)
    HAL_TIM_IC_CaptureCallback               0x080010fd   Thumb Code     2  stm32f4xx_hal_tim.o(i.HAL_TIM_IC_CaptureCallback)
    HAL_TIM_IRQHandler                       0x080010ff   Thumb Code   372  stm32f4xx_hal_tim.o(i.HAL_TIM_IRQHandler)
    HAL_TIM_OC_DelayElapsedCallback          0x08001273   Thumb Code     2  stm32f4xx_hal_tim.o(i.HAL_TIM_OC_DelayElapsedCallback)
    HAL_TIM_PWM_PulseFinishedCallback        0x08001275   Thumb Code     2  stm32f4xx_hal_tim.o(i.HAL_TIM_PWM_PulseFinishedCallback)
    HAL_TIM_PeriodElapsedCallback            0x08001279   Thumb Code    28  bsp_basictim.o(i.HAL_TIM_PeriodElapsedCallback)
    HAL_TIM_TriggerCallback                  0x0800129d   Thumb Code     2  stm32f4xx_hal_tim.o(i.HAL_TIM_TriggerCallback)
    HAL_UART_Init                            0x0800129f   Thumb Code   100  stm32f4xx_hal_uart.o(i.HAL_UART_Init)
    HAL_UART_MspInit                         0x08001303   Thumb Code     2  stm32f4xx_hal_uart.o(i.HAL_UART_MspInit)
    HAL_UART_Transmit                        0x08001305   Thumb Code   220  stm32f4xx_hal_uart.o(i.HAL_UART_Transmit)
    HardFault_Handler                        0x080013e1   Thumb Code    28  stm32f4xx_it.o(i.HardFault_Handler)
    KEY_GPIO_Init                            0x080014e9   Thumb Code   174  bsp_key.o(i.KEY_GPIO_Init)
    KeyCreate                                0x080015a1   Thumb Code    16  bsp_key.o(i.KeyCreate)
    Key_AccessTimes                          0x080015b1   Thumb Code    14  bsp_key.o(i.Key_AccessTimes)
    Key_RefreshState                         0x080015bf   Thumb Code   132  bsp_key.o(i.Key_RefreshState)
    LED_GPIO_Init                            0x08001645   Thumb Code   146  bsp_led.o(i.LED_GPIO_Init)
    MemManage_Handler                        0x080016e5   Thumb Code     2  stm32f4xx_it.o(i.MemManage_Handler)
    NMI_Handler                              0x080016e7   Thumb Code     2  stm32f4xx_it.o(i.NMI_Handler)
    RCC_IRQHandler                           0x080016e9   Thumb Code     2  stm32f4xx_it.o(i.RCC_IRQHandler)
    SysTick_Handler                          0x080016eb   Thumb Code    14  stm32f4xx_it.o(i.SysTick_Handler)
    SystemClock_Config                       0x080016f9   Thumb Code   146  main.o(i.SystemClock_Config)
    SystemInit                               0x08001795   Thumb Code    64  system_stm32f4xx.o(i.SystemInit)
    TIM6_DAC_IRQHandler                      0x080017ed   Thumb Code     6  stm32f4xx_it.o(i.TIM6_DAC_IRQHandler)
    TIM_Base_SetConfig                       0x080017f9   Thumb Code   158  stm32f4xx_hal_tim.o(i.TIM_Base_SetConfig)
    UART5_IRQHandler                         0x080018ad   Thumb Code     6  bsp_usartx_fifo.o(i.UART5_IRQHandler)
    UsageFault_Handler                       0x08001c75   Thumb Code     2  stm32f4xx_it.o(i.UsageFault_Handler)
    Usart_FIFO_Init                          0x08001e61   Thumb Code    14  bsp_usartx_fifo.o(i.Usart_FIFO_Init)
    __0printf$3                              0x08001e71   Thumb Code    22  printf3.o(i.__0printf$3)
    __1printf$3                              0x08001e71   Thumb Code     0  printf3.o(i.__0printf$3)
    __2printf                                0x08001e71   Thumb Code     0  printf3.o(i.__0printf$3)
    __0sprintf$3                             0x08001e91   Thumb Code    34  printf3.o(i.__0sprintf$3)
    __1sprintf$3                             0x08001e91   Thumb Code     0  printf3.o(i.__0sprintf$3)
    __2sprintf                               0x08001e91   Thumb Code     0  printf3.o(i.__0sprintf$3)
    __scatterload_copy                       0x08001eb9   Thumb Code    14  handlers.o(i.__scatterload_copy)
    __scatterload_null                       0x08001ec7   Thumb Code     2  handlers.o(i.__scatterload_null)
    __scatterload_zeroinit                   0x08001ec9   Thumb Code    14  handlers.o(i.__scatterload_zeroinit)
    comGetChar                               0x0800209d   Thumb Code    32  bsp_usartx_fifo.o(i.comGetChar)
    comSendBuf                               0x080020c1   Thumb Code    38  bsp_usartx_fifo.o(i.comSendBuf)
    comSendChar                              0x080020e7   Thumb Code    14  bsp_usartx_fifo.o(i.comSendChar)
    eTaskGetState                            0x080020f5   Thumb Code    96  tasks.o(i.eTaskGetState)
    fputc                                    0x08002161   Thumb Code    16  bsp_usartx_fifo.o(i.fputc)
    main                                     0x08002171   Thumb Code    34  main.o(i.main)
    osSystickHandler                         0x08002193   Thumb Code    20  cmsis_os.o(i.osSystickHandler)
    pvPortMalloc                             0x080025d1   Thumb Code   218  heap_4.o(i.pvPortMalloc)
    pxPortInitialiseStack                    0x080026b5   Thumb Code    38  port.o(i.pxPortInitialiseStack)
    uxListRemove                             0x080026e1   Thumb Code    36  list.o(i.uxListRemove)
    uxTaskGetSystemState                     0x08002705   Thumb Code   158  tasks.o(i.uxTaskGetSystemState)
    vListInitialise                          0x080027b9   Thumb Code    22  list.o(i.vListInitialise)
    vListInitialiseItem                      0x080027cf   Thumb Code     6  list.o(i.vListInitialiseItem)
    vListInsert                              0x080027d5   Thumb Code    54  list.o(i.vListInsert)
    vListInsertEnd                           0x0800280b   Thumb Code    24  list.o(i.vListInsertEnd)
    vPortEnterCritical                       0x08002825   Thumb Code    54  port.o(i.vPortEnterCritical)
    vPortExitCritical                        0x08002865   Thumb Code    38  port.o(i.vPortExitCritical)
    vPortFree                                0x08002891   Thumb Code    88  heap_4.o(i.vPortFree)
    vPortSetupTimerInterrupt                 0x080028ed   Thumb Code    26  port.o(i.vPortSetupTimerInterrupt)
    vTaskDelay                               0x0800290d   Thumb Code    70  tasks.o(i.vTaskDelay)
    vTaskGetInfo                             0x0800295d   Thumb Code   118  tasks.o(i.vTaskGetInfo)
    vTaskGetRunTimeStats                     0x080029d9   Thumb Code   174  tasks.o(i.vTaskGetRunTimeStats)
    vTaskList                                0x08002b91   Thumb Code   176  tasks.o(i.vTaskList)
    vTaskStartScheduler                      0x08002c55   Thumb Code    96  tasks.o(i.vTaskStartScheduler)
    vTaskSuspendAll                          0x08002ccd   Thumb Code    10  tasks.o(i.vTaskSuspendAll)
    vTaskSwitchContext                       0x08002cdd   Thumb Code   112  tasks.o(i.vTaskSwitchContext)
    xPortStartScheduler                      0x08002ea5   Thumb Code   214  port.o(i.xPortStartScheduler)
    xPortSysTickHandler                      0x08002f99   Thumb Code    38  port.o(i.xPortSysTickHandler)
    xTaskCreate                              0x08002fc5   Thumb Code   104  tasks.o(i.xTaskCreate)
    xTaskGetSchedulerState                   0x0800302d   Thumb Code    24  tasks.o(i.xTaskGetSchedulerState)
    xTaskIncrementTick                       0x08003049   Thumb Code   200  tasks.o(i.xTaskIncrementTick)
    xTaskResumeAll                           0x08003119   Thumb Code   190  tasks.o(i.xTaskResumeAll)
    AHBPrescTable                            0x080031e4   Data          16  system_stm32f4xx.o(.constdata)
    APBPrescTable                            0x080031f4   Data           8  system_stm32f4xx.o(.constdata)
    Region$$Table$$Base                      0x080031fc   Number         0  anon$$obj.o(Region$$Table)
    Region$$Table$$Limit                     0x0800321c   Number         0  anon$$obj.o(Region$$Table)
    key1                                     0x20000008   Data           8  main.o(.data)
    key2                                     0x20000010   Data           8  main.o(.data)
    uwTick                                   0x20000018   Data           4  stm32f4xx_hal.o(.data)
    SystemCoreClock                          0x2000001c   Data           4  system_stm32f4xx.o(.data)
    ulHighFrequencyTimerTicks                0x20000020   Data           4  bsp_basictim.o(.data)
    ch                                       0x20000024   Data           1  bsp_usartx_fifo.o(.data)
    pxCurrentTCB                             0x20000028   Data           4  tasks.o(.data)
    __stdout                                 0x20000090   Data           4  stdout.o(.data)
    htimx                                    0x20000094   Data          60  bsp_basictim.o(.bss)
    husart_debug                             0x200000d0   Data          64  bsp_usartx_fifo.o(.bss)
    __initial_sp                             0x20009228   Data           0  startup_stm32f407xx.o(STACK)



==============================================================================

Memory Map of the image

  Image Entry point : 0x08000189

  Load Region LR_IROM1 (Base: 0x08000000, Size: 0x000032b0, Max: 0x00100000, ABSOLUTE)

    Execution Region ER_IROM1 (Base: 0x08000000, Size: 0x0000321c, Max: 0x00100000, ABSOLUTE)

    Base Addr    Size         Type   Attr      Idx    E Section Name        Object

    0x08000000   0x00000188   Data   RO            3    RESET               startup_stm32f407xx.o
    0x08000188   0x00000000   Code   RO         1678  * .ARM.Collect$$$$00000000  mc_w.l(entry.o)
    0x08000188   0x00000004   Code   RO         1817    .ARM.Collect$$$$00000001  mc_w.l(entry2.o)
    0x0800018c   0x00000004   Code   RO         1820    .ARM.Collect$$$$00000004  mc_w.l(entry5.o)
    0x08000190   0x00000000   Code   RO         1822    .ARM.Collect$$$$00000008  mc_w.l(entry7b.o)
    0x08000190   0x00000000   Code   RO         1824    .ARM.Collect$$$$0000000A  mc_w.l(entry8b.o)
    0x08000190   0x00000008   Code   RO         1825    .ARM.Collect$$$$0000000B  mc_w.l(entry9a.o)
    0x08000198   0x00000000   Code   RO         1827    .ARM.Collect$$$$0000000D  mc_w.l(entry10a.o)
    0x08000198   0x00000000   Code   RO         1829    .ARM.Collect$$$$0000000F  mc_w.l(entry11a.o)
    0x08000198   0x00000004   Code   RO         1818    .ARM.Collect$$$$00002712  mc_w.l(entry2.o)
    0x0800019c   0x000000ba   Code   RO         1667    .emb_text           port.o
    0x08000256   0x00000002   PAD
    0x08000258   0x00000024   Code   RO            4    .text               startup_stm32f407xx.o
    0x0800027c   0x00000024   Code   RO         1682    .text               mc_w.l(memseta.o)
    0x080002a0   0x0000000e   Code   RO         1683    .text               mc_w.l(strlen.o)
    0x080002ae   0x00000012   Code   RO         1684    .text               mc_w.l(strcpy.o)
    0x080002c0   0x0000002c   Code   RO         1832    .text               mc_w.l(uidiv.o)
    0x080002ec   0x00000024   Code   RO         1840    .text               mc_w.l(init.o)
    0x08000310   0x00000058   Code   RO            8    i.AppTaskCreate     main.o
    0x08000368   0x0000003c   Code   RO         1458    i.BASIC_TIMx_Init   bsp_basictim.o
    0x080003a4   0x00000002   Code   RO           25    i.BusFault_Handler  stm32f4xx_it.o
    0x080003a6   0x00000002   PAD
    0x080003a8   0x000000f8   Code   RO            9    i.COMProcessHelp    main.o
    0x080004a0   0x00000020   Code   RO         1480    i.ComToUsart        bsp_usartx_fifo.o
    0x080004c0   0x00000002   Code   RO           26    i.DebugMon_Handler  stm32f4xx_it.o
    0x080004c2   0x00000002   PAD
    0x080004c4   0x00000018   Code   RO         1467    i.GetPinStateOfKey1  bsp_key.o
    0x080004dc   0x00000018   Code   RO         1468    i.GetPinStateOfKey2  bsp_key.o
    0x080004f4   0x00000200   Code   RO           73    i.HAL_GPIO_Init     stm32f4xx_hal_gpio.o
    0x080006f4   0x0000000e   Code   RO           75    i.HAL_GPIO_ReadPin  stm32f4xx_hal_gpio.o
    0x08000702   0x0000000e   Code   RO           77    i.HAL_GPIO_WritePin  stm32f4xx_hal_gpio.o
    0x08000710   0x0000000c   Code   RO          191    i.HAL_GetTick       stm32f4xx_hal.o
    0x0800071c   0x00000010   Code   RO          193    i.HAL_IncTick       stm32f4xx_hal.o
    0x0800072c   0x00000034   Code   RO          194    i.HAL_Init          stm32f4xx_hal.o
    0x08000760   0x00000028   Code   RO          195    i.HAL_InitTick      stm32f4xx_hal.o
    0x08000788   0x00000068   Code   RO           21    i.HAL_MspInit       stm32f4xx_hal_msp.o
    0x080007f0   0x00000018   Code   RO           86    i.HAL_NVIC_EnableIRQ  stm32f4xx_hal_cortex.o
    0x08000808   0x00000068   Code   RO           92    i.HAL_NVIC_SetPriority  stm32f4xx_hal_cortex.o
    0x08000870   0x00000024   Code   RO           93    i.HAL_NVIC_SetPriorityGrouping  stm32f4xx_hal_cortex.o
    0x08000894   0x000001f0   Code   RO          143    i.HAL_RCC_ClockConfig  stm32f4xx_hal_rcc.o
    0x08000a84   0x0000000c   Code   RO          146    i.HAL_RCC_EnableCSS  stm32f4xx_hal_rcc.o
    0x08000a90   0x0000000c   Code   RO          148    i.HAL_RCC_GetHCLKFreq  stm32f4xx_hal_rcc.o
    0x08000a9c   0x0000002c   Code   RO          150    i.HAL_RCC_GetPCLK1Freq  stm32f4xx_hal_rcc.o
    0x08000ac8   0x0000002c   Code   RO          151    i.HAL_RCC_GetPCLK2Freq  stm32f4xx_hal_rcc.o
    0x08000af4   0x0000008c   Code   RO          152    i.HAL_RCC_GetSysClockFreq  stm32f4xx_hal_rcc.o
    0x08000b80   0x00000440   Code   RO          155    i.HAL_RCC_OscConfig  stm32f4xx_hal_rcc.o
    0x08000fc0   0x0000001c   Code   RO           95    i.HAL_SYSTICK_CLKSourceConfig  stm32f4xx_hal_cortex.o
    0x08000fdc   0x00000028   Code   RO           97    i.HAL_SYSTICK_Config  stm32f4xx_hal_cortex.o
    0x08001004   0x00000002   Code   RO         1160    i.HAL_TIMEx_BreakCallback  stm32f4xx_hal_tim_ex.o
    0x08001006   0x00000002   Code   RO         1161    i.HAL_TIMEx_CommutationCallback  stm32f4xx_hal_tim_ex.o
    0x08001008   0x00000066   Code   RO         1177    i.HAL_TIMEx_MasterConfigSynchronization  stm32f4xx_hal_tim_ex.o
    0x0800106e   0x00000038   Code   RO         1053    i.HAL_TIM_Base_Init  stm32f4xx_hal_tim.o
    0x080010a6   0x00000002   PAD
    0x080010a8   0x0000003c   Code   RO         1460    i.HAL_TIM_Base_MspInit  bsp_basictim.o
    0x080010e4   0x00000018   Code   RO         1058    i.HAL_TIM_Base_Start_IT  stm32f4xx_hal_tim.o
    0x080010fc   0x00000002   Code   RO         1082    i.HAL_TIM_IC_CaptureCallback  stm32f4xx_hal_tim.o
    0x080010fe   0x00000174   Code   RO         1095    i.HAL_TIM_IRQHandler  stm32f4xx_hal_tim.o
    0x08001272   0x00000002   Code   RO         1098    i.HAL_TIM_OC_DelayElapsedCallback  stm32f4xx_hal_tim.o
    0x08001274   0x00000002   Code   RO         1125    i.HAL_TIM_PWM_PulseFinishedCallback  stm32f4xx_hal_tim.o
    0x08001276   0x00000002   PAD
    0x08001278   0x00000024   Code   RO         1461    i.HAL_TIM_PeriodElapsedCallback  bsp_basictim.o
    0x0800129c   0x00000002   Code   RO         1136    i.HAL_TIM_TriggerCallback  stm32f4xx_hal_tim.o
    0x0800129e   0x00000064   Code   RO         1225    i.HAL_UART_Init     stm32f4xx_hal_uart.o
    0x08001302   0x00000002   Code   RO         1227    i.HAL_UART_MspInit  stm32f4xx_hal_uart.o
    0x08001304   0x000000dc   Code   RO         1233    i.HAL_UART_Transmit  stm32f4xx_hal_uart.o
    0x080013e0   0x0000004c   Code   RO           27    i.HardFault_Handler  stm32f4xx_it.o
    0x0800142c   0x000000bc   Code   RO         1481    i.InitHardUsart     bsp_usartx_fifo.o
    0x080014e8   0x000000b8   Code   RO         1472    i.KEY_GPIO_Init     bsp_key.o
    0x080015a0   0x00000010   Code   RO         1473    i.KeyCreate         bsp_key.o
    0x080015b0   0x0000000e   Code   RO         1475    i.Key_AccessTimes   bsp_key.o
    0x080015be   0x00000084   Code   RO         1476    i.Key_RefreshState  bsp_key.o
    0x08001642   0x00000002   PAD
    0x08001644   0x000000a0   Code   RO         1453    i.LED_GPIO_Init     bsp_led.o
    0x080016e4   0x00000002   Code   RO           28    i.MemManage_Handler  stm32f4xx_it.o
    0x080016e6   0x00000002   Code   RO           29    i.NMI_Handler       stm32f4xx_it.o
    0x080016e8   0x00000002   Code   RO           30    i.RCC_IRQHandler    stm32f4xx_it.o
    0x080016ea   0x0000000e   Code   RO           31    i.SysTick_Handler   stm32f4xx_it.o
    0x080016f8   0x0000009c   Code   RO           10    i.SystemClock_Config  main.o
    0x08001794   0x00000058   Code   RO         1446    i.SystemInit        system_stm32f4xx.o
    0x080017ec   0x0000000c   Code   RO           32    i.TIM6_DAC_IRQHandler  stm32f4xx_it.o
    0x080017f8   0x000000b4   Code   RO         1137    i.TIM_Base_SetConfig  stm32f4xx_hal_tim.o
    0x080018ac   0x0000000c   Code   RO         1482    i.UART5_IRQHandler  bsp_usartx_fifo.o
    0x080018b8   0x00000344   Code   RO         1252    i.UART_SetConfig    stm32f4xx_hal_uart.o
    0x08001bfc   0x00000078   Code   RO         1254    i.UART_WaitOnFlagUntilTimeout  stm32f4xx_hal_uart.o
    0x08001c74   0x00000002   Code   RO           33    i.UsageFault_Handler  stm32f4xx_it.o
    0x08001c76   0x00000046   Code   RO         1483    i.UsartGetChar      bsp_usartx_fifo.o
    0x08001cbc   0x000000e4   Code   RO         1484    i.UsartIRQ          bsp_usartx_fifo.o
    0x08001da0   0x00000088   Code   RO         1485    i.UsartSend         bsp_usartx_fifo.o
    0x08001e28   0x00000038   Code   RO         1486    i.UsartVarInit      bsp_usartx_fifo.o
    0x08001e60   0x0000000e   Code   RO         1487    i.Usart_FIFO_Init   bsp_usartx_fifo.o
    0x08001e6e   0x00000002   PAD
    0x08001e70   0x00000020   Code   RO         1731    i.__0printf$3       mc_w.l(printf3.o)
    0x08001e90   0x00000028   Code   RO         1733    i.__0sprintf$3      mc_w.l(printf3.o)
    0x08001eb8   0x0000000e   Code   RO         1847    i.__scatterload_copy  mc_w.l(handlers.o)
    0x08001ec6   0x00000002   Code   RO         1848    i.__scatterload_null  mc_w.l(handlers.o)
    0x08001ec8   0x0000000e   Code   RO         1849    i.__scatterload_zeroinit  mc_w.l(handlers.o)
    0x08001ed6   0x00000002   PAD
    0x08001ed8   0x000001b8   Code   RO         1738    i._printf_core      mc_w.l(printf3.o)
    0x08002090   0x0000000a   Code   RO         1740    i._sputc            mc_w.l(printf3.o)
    0x0800209a   0x00000002   PAD
    0x0800209c   0x00000024   Code   RO         1488    i.comGetChar        bsp_usartx_fifo.o
    0x080020c0   0x00000026   Code   RO         1489    i.comSendBuf        bsp_usartx_fifo.o
    0x080020e6   0x0000000e   Code   RO         1490    i.comSendChar       bsp_usartx_fifo.o
    0x080020f4   0x0000006c   Code   RO         1540    i.eTaskGetState     tasks.o
    0x08002160   0x00000010   Code   RO         1491    i.fputc             bsp_usartx_fifo.o
    0x08002170   0x00000022   Code   RO           11    i.main              main.o
    0x08002192   0x00000014   Code   RO         1642    i.osSystickHandler  cmsis_os.o
    0x080021a6   0x00000002   PAD
    0x080021a8   0x00000078   Code   RO         1542    i.prvAddCurrentTaskToDelayedList  tasks.o
    0x08002220   0x0000008c   Code   RO         1543    i.prvAddNewTaskToReadyList  tasks.o
    0x080022ac   0x00000058   Code   RO         1544    i.prvCheckTasksWaitingTermination  tasks.o
    0x08002304   0x00000014   Code   RO         1545    i.prvDeleteTCB      tasks.o
    0x08002318   0x00000050   Code   RO         1658    i.prvHeapInit       heap_4.o
    0x08002368   0x00000028   Code   RO         1546    i.prvIdleTask       tasks.o
    0x08002390   0x00000090   Code   RO         1547    i.prvInitialiseNewTask  tasks.o
    0x08002420   0x00000060   Code   RO         1548    i.prvInitialiseTaskLists  tasks.o
    0x08002480   0x0000005c   Code   RO         1659    i.prvInsertBlockIntoFreeList  heap_4.o
    0x080024dc   0x00000060   Code   RO         1549    i.prvListTasksWithinSingleList  tasks.o
    0x0800253c   0x00000024   Code   RO         1550    i.prvResetNextTaskUnblockTime  tasks.o
    0x08002560   0x00000018   Code   RO         1551    i.prvTaskCheckFreeStackSpace  tasks.o
    0x08002578   0x00000030   Code   RO         1668    i.prvTaskExitError  port.o
    0x080025a8   0x00000026   Code   RO         1553    i.prvWriteNameToBuffer  tasks.o
    0x080025ce   0x00000002   PAD
    0x080025d0   0x000000e4   Code   RO         1660    i.pvPortMalloc      heap_4.o
    0x080026b4   0x0000002c   Code   RO         1669    i.pxPortInitialiseStack  port.o
    0x080026e0   0x00000024   Code   RO         1505    i.uxListRemove      list.o
    0x08002704   0x000000b4   Code   RO         1557    i.uxTaskGetSystemState  tasks.o
    0x080027b8   0x00000016   Code   RO         1506    i.vListInitialise   list.o
    0x080027ce   0x00000006   Code   RO         1507    i.vListInitialiseItem  list.o
    0x080027d4   0x00000036   Code   RO         1508    i.vListInsert       list.o
    0x0800280a   0x00000018   Code   RO         1509    i.vListInsertEnd    list.o
    0x08002822   0x00000002   PAD
    0x08002824   0x00000040   Code   RO         1671    i.vPortEnterCritical  port.o
    0x08002864   0x0000002c   Code   RO         1672    i.vPortExitCritical  port.o
    0x08002890   0x0000005c   Code   RO         1661    i.vPortFree         heap_4.o
    0x080028ec   0x00000020   Code   RO         1673    i.vPortSetupTimerInterrupt  port.o
    0x0800290c   0x00000050   Code   RO         1562    i.vTaskDelay        tasks.o
    0x0800295c   0x0000007c   Code   RO         1566    i.vTaskGetInfo      tasks.o
    0x080029d8   0x000000d0   Code   RO         1567    i.vTaskGetRunTimeStats  tasks.o
    0x08002aa8   0x000000e8   Code   RO           12    i.vTaskLED1         main.o
    0x08002b90   0x000000c4   Code   RO         1568    i.vTaskList         tasks.o
    0x08002c54   0x00000078   Code   RO         1578    i.vTaskStartScheduler  tasks.o
    0x08002ccc   0x00000010   Code   RO         1580    i.vTaskSuspendAll   tasks.o
    0x08002cdc   0x0000007c   Code   RO         1581    i.vTaskSwitchContext  tasks.o
    0x08002d58   0x0000014c   Code   RO           13    i.vTaskTaskUserIF   main.o
    0x08002ea4   0x000000f4   Code   RO         1675    i.xPortStartScheduler  port.o
    0x08002f98   0x0000002c   Code   RO         1676    i.xPortSysTickHandler  port.o
    0x08002fc4   0x00000068   Code   RO         1583    i.xTaskCreate       tasks.o
    0x0800302c   0x0000001c   Code   RO         1587    i.xTaskGetSchedulerState  tasks.o
    0x08003048   0x000000d0   Code   RO         1590    i.xTaskIncrementTick  tasks.o
    0x08003118   0x000000cc   Code   RO         1596    i.xTaskResumeAll    tasks.o
    0x080031e4   0x00000010   Data   RO         1447    .constdata          system_stm32f4xx.o
    0x080031f4   0x00000008   Data   RO         1448    .constdata          system_stm32f4xx.o
    0x080031fc   0x00000020   Data   RO         1845    Region$$Table       anon$$obj.o


    Execution Region RW_IRAM1 (Base: 0x20000000, Size: 0x00009228, Max: 0x00020000, ABSOLUTE)

    Base Addr    Size         Type   Attr      Idx    E Section Name        Object

    0x20000000   0x00000018   Data   RW           14    .data               main.o
    0x20000018   0x00000004   Data   RW          200    .data               stm32f4xx_hal.o
    0x2000001c   0x00000004   Data   RW         1449    .data               system_stm32f4xx.o
    0x20000020   0x00000004   Data   RW         1463    .data               bsp_basictim.o
    0x20000024   0x00000001   Data   RW         1493    .data               bsp_usartx_fifo.o
    0x20000025   0x00000003   PAD
    0x20000028   0x00000044   Data   RW         1599    .data               tasks.o
    0x2000006c   0x00000018   Data   RW         1666    .data               heap_4.o
    0x20000084   0x0000000c   Data   RW         1677    .data               port.o
    0x20000090   0x00000004   Data   RW         1831    .data               mc_w.l(stdout.o)
    0x20000094   0x0000003c   Zero   RW         1462    .bss                bsp_basictim.o
    0x200000d0   0x00000868   Zero   RW         1492    .bss                bsp_usartx_fifo.o
    0x20000938   0x000000f0   Zero   RW         1598    .bss                tasks.o
    0x20000a28   0x00007800   Zero   RW         1665    .bss                heap_4.o
    0x20008228   0x00001000   Zero   RW            1    STACK               startup_stm32f407xx.o


==============================================================================

Image component sizes


      Code (inc. data)   RO Data    RW Data    ZI Data      Debug   Object Name

       156         24          0          4         60          0   bsp_basictim.o
       394         18          0          0          0          0   bsp_key.o
       160         14          0          0          0          0   bsp_led.o
       840         60          0          1       2152          0   bsp_usartx_fifo.o
        20          0          0          0          0          0   cmsis_os.o
       492         32          0         24      30720          0   heap_4.o
       142          0          0          0          0          0   list.o
      1090        538          0         24          0          0   main.o
       706         86          0         12          0          0   port.o
        36          8        392          0       4096          0   startup_stm32f407xx.o
       120         22          0          4          0          0   stm32f4xx_hal.o
       232         16          0          0          0          0   stm32f4xx_hal_cortex.o
       540         22          0          0          0          0   stm32f4xx_hal_gpio.o
       104          0          0          0          0          0   stm32f4xx_hal_msp.o
      1836         92          0          0          0          0   stm32f4xx_hal_rcc.o
       640         22          0          0          0          0   stm32f4xx_hal_tim.o
       106          0          0          0          0          0   stm32f4xx_hal_tim_ex.o
      1278         14          0          0          0          0   stm32f4xx_hal_uart.o
       114         54          0          0          0          0   stm32f4xx_it.o
        88         24         24          4          0          0   system_stm32f4xx.o
      2542        252          0         68        240          0   tasks.o

    ----------------------------------------------------------------------
     11656       1298        448        144      37268          0   Object Totals
         0          0         32          0          0          0   (incl. Generated)
        20          0          0          3          0          0   (incl. Padding)

    ----------------------------------------------------------------------

      Code (inc. data)   RO Data    RW Data    ZI Data      Debug   Library Member Name

         0          0          0          0          0          0   entry.o
         0          0          0          0          0          0   entry10a.o
         0          0          0          0          0          0   entry11a.o
         8          4          0          0          0          0   entry2.o
         4          0          0          0          0          0   entry5.o
         0          0          0          0          0          0   entry7b.o
         0          0          0          0          0          0   entry8b.o
         8          4          0          0          0          0   entry9a.o
        30          0          0          0          0          0   handlers.o
        36          8          0          0          0          0   init.o
        36          0          0          0          0          0   memseta.o
       522         20          0          0          0          0   printf3.o
         0          0          0          4          0          0   stdout.o
        18          0          0          0          0          0   strcpy.o
        14          0          0          0          0          0   strlen.o
        44          0          0          0          0          0   uidiv.o

    ----------------------------------------------------------------------
       724         36          0          4          0          0   Library Totals
         4          0          0          0          0          0   (incl. Padding)

    ----------------------------------------------------------------------

      Code (inc. data)   RO Data    RW Data    ZI Data      Debug   Library Name

       720         36          0          4          0          0   mc_w.l

    ----------------------------------------------------------------------
       724         36          0          4          0          0   Library Totals

    ----------------------------------------------------------------------

==============================================================================


      Code (inc. data)   RO Data    RW Data    ZI Data      Debug   

     12380       1334        448        148      37268          0   Grand Totals
     12380       1334        448        148      37268          0   ELF Image Totals
     12380       1334        448        148          0          0   ROM Totals

==============================================================================

    Total RO  Size (Code + RO Data)                12828 (  12.53kB)
    Total RW  Size (RW Data + ZI Data)             37416 (  36.54kB)
    Total ROM Size (Code + RO Data + RW Data)      12976 (  12.67kB)

==============================================================================

